###############################################################################
#
# IAR ELF Linker V3.10.1.201 for STM8                     01/Aug/2017  15:16:58
# Copyright 2010-2017 IAR Systems AB.
#
#    Output file  =  
#        E:\workspaceNew\FLEA_Firmware\03_workspace\Nguyen\STM8S103_Old\Project\Debug\Exe\bm.out
#    Map file     =  
#        E:\workspaceNew\FLEA_Firmware\03_workspace\Nguyen\STM8S103_Old\Project\Debug\List\bm.map
#    Command line =  
#        -f C:\Users\nhocn\AppData\Local\Temp\EW5493.tmp
#        (E:\workspaceNew\FLEA_Firmware\03_workspace\Nguyen\STM8S103_Old\Project\Debug\Obj\bh1750.o
#        E:\workspaceNew\FLEA_Firmware\03_workspace\Nguyen\STM8S103_Old\Project\Debug\Obj\ds1307.o
#        E:\workspaceNew\FLEA_Firmware\03_workspace\Nguyen\STM8S103_Old\Project\Debug\Obj\gpio.o
#        E:\workspaceNew\FLEA_Firmware\03_workspace\Nguyen\STM8S103_Old\Project\Debug\Obj\i2c.o
#        E:\workspaceNew\FLEA_Firmware\03_workspace\Nguyen\STM8S103_Old\Project\Debug\Obj\layerHardware.o
#        E:\workspaceNew\FLEA_Firmware\03_workspace\Nguyen\STM8S103_Old\Project\Debug\Obj\main.o
#        E:\workspaceNew\FLEA_Firmware\03_workspace\Nguyen\STM8S103_Old\Project\Debug\Obj\pwm.o
#        E:\workspaceNew\FLEA_Firmware\03_workspace\Nguyen\STM8S103_Old\Project\Debug\Obj\sht1x.o
#        E:\workspaceNew\FLEA_Firmware\03_workspace\Nguyen\STM8S103_Old\Project\Debug\Obj\stateMachine.o
#        E:\workspaceNew\FLEA_Firmware\03_workspace\Nguyen\STM8S103_Old\Project\Debug\Obj\stm8s_clk.o
#        E:\workspaceNew\FLEA_Firmware\03_workspace\Nguyen\STM8S103_Old\Project\Debug\Obj\stm8s_exti.o
#        E:\workspaceNew\FLEA_Firmware\03_workspace\Nguyen\STM8S103_Old\Project\Debug\Obj\stm8s_flash.o
#        E:\workspaceNew\FLEA_Firmware\03_workspace\Nguyen\STM8S103_Old\Project\Debug\Obj\stm8s_gpio.o
#        E:\workspaceNew\FLEA_Firmware\03_workspace\Nguyen\STM8S103_Old\Project\Debug\Obj\stm8s_i2c.o
#        E:\workspaceNew\FLEA_Firmware\03_workspace\Nguyen\STM8S103_Old\Project\Debug\Obj\stm8s_iwdg.o
#        E:\workspaceNew\FLEA_Firmware\03_workspace\Nguyen\STM8S103_Old\Project\Debug\Obj\stm8s_tim1.o
#        E:\workspaceNew\FLEA_Firmware\03_workspace\Nguyen\STM8S103_Old\Project\Debug\Obj\stm8s_tim2.o
#        E:\workspaceNew\FLEA_Firmware\03_workspace\Nguyen\STM8S103_Old\Project\Debug\Obj\stm8s_uart1.o
#        E:\workspaceNew\FLEA_Firmware\03_workspace\Nguyen\STM8S103_Old\Project\Debug\Obj\timer.o
#        E:\workspaceNew\FLEA_Firmware\03_workspace\Nguyen\STM8S103_Old\Project\Debug\Obj\uart.o
#        --redirect _Printf=_PrintfFullNoMb --redirect _Scanf=_ScanfFullNoMb -o
#        E:\workspaceNew\FLEA_Firmware\03_workspace\Nguyen\STM8S103_Old\Project\Debug\Exe\bm.out
#        --map
#        E:\workspaceNew\FLEA_Firmware\03_workspace\Nguyen\STM8S103_Old\Project\Debug\List\bm.map
#        --config E:\App\IAR\stm8\config\lnkstm8s103f3.icf --config_def
#        _CSTACK_SIZE=0x100 --config_def _HEAP_SIZE=0x100 --entry
#        __iar_program_start --debug_lib)
#
###############################################################################

*******************************************************************************
*** RUNTIME MODEL ATTRIBUTES
***

__SystemLibrary            = DLib
__code_model               = small
__core                     = stm8
__data_model               = medium
__dlib_file_descriptor     = 0
__dlib_full_locale_support = 0
__rt_version               = 4


*******************************************************************************
*** PLACEMENT SUMMARY
***

"A0":  place at start of [0x000000-0x0000ff] { rw section .vregs };
"A1":  place at end of [0x000000-0x0003ff] { block CSTACK };
"P2":  place in [from 0x000000 to 0x0003ff] {
          block HEAP, rw section __DLIB_PERTHREAD, rw section .far.bss,
          rw section .far.data, rw section .far.noinit,
          rw section .far_func.textrw, rw section .huge.bss,
          rw section .huge.data, rw section .huge.noinit,
          rw section .huge_func.textrw, rw section .iar.dynexit,
          rw section .near.bss, rw section .near.data, rw section .near.noinit,
          rw section .near_func.textrw };
"A2":  place at start of [0x008000-0x009fff] { block INTVEC };
"P3":  place in [from 0x008000 to 0x009fff] {
          ro section __DLIB_PERTHREAD_init, ro section .far.data_init,
          ro section .far_func.textrw_init, ro section .huge.data_init,
          ro section .huge_func.textrw_init, ro section .iar.init_table,
          ro section .init_array, ro section .near.data_init,
          ro section .near.rodata, ro section .near_func.text,
          ro section .near_func.textrw_init, ro section .tiny.data_init,
          ro section .tiny.rodata_init };
"P4":  place in [from 0x008000 to 0x009fff] {
          ro section .far.rodata, ro section .far_func.text };
"P5":  place in [from 0x008000 to 0x009fff] {
          ro section .huge.rodata, ro section .huge_func.text };
do not initialize {
   rw section .eeprom.noinit, rw section .far.noinit, rw section .huge.noinit,
   rw section .near.noinit, rw section .tiny.noinit, rw section .vregs };
initialize by copy {
   rw section .far.bss, rw section .far.data, rw section .far_func.textrw,
   rw section .huge.bss, rw section .huge.data, rw section .huge_func.textrw,
   rw section .iar.dynexit, rw section .near.bss, rw section .near.data,
   rw section .near_func.textrw, rw section .tiny.bss, rw section .tiny.data,
   ro section .tiny.rodata };

  Section            Kind      Address    Size  Object
  -------            ----      -------    ----  ------
"A0":                                     0x10
  .vregs             uninit   0x000000    0x10  vregs.o [4]
                            - 0x000010    0x10

"P2", part 1 of 2:                         0xe
  P2-1                        0x000010     0xe  <Init block>
    .near.data       inited   0x000010     0xd  stateMachine.o [1]
    .near.data       inited   0x00001d     0x1  uart.o [1]
                            - 0x00001e     0xe

"P2", part 2 of 2:                       0x116
  .near.bss          zero     0x00001e   0x100  uart.o [1]
  .near.bss          zero     0x00011e     0xc  stateMachine.o [1]
  .near.bss          zero     0x00012a     0x4  layerHardware.o [1]
  .near.bss          zero     0x00012e     0x4  stateMachine.o [1]
  .near.bss          zero     0x000132     0x1  stateMachine.o [1]
  .near.bss          zero     0x000133     0x1  uart.o [1]
                            - 0x000134   0x116

"A1":                                    0x100
  CSTACK                      0x000300   0x100  <Block>
    CSTACK           uninit   0x000300   0x100  <Block tail>
                            - 0x000400   0x100

"A2":                                     0x80
  INTVEC                      0x008000    0x80  <Block>
    .intvec          const    0x008000    0x80  interrupt.o [4]
                            - 0x008080    0x80

"P3-P5":                                0x19e9
  .near_func.text    ro code  0x008080   0x2ca  float.o [4]
  .near_func.text    ro code  0x00834a   0x226  stm8s_uart1.o [1]
  .near_func.text    ro code  0x008570   0x143  long.o [4]
  .near_func.text    ro code  0x0086b3   0x119  vreg_util.o [4]
  .near_func.text    ro code  0x0087cc   0x10e  stm8s_gpio.o [1]
  .near_func.text    ro code  0x0088da    0xf8  sht1x.o [1]
  .near_func.text    ro code  0x0089d2    0xdb  stm8s_clk.o [1]
  .near_func.text    ro code  0x008aad    0xd4  sht1x.o [1]
  .near_func.text    ro code  0x008b81    0xcc  stm8s_uart1.o [1]
  .near_func.text    ro code  0x008c4d    0xab  stm8s_uart1.o [1]
  .near_func.text    ro code  0x008cf8    0x8b  stm8s_clk.o [1]
  .near_func.text    ro code  0x008d83    0x85  stateMachine.o [1]
  .near_func.text    ro code  0x008e08    0x7b  stm8s_clk.o [1]
  .near_func.text    ro code  0x008e83    0x6d  stateMachine.o [1]
  .near_func.text    ro code  0x008ef0    0x65  long_util.o [4]
  .near_func.text    ro code  0x008f55    0x62  layerHardware.o [1]
  .near_func.text    ro code  0x008fb7    0x61  sht1x.o [1]
  .near_func.text    ro code  0x009018    0x5f  stateMachine.o [1]
  .near.rodata       const    0x009077    0x5b  stm8s_flash.o [1]
  .near.rodata       const    0x0090d2    0x5b  stm8s_uart1.o [1]
  .near.rodata       const    0x00912d    0x5a  stm8s_gpio.o [1]
  .near.rodata       const    0x009187    0x5a  stm8s_tim2.o [1]
  .near.rodata       const    0x0091e1    0x59  stm8s_clk.o [1]
  .near_func.text    ro code  0x00923a    0x59  sht1x.o [1]
  .near_func.text    ro code  0x009293    0x59  stm8s_tim2.o [1]
  .near_func.text    ro code  0x0092ec    0x54  sht1x.o [1]
  .near_func.text    ro code  0x009340    0x52  stm8s_tim2.o [1]
  .near_func.text    ro code  0x009392    0x4f  stm8s_clk.o [1]
  .near_func.text    ro code  0x0093e1    0x4b  stateMachine.o [1]
  .near_func.text    ro code  0x00942c    0x49  sht1x.o [1]
  .near_func.text    ro code  0x009475    0x43  sht1x.o [1]
  .near_func.text    ro code  0x0094b8    0x43  stateMachine.o [1]
  .near_func.text    ro code  0x0094fb    0x42  uart.o [1]
  .near_func.text    ro code  0x00953d    0x3d  stm8s_clk.o [1]
  .near_func.text    ro code  0x00957a    0x3b  stm8s_flash.o [1]
  .near_func.text    ro code  0x0095b5    0x39  layerHardware.o [1]
  .near_func.text    ro code  0x0095ee    0x36  stm8s_clk.o [1]
  .near_func.text    ro code  0x009624    0x35  stm8s_uart1.o [1]
  .near_func.text    ro code  0x009659    0x35  uart.o [1]
  .near_func.text    ro code  0x00968e    0x2f  stm8s_clk.o [1]
  .near_func.text    ro code  0x0096bd    0x2f  stm8s_tim2.o [1]
  .near_func.text    ro code  0x0096ec    0x2d  stm8s_uart1.o [1]
  .near_func.text    ro code  0x009719    0x29  gpio.o [1]
  .near_func.text    ro code  0x009742    0x28  init_small.o [4]
  .near_func.text    ro code  0x00976a    0x27  layerHardware.o [1]
  .near_func.text    ro code  0x009791    0x27  stateMachine.o [1]
  .near_func.text    ro code  0x0097b8    0x27  stm8s_tim2.o [1]
  .near_func.text    ro code  0x0097df    0x25  dc_util.o [4]
  .near_func.text    ro code  0x009804    0x23  gpio.o [1]
  .near_func.text    ro code  0x009827    0x23  uart.o [1]
  .near_func.text    ro code  0x00984a    0x21  main.o [1]
  .near_func.text    ro code  0x00986b    0x21  stateMachine.o [1]
  .iar.init_table    const    0x00988c    0x12  - Linker created -
  .near_func.text    ro code  0x00989e    0x20  timer.o [1]
  .near_func.text    ro code  0x0098be    0x20  uart.o [1]
  .near_func.text    ro code  0x0098de    0x1f  uart.o [1]
  .near_func.text    ro code  0x0098fd    0x1e  init_small.o [4]
  .near_func.text    ro code  0x00991b    0x1d  gpio.o [1]
  .near_func.text    ro code  0x009938    0x1d  stateMachine.o [1]
  .near_func.text    ro code  0x009955    0x1c  stateMachine.o [1]
  .near_func.text    ro code  0x009971    0x1a  stateMachine.o [1]
  .near_func.text    ro code  0x00998b    0x18  uart.o [1]
  .near_func.text    ro code  0x0099a3    0x14  init.o [4]
  .near_func.text    ro code  0x0099b7    0x14  __dbg_xxexit.o [3]
  .near_func.text    ro code  0x0099cb    0x13  cstartup.o [4]
  .near_func.text    ro code  0x0099de    0x10  stm8s_tim2.o [1]
  .near_func.text    ro code  0x0099ee     0xe  stm8s_uart1.o [1]
  Initializer bytes  const    0x0099fc     0xe  <for P2-1>
  .near_func.text    ro code  0x009a0a     0xd  short.o [4]
  .near_func.text    ro code  0x009a17     0xb  sht1x.o [1]
  .near_func.text    ro code  0x009a22     0xa  timer.o [1]
  .near_func.text    ro code  0x009a2c     0x8  stm8s_gpio.o [1]
  .near_func.text    ro code  0x009a34     0x7  layerHardware.o [1]
  .near_func.text    ro code  0x009a3b     0x7  stm8s_gpio.o [1]
  .near_func.text    ro code  0x009a42     0x7  stm8s_gpio.o [1]
  .near_func.text    ro code  0x009a49     0x5  cexit.o [4]
  .near.rodata       const    0x009a4e     0x4  stm8s_clk.o [1]
  .near_func.text    ro code  0x009a52     0x4  stm8s_uart1.o [1]
  .near_func.text    ro code  0x009a56     0x4  stm8s_uart1.o [1]
  .near_func.text    ro code  0x009a5a     0x3  interrupt.o [4]
  .near_func.text    ro code  0x009a5d     0x3  low_level_init.o [4]
  .near_func.text    ro code  0x009a60     0x3  exit.o [4]
  .near_func.text    ro code  0x009a63     0x3  unhandled_exception.o [4]
  .near_func.text    ro code  0x009a66     0x1  main.o [1]
  .near_func.text    ro code  0x009a67     0x1  stateMachine.o [1]
  .near_func.text    ro code  0x009a68     0x1  __dbg_break.o [3]
                            - 0x009a69  0x19e9


*******************************************************************************
*** INIT TABLE
***

          Address   Size
          -------   ----
Zero (__iar_zero_init2)
    1 destination range, total size 0x116:
          0x00001e  0x116

Copy (__iar_copy_init2)
    1 source range, total size 0xe:
          0x0099fc    0xe
    1 destination range, total size 0xe:
          0x000010    0xe



*******************************************************************************
*** MODULE SUMMARY
***

    Module                 ro code  ro data  rw data
    ------                 -------  -------  -------
E:\workspaceNew\FLEA_Firmware\03_workspace\Nguyen\STM8S103_Old\Project\Debug\Obj: [1]
    gpio.o                     105
    layerHardware.o            201                 4
    main.o                      34
    sht1x.o                    881
    stateMachine.o             635       13       30
    stm8s_clk.o                722       93
    stm8s_flash.o               59       91
    stm8s_gpio.o               292       90
    stm8s_tim2.o               273       90
    stm8s_uart1.o            1 045       91
    timer.o                     42
    uart.o                     241        1      258
    ------------------------------------------------
    Total:                   4 530      469      292

command line: [2]
    ------------------------------------------------
    Total:

dbgstm8smd.a: [3]
    __dbg_break.o                1
    __dbg_xxexit.o              20
    ------------------------------------------------
    Total:                      21

dlstm8smn.a: [4]
    cexit.o                      5
    cstartup.o                  19
    dc_util.o                   37
    exit.o                       3
    float.o                    714
    init.o                      20
    init_small.o                70
    interrupt.o                  3      128
    long.o                     323
    long_util.o                101
    low_level_init.o             3
    short.o                     13
    unhandled_exception.o        3
    vreg_util.o                281
    vregs.o                                       16
    ------------------------------------------------
    Total:                   1 595      128       16

    Linker created                       18      256
----------------------------------------------------
    Grand Total:             6 146      615      564


*******************************************************************************
*** ENTRY LIST
***

Entry                    Address   Size  Type      Object
-----                    -------   ----  ----      ------
.iar.init_table$$Base   0x00988c          --   Gb  - Linker created -
.iar.init_table$$Limit  0x00989e          --   Gb  - Linker created -
?b0                     0x000000         Data  Gb  vregs.o [4]
?b1                     0x000001         Data  Gb  vregs.o [4]
?b10                    0x00000a         Data  Gb  vregs.o [4]
?b11                    0x00000b         Data  Gb  vregs.o [4]
?b12                    0x00000c         Data  Gb  vregs.o [4]
?b13                    0x00000d         Data  Gb  vregs.o [4]
?b14                    0x00000e         Data  Gb  vregs.o [4]
?b15                    0x00000f         Data  Gb  vregs.o [4]
?b2                     0x000002         Data  Gb  vregs.o [4]
?b3                     0x000003         Data  Gb  vregs.o [4]
?b4                     0x000004         Data  Gb  vregs.o [4]
?b5                     0x000005         Data  Gb  vregs.o [4]
?b6                     0x000006         Data  Gb  vregs.o [4]
?b7                     0x000007         Data  Gb  vregs.o [4]
?b8                     0x000008         Data  Gb  vregs.o [4]
?b9                     0x000009         Data  Gb  vregs.o [4]
?dc32_l0                0x0097df         Code  Gb  dc_util.o [4]
?dc32_l1                0x0097ec         Code  Gb  dc_util.o [4]
?dc32_px                0x0097f9         Code  Gb  dc_util.o [4]
?e0                     0x000001         Data  Gb  vregs.o [4]
?e1                     0x000005         Data  Gb  vregs.o [4]
?e2                     0x000009         Data  Gb  vregs.o [4]
?e3                     0x00000d         Data  Gb  vregs.o [4]
?epilogue_l2            0x00874e         Code  Gb  vreg_util.o [4]
?epilogue_l2_l3         0x00874b         Code  Gb  vreg_util.o [4]
?epilogue_l2_w6         0x008752         Code  Gb  vreg_util.o [4]
?epilogue_w4            0x008759         Code  Gb  vreg_util.o [4]
?fadd32_l0_l0_dc32      0x00809d         Code  Gb  float.o [4]
?fadd32_l0_l0_l1        0x0080a2         Code  Gb  float.o [4]
?fcastf32u16_l0_x       0x00820a         Code  Gb  float.o [4]
?fcasts16f32_x_l0       0x008228         Code  Gb  float.o [4]
?fmul32_l0_l0_dc32      0x008170         Code  Gb  float.o [4]
?fmul32_l0_l0_l1        0x008175         Code  Gb  float.o [4]
?inc32_0x_0x            0x00857a         Code  Gb  long.o [4]
?inc32_l0_l0            0x008570         Code  Gb  long.o [4]
?inc32_l2_l2            0x008575         Code  Gb  long.o [4]
?l0                     0x000000         Data  Gb  vregs.o [4]
?l1                     0x000004         Data  Gb  vregs.o [4]
?l2                     0x000008         Data  Gb  vregs.o [4]
?l3                     0x00000c         Data  Gb  vregs.o [4]
?load32_0x_l0           0x008f39         Code  Gb  long_util.o [4]
?load32_0x_l2           0x008f47         Code  Gb  long_util.o [4]
?load32_asp_l0          0x008f2d         Code  Gb  long_util.o [4]
?load32_dbsp_l0         0x008f28         Code  Gb  long_util.o [4]
?load32_l0_0x           0x008f00         Code  Gb  long_util.o [4]
?load32_l0_asp          0x008ef5         Code  Gb  long_util.o [4]
?load32_l0_dbsp         0x008ef0         Code  Gb  long_util.o [4]
?load32_l0_xsp          0x008ef7         Code  Gb  long_util.o [4]
?load32_l1_0x           0x008f1c         Code  Gb  long_util.o [4]
?load32_l1_asp          0x008f11         Code  Gb  long_util.o [4]
?load32_l1_dbsp         0x008f0c         Code  Gb  long_util.o [4]
?load32_l1_xsp          0x008f13         Code  Gb  long_util.o [4]
?load32_xsp_l0          0x008f2f         Code  Gb  long_util.o [4]
?mov_e0_e1              0x008767         Code  Gb  vreg_util.o [4]
?mov_e0_e2              0x008774         Code  Gb  vreg_util.o [4]
?mov_e0_e3              0x008781         Code  Gb  vreg_util.o [4]
?mov_e1_e0              0x00878e         Code  Gb  vreg_util.o [4]
?mov_e1_e2              0x00879b         Code  Gb  vreg_util.o [4]
?mov_e1_e3              0x0087a8         Code  Gb  vreg_util.o [4]
?mov_e2_e0              0x0087b5         Code  Gb  vreg_util.o [4]
?mov_e3_e0              0x0087c2         Code  Gb  vreg_util.o [4]
?mov_l0_l1              0x008764         Code  Gb  vreg_util.o [4]
?mov_l0_l2              0x008771         Code  Gb  vreg_util.o [4]
?mov_l0_l3              0x00877e         Code  Gb  vreg_util.o [4]
?mov_l1_l0              0x00878b         Code  Gb  vreg_util.o [4]
?mov_l1_l2              0x008798         Code  Gb  vreg_util.o [4]
?mov_l1_l3              0x0087a5         Code  Gb  vreg_util.o [4]
?mov_l2_l0              0x0087b2         Code  Gb  vreg_util.o [4]
?mov_l3_l0              0x0087bf         Code  Gb  vreg_util.o [4]
?mov_w1_w3              0x00876a         Code  Gb  vreg_util.o [4]
?mov_w1_w5              0x008777         Code  Gb  vreg_util.o [4]
?mov_w1_w7              0x008784         Code  Gb  vreg_util.o [4]
?mov_w3_w1              0x008791         Code  Gb  vreg_util.o [4]
?mov_w3_w5              0x00879e         Code  Gb  vreg_util.o [4]
?mov_w3_w7              0x0087ab         Code  Gb  vreg_util.o [4]
?mov_w5_w1              0x0087b8         Code  Gb  vreg_util.o [4]
?mov_w5_w4              0x00875d         Code  Gb  vreg_util.o [4]
?mov_w7_w1              0x0087c5         Code  Gb  vreg_util.o [4]
?mul32_l0_l0_0x         0x0085a6         Code  Gb  long.o [4]
?mul32_l0_l0_dl         0x0085a3         Code  Gb  long.o [4]
?mul32_l0_l0_l1         0x0085af         Code  Gb  long.o [4]
?pop_l0                 0x008717         Code  Gb  vreg_util.o [4]
?pop_l1                 0x008722         Code  Gb  vreg_util.o [4]
?pop_l2                 0x00872d         Code  Gb  vreg_util.o [4]
?pop_l3                 0x008738         Code  Gb  vreg_util.o [4]
?pop_w4                 0x0086d0         Code  Gb  vreg_util.o [4]
?pop_w6                 0x0086d7         Code  Gb  vreg_util.o [4]
?push_l0                0x0086e6         Code  Gb  vreg_util.o [4]
?push_l1                0x0086eb         Code  Gb  vreg_util.o [4]
?push_l2                0x0086f0         Code  Gb  vreg_util.o [4]
?push_l3                0x0086f5         Code  Gb  vreg_util.o [4]
?push_w4                0x0086b3         Code  Gb  vreg_util.o [4]
?push_w6                0x0086b8         Code  Gb  vreg_util.o [4]
?sll16_x_x_a            0x009a0a         Code  Gb  short.o [4]
?sll32_0x_0x_a          0x0086a5         Code  Gb  long.o [4]
?sll32_l0_l0_a          0x0086a2         Code  Gb  long.o [4]
?srl16_x_x_4            0x009a12         Code  Gb  short.o [4]
?sub32_l0_l0_0x         0x00858b         Code  Gb  long.o [4]
?sub32_l0_l0_l1         0x008588         Code  Gb  long.o [4]
?udiv32_l0_dl_l1        0x00862d         Code  Gb  long.o [4]
?udiv32_l0_l0_dl        0x008632         Code  Gb  long.o [4]
?udiv32_l0_l0_l1        0x008635         Code  Gb  long.o [4]
?umod32_l1_l0_l1        0x008635         Code  Gb  long.o [4]
?w0                     0x000000         Data  Gb  vregs.o [4]
?w1                     0x000002         Data  Gb  vregs.o [4]
?w2                     0x000004         Data  Gb  vregs.o [4]
?w3                     0x000006         Data  Gb  vregs.o [4]
?w4                     0x000008         Data  Gb  vregs.o [4]
?w5                     0x00000a         Data  Gb  vregs.o [4]
?w6                     0x00000c         Data  Gb  vregs.o [4]
?w7                     0x00000e         Data  Gb  vregs.o [4]
CLK_AdjustHSICalibrationValue
                        0x009392   0x4f  Code  Gb  stm8s_clk.o [1]
CLK_DeInit              0x0095ee   0x36  Code  Gb  stm8s_clk.o [1]
CLK_GetClockFreq        0x008e08   0x7b  Code  Gb  stm8s_clk.o [1]
CLK_HSICmd              0x00968e   0x2f  Code  Gb  stm8s_clk.o [1]
CLK_HSIPrescalerConfig  0x00953d   0x3d  Code  Gb  stm8s_clk.o [1]
CLK_PeripheralClockConfig
                        0x0089d2   0xdb  Code  Gb  stm8s_clk.o [1]
CLK_SYSCLKConfig        0x008cf8   0x8b  Code  Gb  stm8s_clk.o [1]
CSTACK$$Base            0x000300          --   Gb  - Linker created -
CSTACK$$Limit           0x000400          --   Gb  - Linker created -
FLASH_Unlock            0x00957a   0x3b  Code  Gb  stm8s_flash.o [1]
GPIO_Init               0x0087cc  0x10e  Code  Gb  stm8s_gpio.o [1]
GPIO_ReadInputPin       0x009a42    0x7  Code  Gb  stm8s_gpio.o [1]
GPIO_WriteHigh          0x009a3b    0x7  Code  Gb  stm8s_gpio.o [1]
GPIO_WriteLow           0x009a2c    0x8  Code  Gb  stm8s_gpio.o [1]
HSIDivFactor            0x009a4e    0x4  Data  Gb  stm8s_clk.o [1]
INTVEC$$Base            0x008000          --   Gb  - Linker created -
INTVEC$$Limit           0x008080          --   Gb  - Linker created -
Region$$Table$$Base     0x00988c          --   Gb  - Linker created -
Region$$Table$$Limit    0x00989e          --   Gb  - Linker created -
TIM2_ClearITPendingBit  0x0097b8   0x27  Code  Gb  stm8s_tim2.o [1]
TIM2_Cmd                0x0096bd   0x2f  Code  Gb  stm8s_tim2.o [1]
TIM2_DeInit             0x009293   0x59  Code  Gb  stm8s_tim2.o [1]
TIM2_ITConfig           0x009340   0x52  Code  Gb  stm8s_tim2.o [1]
TIM2_TimeBaseInit       0x0099de   0x10  Code  Gb  stm8s_tim2.o [1]
UART1_ClearITPendingBit
                        0x009624   0x35  Code  Gb  stm8s_uart1.o [1]
UART1_Cmd               0x0099ee    0xe  Code  Gb  stm8s_uart1.o [1]
UART1_DeInit            0x0096ec   0x2d  Code  Gb  stm8s_uart1.o [1]
UART1_GetFlagStatus     0x008c4d   0xab  Code  Gb  stm8s_uart1.o [1]
UART1_ITConfig          0x008b81   0xcc  Code  Gb  stm8s_uart1.o [1]
UART1_Init              0x00834a  0x226  Code  Gb  stm8s_uart1.o [1]
UART1_ReceiveData8      0x009a52    0x4  Code  Gb  stm8s_uart1.o [1]
UART1_SendData8         0x009a56    0x4  Code  Gb  stm8s_uart1.o [1]
__DebugBreak            0x009a68    0x1  Code  Gb  __dbg_break.o [3]
__exit                  0x0099b7   0x14  Code  Gb  __dbg_xxexit.o [3]
__iar_copy_init2        0x009742         Code  Gb  init_small.o [4]
__iar_data_init2        0x0099a3   0x14  Code  Gb  init.o [4]
__iar_program_start     0x0099cb         Code  Gb  cstartup.o [4]
__iar_unhandled_exception
                        0x009a63         Code  Gb  unhandled_exception.o [4]
__iar_zero_init2        0x0098fd         Code  Gb  init_small.o [4]
__intvec                0x008000         Data  Gb  interrupt.o [4]
__low_level_init        0x009a5d    0x3  Code  Gb  low_level_init.o [4]
_exit                   0x009a49         Code  Gb  cexit.o [4]
_interrupt_15           0x00976a         Code  Gb  layerHardware.o [1]
_interrupt_20           0x0094fb         Code  Gb  uart.o [1]
assert_failed           0x009a66    0x1  Code  Gb  main.o [1]
cmdDo                   0x00986b   0x21  Code  Gb  stateMachine.o [1]
cmdDoDim                0x008d83   0x85  Code  Gb  stateMachine.o [1]
cmdDoStatus             0x008e83   0x6d  Code  Gb  stateMachine.o [1]
cmdDoStatusOne          0x009791   0x27  Code  Gb  stateMachine.o [1]
cmdFrameClear           0x009938   0x1d  Code  Gb  stateMachine.o [1]
cmdGet                  0x009018   0x5f  Code  Gb  stateMachine.o [1]
deviceGetStatus         0x008f55   0x62  Code  Gb  layerHardware.o [1]
deviceInit              0x0095b5   0x39  Code  Gb  layerHardware.o [1]
exit                    0x009a60    0x3  Code  Gb  exit.o [4]
frameReceiveBuffer      0x00011e    0xc  Data  Gb  stateMachine.o [1]
frameTransmitBuffer     0x000010    0xd  Data  Gb  stateMachine.o [1]
gBufferUART             0x00001e  0x100  Data  Gb  uart.o [1]
gState                  0x000132    0x1  Data  Lc  stateMachine.o [1]
gTimerSecond            0x00012a    0x4  Data  Gb  layerHardware.o [1]
gpioPinMode             0x00991b   0x1d  Code  Gb  gpio.o [1]
gpioReadPin             0x009804   0x23  Code  Gb  gpio.o [1]
gpioWritePin            0x009719   0x29  Code  Gb  gpio.o [1]
main                    0x00984a   0x21  Code  Gb  main.o [1]
pBufferUARTRead         0x000133    0x1  Data  Gb  uart.o [1]
pBufferUARTWrite        0x00001d    0x1  Data  Gb  uart.o [1]
shtCheckACK             0x009475   0x43  Code  Gb  sht1x.o [1]
shtCmd                  0x0092ec   0x54  Code  Gb  sht1x.o [1]
shtInit                 0x009a17    0xb  Code  Gb  sht1x.o [1]
shtReadHumid            0x008aad   0xd4  Code  Gb  sht1x.o [1]
shtReadRaw              0x0088da   0xf8  Code  Gb  sht1x.o [1]
shtReadTemp             0x008fb7   0x61  Code  Gb  sht1x.o [1]
shtStart                0x00923a   0x59  Code  Gb  sht1x.o [1]
shtWaitConvert          0x00942c   0x49  Code  Gb  sht1x.o [1]
stateIdle               0x009a67    0x1  Code  Gb  stateMachine.o [1]
stateMachine            0x009955   0x1c  Code  Gb  stateMachine.o [1]
stateSensor             0x0093e1   0x4b  Code  Gb  stateMachine.o [1]
stateUART               0x009971   0x1a  Code  Gb  stateMachine.o [1]
stateUpdate             0x0094b8   0x43  Code  Gb  stateMachine.o [1]
stateUpdate::timeSensor
                        0x00012e    0x4  Data  Lc  stateMachine.o [1]
timerGetSecond          0x009a34    0x7  Code  Gb  layerHardware.o [1]
timerInit               0x00989e   0x20  Code  Gb  timer.o [1]
timerInt                0x00976a   0x27  Code  Gb  layerHardware.o [1]
timerIntEnable          0x009a22    0xa  Code  Gb  timer.o [1]
uartAvailable           0x0098de   0x1f  Code  Gb  uart.o [1]
uartInit                0x009659   0x35  Code  Gb  uart.o [1]
uartRead                0x0098be   0x20  Code  Gb  uart.o [1]
uartRxIntHandler        0x0094fb   0x42  Code  Gb  uart.o [1]
uartWrite               0x009827   0x23  Code  Gb  uart.o [1]
uartWriteByte           0x00998b   0x18  Code  Gb  uart.o [1]


[1] = E:\workspaceNew\FLEA_Firmware\03_workspace\Nguyen\STM8S103_Old\Project\Debug\Obj
[2] = command line
[3] = dbgstm8smd.a
[4] = dlstm8smn.a

  6 146 bytes of readonly  code memory
    615 bytes of readonly  data memory
    564 bytes of readwrite data memory

Errors: none
Warnings: none
