###############################################################################
#
# IAR ELF Linker V3.10.1.201 for STM8                     08/Aug/2017  20:36:58
# Copyright 2010-2017 IAR Systems AB.
#
#    Output file  =  E:\workspaceNew\STM8S103\1_Project\Debug\Exe\STM8S103.out
#    Map file     =  E:\workspaceNew\STM8S103\1_Project\Debug\List\STM8S103.map
#    Command line =  
#        -f C:\Users\nhocn\AppData\Local\Temp\EW6399.tmp
#        (E:\workspaceNew\STM8S103\1_Project\Debug\Obj\button.o
#        E:\workspaceNew\STM8S103\1_Project\Debug\Obj\device.o
#        E:\workspaceNew\STM8S103\1_Project\Debug\Obj\ds1307.o
#        E:\workspaceNew\STM8S103\1_Project\Debug\Obj\eeprom.o
#        E:\workspaceNew\STM8S103\1_Project\Debug\Obj\gpio.o
#        E:\workspaceNew\STM8S103\1_Project\Debug\Obj\i2c.o
#        E:\workspaceNew\STM8S103\1_Project\Debug\Obj\main.o
#        E:\workspaceNew\STM8S103\1_Project\Debug\Obj\rtc.o
#        E:\workspaceNew\STM8S103\1_Project\Debug\Obj\serialProtocol.o
#        E:\workspaceNew\STM8S103\1_Project\Debug\Obj\sht1x.o
#        E:\workspaceNew\STM8S103\1_Project\Debug\Obj\StateMachine.o
#        E:\workspaceNew\STM8S103\1_Project\Debug\Obj\stm8s_clk.o
#        E:\workspaceNew\STM8S103\1_Project\Debug\Obj\stm8s_flash.o
#        E:\workspaceNew\STM8S103\1_Project\Debug\Obj\stm8s_gpio.o
#        E:\workspaceNew\STM8S103\1_Project\Debug\Obj\stm8s_i2c.o
#        E:\workspaceNew\STM8S103\1_Project\Debug\Obj\stm8s_iwdg.o
#        E:\workspaceNew\STM8S103\1_Project\Debug\Obj\stm8s_tim2.o
#        E:\workspaceNew\STM8S103\1_Project\Debug\Obj\stm8s_uart1.o
#        E:\workspaceNew\STM8S103\1_Project\Debug\Obj\timer.o
#        E:\workspaceNew\STM8S103\1_Project\Debug\Obj\uart.o --redirect
#        _Printf=_PrintfSmall --redirect _Scanf=_ScanfSmall -o
#        E:\workspaceNew\STM8S103\1_Project\Debug\Exe\STM8S103.out --map
#        E:\workspaceNew\STM8S103\1_Project\Debug\List\STM8S103.map --config
#        E:\App\IAR\stm8\config\lnkstm8s103f3.icf --config_def
#        _CSTACK_SIZE=0x100 --config_def _HEAP_SIZE=0x100 --entry
#        __iar_program_start --debug_lib)
#
###############################################################################

*******************************************************************************
*** RUNTIME MODEL ATTRIBUTES
***

__SystemLibrary            = DLib
__code_model               = small
__core                     = stm8
__data_model               = medium
__dlib_file_descriptor     = 0
__dlib_full_locale_support = 0
__rt_version               = 4


*******************************************************************************
*** PLACEMENT SUMMARY
***

"A0":  place at start of [0x000000-0x0000ff] { rw section .vregs };
"A1":  place at end of [0x000000-0x0003ff] { block CSTACK };
"P2":  place in [from 0x000000 to 0x0003ff] {
          block HEAP, rw section __DLIB_PERTHREAD, rw section .far.bss,
          rw section .far.data, rw section .far.noinit,
          rw section .far_func.textrw, rw section .huge.bss,
          rw section .huge.data, rw section .huge.noinit,
          rw section .huge_func.textrw, rw section .iar.dynexit,
          rw section .near.bss, rw section .near.data, rw section .near.noinit,
          rw section .near_func.textrw };
"A2":  place at start of [0x008000-0x009fff] { block INTVEC };
"P3":  place in [from 0x008000 to 0x009fff] {
          ro section __DLIB_PERTHREAD_init, ro section .far.data_init,
          ro section .far_func.textrw_init, ro section .huge.data_init,
          ro section .huge_func.textrw_init, ro section .iar.init_table,
          ro section .init_array, ro section .near.data_init,
          ro section .near.rodata, ro section .near_func.text,
          ro section .near_func.textrw_init, ro section .tiny.data_init,
          ro section .tiny.rodata_init };
"P4":  place in [from 0x008000 to 0x009fff] {
          ro section .far.rodata, ro section .far_func.text };
"P5":  place in [from 0x008000 to 0x009fff] {
          ro section .huge.rodata, ro section .huge_func.text };
do not initialize {
   rw section .eeprom.noinit, rw section .far.noinit, rw section .huge.noinit,
   rw section .near.noinit, rw section .tiny.noinit, rw section .vregs };
initialize by copy {
   rw section .far.bss, rw section .far.data, rw section .far_func.textrw,
   rw section .huge.bss, rw section .huge.data, rw section .huge_func.textrw,
   rw section .iar.dynexit, rw section .near.bss, rw section .near.data,
   rw section .near_func.textrw, rw section .tiny.bss, rw section .tiny.data,
   ro section .tiny.rodata };

  Section            Kind      Address    Size  Object
  -------            ----      -------    ----  ------
"A0":                                     0x10
  .vregs             uninit   0x000000    0x10  vregs.o [4]
                            - 0x000010    0x10

"P2", part 1 of 2:                         0x3
  P2-1                        0x000010     0x3  <Init block>
    .near.data       inited   0x000010     0x2  StateMachine.o [1]
    .near.data       inited   0x000012     0x1  uart.o [1]
                            - 0x000013     0x3

"P2", part 2 of 2:                        0x9d
  .near.bss          zero     0x000013    0x80  uart.o [1]
  .near.bss          zero     0x000093     0xb  StateMachine.o [1]
  .near.bss          zero     0x00009e     0x4  rtc.o [1]
  .near.bss          zero     0x0000a2     0x4  rtc.o [1]
  .near.bss          zero     0x0000a6     0x4  StateMachine.o [1]
  .near.bss          zero     0x0000aa     0x2  rtc.o [1]
  .near.bss          zero     0x0000ac     0x1  rtc.o [1]
  .near.bss          zero     0x0000ad     0x1  rtc.o [1]
  .near.bss          zero     0x0000ae     0x1  rtc.o [1]
  .near.bss          zero     0x0000af     0x1  uart.o [1]
                            - 0x0000b0    0x9d

"A1":                                    0x100
  CSTACK                      0x000300   0x100  <Block>
    CSTACK           uninit   0x000300   0x100  <Block tail>
                            - 0x000400   0x100

"A2":                                     0x80
  INTVEC                      0x008000    0x80  <Block>
    .intvec          const    0x008000    0x80  interrupt.o [4]
                            - 0x008080    0x80

"P3-P5":                                0x1f3d
  .near_func.text    ro code  0x008080   0x2ca  float.o [4]
  .near_func.text    ro code  0x00834a   0x1b6  stm8s_uart1.o [1]
  .near_func.text    ro code  0x008500   0x1a6  long.o [4]
  .near_func.text    ro code  0x0086a6   0x15b  stm8s_i2c.o [1]
  .near_func.text    ro code  0x008801   0x119  vreg_util.o [4]
  .near_func.text    ro code  0x00891a    0xfd  StateMachine.o [1]
  .near_func.text    ro code  0x008a17    0xc6  rtc.o [1]
  .near_func.text    ro code  0x008add    0xad  stm8s_gpio.o [1]
  .near_func.text    ro code  0x008b8a    0x9b  stm8s_i2c.o [1]
  .near_func.text    ro code  0x008c25    0x95  stm8s_uart1.o [1]
  .near_func.text    ro code  0x008cba    0x94  rtc.o [1]
  .near_func.text    ro code  0x008d4e    0x8e  stm8s_i2c.o [1]
  .near_func.text    ro code  0x008ddc    0x8a  stm8s_clk.o [1]
  .near_func.text    ro code  0x008e66    0x7b  i2c.o [1]
  .near_func.text    ro code  0x008ee1    0x77  ds1307.o [1]
  .near_func.text    ro code  0x008f58    0x6e  rtc.o [1]
  .near_func.text    ro code  0x008fc6    0x69  rtc.o [1]
  .near_func.text    ro code  0x00902f    0x64  sht1x.o [1]
  .near_func.text    ro code  0x009093    0x63  stm8s_uart1.o [1]
  .near_func.text    ro code  0x0090f6    0x5e  i2c.o [1]
  .near_func.text    ro code  0x009154    0x5a  serialProtocol.o [1]
  .near_func.text    ro code  0x0091ae    0x55  StateMachine.o [1]
  .near_func.text    ro code  0x009203    0x55  long_util.o [4]
  .near_func.text    ro code  0x009258    0x4f  stm8s_tim2.o [1]
  .near_func.text    ro code  0x0092a7    0x4a  device.o [1]
  .near_func.text    ro code  0x0092f1    0x4a  ds1307.o [1]
  .near_func.text    ro code  0x00933b    0x4a  uart.o [1]
  .near_func.text    ro code  0x009385    0x47  rtc.o [1]
  .near_func.text    ro code  0x0093cc    0x47  sht1x.o [1]
  .near_func.text    ro code  0x009413    0x47  short.o [4]
  .near_func.text    ro code  0x00945a    0x45  i2c.o [1]
  .near_func.text    ro code  0x00949f    0x44  device.o [1]
  .near_func.text    ro code  0x0094e3    0x3b  sht1x.o [1]
  .near_func.text    ro code  0x00951e    0x3b  stm8s_clk.o [1]
  .near_func.text    ro code  0x009559    0x39  StateMachine.o [1]
  .near_func.text    ro code  0x009592    0x38  stm8s_clk.o [1]
  .near.rodata       const    0x0095ca    0x37  stm8s_flash.o [1]
  .near.rodata       const    0x009601    0x37  stm8s_uart1.o [1]
  .near_func.text    ro code  0x009638    0x37  stm8s_tim2.o [1]
  .near.rodata       const    0x00966f    0x36  stm8s_gpio.o [1]
  .near.rodata       const    0x0096a5    0x36  stm8s_tim2.o [1]
  .near.rodata       const    0x0096db    0x35  stm8s_clk.o [1]
  .near.rodata       const    0x009710    0x35  stm8s_i2c.o [1]
  .near_func.text    ro code  0x009745    0x34  rtc.o [1]
  .near_func.text    ro code  0x009779    0x34  serialProtocol.o [1]
  .near_func.text    ro code  0x0097ad    0x33  serialProtocol.o [1]
  .near_func.text    ro code  0x0097e0    0x33  stm8s_i2c.o [1]
  .near_func.text    ro code  0x009813    0x33  uart.o [1]
  .near_func.text    ro code  0x009846    0x31  eeprom.o [1]
  .near_func.text    ro code  0x009877    0x30  sht1x.o [1]
  .near_func.text    ro code  0x0098a7    0x30  stm8s_flash.o [1]
  .near_func.text    ro code  0x0098d7    0x2f  eeprom.o [1]
  .near_func.text    ro code  0x009906    0x2e  sht1x.o [1]
  .near_func.text    ro code  0x009934    0x2d  stm8s_i2c.o [1]
  .near_func.text    ro code  0x009961    0x2c  dc_util.o [4]
  .near_func.text    ro code  0x00998d    0x28  stm8s_clk.o [1]
  .near_func.text    ro code  0x0099b5    0x28  uart.o [1]
  .near_func.text    ro code  0x0099dd    0x28  init_small.o [4]
  .near_func.text    ro code  0x009a05    0x25  sht1x.o [1]
  .near_func.text    ro code  0x009a2a    0x25  stm8s_i2c.o [1]
  .near_func.text    ro code  0x009a4f    0x24  serialProtocol.o [1]
  .near_func.text    ro code  0x009a73    0x23  stm8s_flash.o [1]
  .near_func.text    ro code  0x009a96    0x23  uart.o [1]
  .near_func.text    ro code  0x009ab9    0x21  i2c.o [1]
  .near_func.text    ro code  0x009ada    0x21  rtc.o [1]
  .iar.init_table    const    0x009afb    0x12  - Linker created -
  .near_func.text    ro code  0x009b0d    0x20  stm8s_flash.o [1]
  .near_func.text    ro code  0x009b2d    0x20  timer.o [1]
  .near_func.text    ro code  0x009b4d    0x1e  stm8s_i2c.o [1]
  .near_func.text    ro code  0x009b6b    0x1e  init_small.o [4]
  .near_func.text    ro code  0x009b89    0x1c  stm8s_tim2.o [1]
  .near_func.text    ro code  0x009ba5    0x1a  serialProtocol.o [1]
  .near_func.text    ro code  0x009bbf    0x1a  stm8s_uart1.o [1]
  .near_func.text    ro code  0x009bd9    0x19  eeprom.o [1]
  .near_func.text    ro code  0x009bf2    0x18  sht1x.o [1]
  .near_func.text    ro code  0x009c0a    0x18  uart.o [1]
  .near_func.text    ro code  0x009c22    0x16  device.o [1]
  .near_func.text    ro code  0x009c38    0x16  stm8s_clk.o [1]
  .near_func.text    ro code  0x009c4e    0x16  stm8s_i2c.o [1]
  .near_func.text    ro code  0x009c64    0x16  stm8s_i2c.o [1]
  .near_func.text    ro code  0x009c7a    0x16  stm8s_i2c.o [1]
  .near_func.text    ro code  0x009c90    0x16  stm8s_tim2.o [1]
  .near_func.text    ro code  0x009ca6    0x15  sht1x.o [1]
  .near_func.text    ro code  0x009cbb    0x14  init.o [4]
  .near_func.text    ro code  0x009ccf    0x14  __dbg_xxexit.o [3]
  .near_func.text    ro code  0x009ce3    0x13  ds1307.o [1]
  .near_func.text    ro code  0x009cf6    0x13  serialProtocol.o [1]
  .near_func.text    ro code  0x009d09    0x13  cstartup.o [4]
  .near_func.text    ro code  0x009d1c    0x12  uart.o [1]
  .near_func.text    ro code  0x009d2e    0x11  ds1307.o [1]
  .near_func.text    ro code  0x009d3f    0x11  gpio.o [1]
  .near_func.text    ro code  0x009d50    0x10  sht1x.o [1]
  .near_func.text    ro code  0x009d60    0x10  stm8s_flash.o [1]
  .near_func.text    ro code  0x009d70    0x10  stm8s_flash.o [1]
  .near_func.text    ro code  0x009d80     0xe  rtc.o [1]
  .near_func.text    ro code  0x009d8e     0xd  stm8s_uart1.o [1]
  .near_func.text    ro code  0x009d9b     0xc  gpio.o [1]
  .near_func.text    ro code  0x009da7     0xc  i2c.o [1]
  .near_func.text    ro code  0x009db3     0xc  sht1x.o [1]
  .near_func.text    ro code  0x009dbf     0xc  sht1x.o [1]
  .near_func.text    ro code  0x009dcb     0xc  sht1x.o [1]
  .near_func.text    ro code  0x009dd7     0xb  device.o [1]
  .near_func.text    ro code  0x009de2     0xb  eeprom.o [1]
  .near_func.text    ro code  0x009ded     0xb  main.o [1]
  .near_func.text    ro code  0x009df8     0xb  rtc.o [1]
  .near_func.text    ro code  0x009e03     0xb  rtc.o [1]
  .near_func.text    ro code  0x009e0e     0xb  rtc.o [1]
  .near_func.text    ro code  0x009e19     0xb  sht1x.o [1]
  .near_func.text    ro code  0x009e24     0xb  stm8s_clk.o [1]
  .near_func.text    ro code  0x009e2f     0xb  stm8s_flash.o [1]
  .near_func.text    ro code  0x009e3a     0xb  stm8s_gpio.o [1]
  .near_func.text    ro code  0x009e45     0xb  stm8s_i2c.o [1]
  .near_func.text    ro code  0x009e50     0xb  stm8s_tim2.o [1]
  .near_func.text    ro code  0x009e5b     0xb  stm8s_uart1.o [1]
  .near_func.text    ro code  0x009e66     0xa  eeprom.o [1]
  .near_func.text    ro code  0x009e70     0xa  rtc.o [1]
  .near_func.text    ro code  0x009e7a     0xa  sht1x.o [1]
  .near_func.text    ro code  0x009e84     0x9  ds1307.o [1]
  .near_func.text    ro code  0x009e8d     0x9  eeprom.o [1]
  .near_func.text    ro code  0x009e96     0x9  eeprom.o [1]
  .near_func.text    ro code  0x009e9f     0x9  i2c.o [1]
  .near_func.text    ro code  0x009ea8     0x9  rtc.o [1]
  .near_func.text    ro code  0x009eb1     0x9  sht1x.o [1]
  .near_func.text    ro code  0x009eba     0x9  sht1x.o [1]
  .near_func.text    ro code  0x009ec3     0x9  stm8s_clk.o [1]
  .near_func.text    ro code  0x009ecc     0x9  stm8s_i2c.o [1]
  .near_func.text    ro code  0x009ed5     0x9  stm8s_i2c.o [1]
  .near_func.text    ro code  0x009ede     0x9  stm8s_tim2.o [1]
  .near_func.text    ro code  0x009ee7     0x9  stm8s_tim2.o [1]
  .near_func.text    ro code  0x009ef0     0x9  stm8s_uart1.o [1]
  .near_func.text    ro code  0x009ef9     0x9  timer.o [1]
  .near_func.text    ro code  0x009f02     0x8  rtc.o [1]
  .near_func.text    ro code  0x009f0a     0x8  rtc.o [1]
  .near_func.text    ro code  0x009f12     0x8  sht1x.o [1]
  .near_func.text    ro code  0x009f1a     0x8  stm8s_uart1.o [1]
  .near_func.text    ro code  0x009f22     0x8  stm8s_uart1.o [1]
  .near_func.text    ro code  0x009f2a     0x7  ds1307.o [1]
  .near_func.text    ro code  0x009f31     0x7  stm8s_gpio.o [1]
  .near_func.text    ro code  0x009f38     0x7  stm8s_gpio.o [1]
  .near_func.text    ro code  0x009f3f     0x7  stm8s_tim2.o [1]
  .near_func.text    ro code  0x009f46     0x6  i2c.o [1]
  .near_func.text    ro code  0x009f4c     0x6  rtc.o [1]
  .near_func.text    ro code  0x009f52     0x6  sht1x.o [1]
  .near_func.text    ro code  0x009f58     0x6  sht1x.o [1]
  .near_func.text    ro code  0x009f5e     0x6  sht1x.o [1]
  .near_func.text    ro code  0x009f64     0x6  stm8s_flash.o [1]
  .near_func.text    ro code  0x009f6a     0x6  stm8s_flash.o [1]
  .near_func.text    ro code  0x009f70     0x6  stm8s_uart1.o [1]
  .near_func.text    ro code  0x009f76     0x5  eeprom.o [1]
  .near_func.text    ro code  0x009f7b     0x5  timer.o [1]
  .near_func.text    ro code  0x009f80     0x5  cexit.o [4]
  .near.rodata       const    0x009f85     0x4  stm8s_clk.o [1]
  .near_func.text    ro code  0x009f89     0x4  i2c.o [1]
  .near_func.text    ro code  0x009f8d     0x4  sht1x.o [1]
  .near_func.text    ro code  0x009f91     0x4  sht1x.o [1]
  .near_func.text    ro code  0x009f95     0x4  stm8s_gpio.o [1]
  .near_func.text    ro code  0x009f99     0x4  stm8s_i2c.o [1]
  .near_func.text    ro code  0x009f9d     0x4  stm8s_i2c.o [1]
  .near_func.text    ro code  0x009fa1     0x4  stm8s_uart1.o [1]
  .near_func.text    ro code  0x009fa5     0x4  stm8s_uart1.o [1]
  .near_func.text    ro code  0x009fa9     0x3  gpio.o [1]
  .near_func.text    ro code  0x009fac     0x3  interrupt.o [4]
  .near_func.text    ro code  0x009faf     0x3  low_level_init.o [4]
  .near_func.text    ro code  0x009fb2     0x3  exit.o [4]
  .near_func.text    ro code  0x009fb5     0x3  unhandled_exception.o [4]
  Initializer bytes  const    0x009fb8     0x3  <for P2-1>
  .near_func.text    ro code  0x009fbb     0x1  main.o [1]
  .near_func.text    ro code  0x009fbc     0x1  __dbg_break.o [3]
                            - 0x009fbd  0x1f3d


*******************************************************************************
*** INIT TABLE
***

          Address   Size
          -------   ----
Zero (__iar_zero_init2)
    1 destination range, total size 0x9d:
          0x000013  0x9d

Copy (__iar_copy_init2)
    1 source range, total size 0x3:
          0x009fb8   0x3
    1 destination range, total size 0x3:
          0x000010   0x3



*******************************************************************************
*** MODULE SUMMARY
***

    Module                 ro code  ro data  rw data
    ------                 -------  -------  -------
E:\workspaceNew\STM8S103\1_Project\Debug\Obj: [1]
    StateMachine.o             395        2       17
    device.o                   175
    ds1307.o                   245
    eeprom.o                   165
    gpio.o                      32
    i2c.o                      350
    main.o                      12
    rtc.o                      805                13
    serialProtocol.o           274
    sht1x.o                    531
    stm8s_clk.o                335       57
    stm8s_flash.o              170       55
    stm8s_gpio.o               202       54
    stm8s_i2c.o                910       53
    stm8s_tim2.o               220       54
    stm8s_uart1.o              775       55
    timer.o                     46
    uart.o                     242        1      130
    ------------------------------------------------
    Total:                   5 884      331      160

command line: [2]
    ------------------------------------------------
    Total:

dbgstm8smd.a: [3]
    __dbg_break.o                1
    __dbg_xxexit.o              20
    ------------------------------------------------
    Total:                      21

dlstm8smn.a: [4]
    cexit.o                      5
    cstartup.o                  19
    dc_util.o                   44
    exit.o                       3
    float.o                    714
    init.o                      20
    init_small.o                70
    interrupt.o                  3      128
    long.o                     422
    long_util.o                 85
    low_level_init.o             3
    short.o                     71
    unhandled_exception.o        3
    vreg_util.o                281
    vregs.o                                       16
    ------------------------------------------------
    Total:                   1 743      128       16

    Linker created                       18      256
----------------------------------------------------
    Grand Total:             7 648      477      432


*******************************************************************************
*** ENTRY LIST
***

Entry                    Address   Size  Type      Object
-----                    -------   ----  ----      ------
.iar.init_table$$Base   0x009afb          --   Gb  - Linker created -
.iar.init_table$$Limit  0x009b0d          --   Gb  - Linker created -
?add32_l0_l0_0x         0x008539         Code  Gb  long.o [4]
?add32_l0_l0_dl         0x008531         Code  Gb  long.o [4]
?add32_l0_l0_l1         0x008536         Code  Gb  long.o [4]
?b0                     0x000000         Data  Gb  vregs.o [4]
?b1                     0x000001         Data  Gb  vregs.o [4]
?b10                    0x00000a         Data  Gb  vregs.o [4]
?b11                    0x00000b         Data  Gb  vregs.o [4]
?b12                    0x00000c         Data  Gb  vregs.o [4]
?b13                    0x00000d         Data  Gb  vregs.o [4]
?b14                    0x00000e         Data  Gb  vregs.o [4]
?b15                    0x00000f         Data  Gb  vregs.o [4]
?b2                     0x000002         Data  Gb  vregs.o [4]
?b3                     0x000003         Data  Gb  vregs.o [4]
?b4                     0x000004         Data  Gb  vregs.o [4]
?b5                     0x000005         Data  Gb  vregs.o [4]
?b6                     0x000006         Data  Gb  vregs.o [4]
?b7                     0x000007         Data  Gb  vregs.o [4]
?b8                     0x000008         Data  Gb  vregs.o [4]
?b9                     0x000009         Data  Gb  vregs.o [4]
?dc32_l0                0x009968         Code  Gb  dc_util.o [4]
?dc32_l1                0x009975         Code  Gb  dc_util.o [4]
?dc32_px                0x009982         Code  Gb  dc_util.o [4]
?dc8_px                 0x009961         Code  Gb  dc_util.o [4]
?dec32_0x_0x            0x00851d         Code  Gb  long.o [4]
?dec32_l0_l0            0x008513         Code  Gb  long.o [4]
?dec32_l2_l2            0x008518         Code  Gb  long.o [4]
?e0                     0x000001         Data  Gb  vregs.o [4]
?e1                     0x000005         Data  Gb  vregs.o [4]
?e2                     0x000009         Data  Gb  vregs.o [4]
?e3                     0x00000d         Data  Gb  vregs.o [4]
?epilogue_l2            0x00889c         Code  Gb  vreg_util.o [4]
?epilogue_l2_l3         0x008899         Code  Gb  vreg_util.o [4]
?epilogue_l2_w6         0x0088a0         Code  Gb  vreg_util.o [4]
?epilogue_w4            0x0088a7         Code  Gb  vreg_util.o [4]
?fadd32_l0_l0_dc32      0x00809d         Code  Gb  float.o [4]
?fadd32_l0_l0_l1        0x0080a2         Code  Gb  float.o [4]
?fcastf32u16_l0_x       0x00820a         Code  Gb  float.o [4]
?fcasts16f32_x_l0       0x008228         Code  Gb  float.o [4]
?fmul32_l0_l0_dc32      0x008170         Code  Gb  float.o [4]
?fmul32_l0_l0_l1        0x008175         Code  Gb  float.o [4]
?inc32_0x_0x            0x008505         Code  Gb  long.o [4]
?inc32_l0_l0            0x008500         Code  Gb  long.o [4]
?l0                     0x000000         Data  Gb  vregs.o [4]
?l1                     0x000004         Data  Gb  vregs.o [4]
?l2                     0x000008         Data  Gb  vregs.o [4]
?l3                     0x00000c         Data  Gb  vregs.o [4]
?load32_0x_l0           0x00923c         Code  Gb  long_util.o [4]
?load32_0x_l2           0x00924a         Code  Gb  long_util.o [4]
?load32_asp_l0          0x009230         Code  Gb  long_util.o [4]
?load32_dbsp_l0         0x00922b         Code  Gb  long_util.o [4]
?load32_l0_0x           0x009213         Code  Gb  long_util.o [4]
?load32_l0_asp          0x009208         Code  Gb  long_util.o [4]
?load32_l0_dbsp         0x009203         Code  Gb  long_util.o [4]
?load32_l0_xsp          0x00920a         Code  Gb  long_util.o [4]
?load32_l1_0x           0x00921f         Code  Gb  long_util.o [4]
?load32_xsp_l0          0x009232         Code  Gb  long_util.o [4]
?mov_e0_e1              0x0088b5         Code  Gb  vreg_util.o [4]
?mov_e0_e2              0x0088c2         Code  Gb  vreg_util.o [4]
?mov_e0_e3              0x0088cf         Code  Gb  vreg_util.o [4]
?mov_e1_e0              0x0088dc         Code  Gb  vreg_util.o [4]
?mov_e1_e2              0x0088e9         Code  Gb  vreg_util.o [4]
?mov_e1_e3              0x0088f6         Code  Gb  vreg_util.o [4]
?mov_e2_e0              0x008903         Code  Gb  vreg_util.o [4]
?mov_e3_e0              0x008910         Code  Gb  vreg_util.o [4]
?mov_l0_l1              0x0088b2         Code  Gb  vreg_util.o [4]
?mov_l0_l2              0x0088bf         Code  Gb  vreg_util.o [4]
?mov_l0_l3              0x0088cc         Code  Gb  vreg_util.o [4]
?mov_l1_l0              0x0088d9         Code  Gb  vreg_util.o [4]
?mov_l1_l2              0x0088e6         Code  Gb  vreg_util.o [4]
?mov_l1_l3              0x0088f3         Code  Gb  vreg_util.o [4]
?mov_l2_l0              0x008900         Code  Gb  vreg_util.o [4]
?mov_l3_l0              0x00890d         Code  Gb  vreg_util.o [4]
?mov_w1_w3              0x0088b8         Code  Gb  vreg_util.o [4]
?mov_w1_w5              0x0088c5         Code  Gb  vreg_util.o [4]
?mov_w1_w7              0x0088d2         Code  Gb  vreg_util.o [4]
?mov_w3_w1              0x0088df         Code  Gb  vreg_util.o [4]
?mov_w3_w5              0x0088ec         Code  Gb  vreg_util.o [4]
?mov_w3_w7              0x0088f9         Code  Gb  vreg_util.o [4]
?mov_w4_w6              0x0088ab         Code  Gb  vreg_util.o [4]
?mov_w5_w1              0x008906         Code  Gb  vreg_util.o [4]
?mov_w7_w1              0x008913         Code  Gb  vreg_util.o [4]
?mul16_x_x_w0           0x009413         Code  Gb  short.o [4]
?mul32_l0_l0_0x         0x00856f         Code  Gb  long.o [4]
?mul32_l0_l0_dl         0x00856c         Code  Gb  long.o [4]
?mul32_l0_l0_l1         0x008578         Code  Gb  long.o [4]
?pop_l0                 0x008865         Code  Gb  vreg_util.o [4]
?pop_l1                 0x008870         Code  Gb  vreg_util.o [4]
?pop_l2                 0x00887b         Code  Gb  vreg_util.o [4]
?pop_l3                 0x008886         Code  Gb  vreg_util.o [4]
?pop_w4                 0x00881e         Code  Gb  vreg_util.o [4]
?pop_w6                 0x008825         Code  Gb  vreg_util.o [4]
?push_l0                0x008834         Code  Gb  vreg_util.o [4]
?push_l1                0x008839         Code  Gb  vreg_util.o [4]
?push_l2                0x00883e         Code  Gb  vreg_util.o [4]
?push_l3                0x008843         Code  Gb  vreg_util.o [4]
?push_w4                0x008801         Code  Gb  vreg_util.o [4]
?push_w6                0x008806         Code  Gb  vreg_util.o [4]
?sdiv16_x_x_y           0x009431         Code  Gb  short.o [4]
?sext32_l0_x            0x00869b         Code  Gb  long.o [4]
?sll16_x_x_a            0x00944a         Code  Gb  short.o [4]
?sll32_0x_0x_a          0x00868d         Code  Gb  long.o [4]
?sll32_l0_l0_a          0x00868a         Code  Gb  long.o [4]
?sll32_l0_l0_db         0x008686         Code  Gb  long.o [4]
?srl16_x_x_4            0x009455         Code  Gb  short.o [4]
?srl16_x_x_5            0x009454         Code  Gb  short.o [4]
?srl16_x_x_6            0x009453         Code  Gb  short.o [4]
?srl16_x_x_7            0x009452         Code  Gb  short.o [4]
?sub32_l0_l0_0x         0x008554         Code  Gb  long.o [4]
?sub32_l0_l0_l1         0x008551         Code  Gb  long.o [4]
?ucmp32_c_l0_0x         0x00866b         Code  Gb  long.o [4]
?ucmp32_c_l0_l1         0x00867b         Code  Gb  long.o [4]
?udiv32_l0_dl_l1        0x0085f6         Code  Gb  long.o [4]
?udiv32_l0_l0_dl        0x0085fb         Code  Gb  long.o [4]
?udiv32_l0_l0_l1        0x0085fe         Code  Gb  long.o [4]
?umod32_l1_l0_l1        0x0085fe         Code  Gb  long.o [4]
?w0                     0x000000         Data  Gb  vregs.o [4]
?w1                     0x000002         Data  Gb  vregs.o [4]
?w2                     0x000004         Data  Gb  vregs.o [4]
?w3                     0x000006         Data  Gb  vregs.o [4]
?w4                     0x000008         Data  Gb  vregs.o [4]
?w5                     0x00000a         Data  Gb  vregs.o [4]
?w6                     0x00000c         Data  Gb  vregs.o [4]
?w7                     0x00000e         Data  Gb  vregs.o [4]
BCD2INT                 0x009ce3   0x13  Code  Gb  ds1307.o [1]
CLK_AdjustHSICalibrationValue
                        0x009592   0x38  Code  Gb  stm8s_clk.o [1]
CLK_GetClockFreq        0x00951e   0x3b  Code  Gb  stm8s_clk.o [1]
CLK_HSICmd              0x009c38   0x16  Code  Gb  stm8s_clk.o [1]
CLK_HSIPrescalerConfig  0x00998d   0x28  Code  Gb  stm8s_clk.o [1]
CLK_PeripheralClockConfig
                        0x008ddc   0x8a  Code  Gb  stm8s_clk.o [1]
CSTACK$$Base            0x000300          --   Gb  - Linker created -
CSTACK$$Limit           0x000400          --   Gb  - Linker created -
FLASH_ProgramByte       0x0098a7   0x30  Code  Gb  stm8s_flash.o [1]
FLASH_ReadByte          0x009a73   0x23  Code  Gb  stm8s_flash.o [1]
FLASH_Unlock            0x009b0d   0x20  Code  Gb  stm8s_flash.o [1]
GPIO_Init               0x008add   0xad  Code  Gb  stm8s_gpio.o [1]
GPIO_ReadInputPin       0x009f38    0x7  Code  Gb  stm8s_gpio.o [1]
GPIO_WriteHigh          0x009f31    0x7  Code  Gb  stm8s_gpio.o [1]
GPIO_WriteLow           0x009f95    0x4  Code  Gb  stm8s_gpio.o [1]
HSIDivFactor            0x009f85    0x4  Data  Gb  stm8s_clk.o [1]
I2C_AcknowledgeConfig   0x0097e0   0x33  Code  Gb  stm8s_i2c.o [1]
I2C_CheckEvent          0x008b8a   0x9b  Code  Gb  stm8s_i2c.o [1]
I2C_Cmd                 0x009c4e   0x16  Code  Gb  stm8s_i2c.o [1]
I2C_DeInit              0x009a2a   0x25  Code  Gb  stm8s_i2c.o [1]
I2C_GenerateSTART       0x009c64   0x16  Code  Gb  stm8s_i2c.o [1]
I2C_GenerateSTOP        0x009c7a   0x16  Code  Gb  stm8s_i2c.o [1]
I2C_GetFlagStatus       0x008d4e   0x8e  Code  Gb  stm8s_i2c.o [1]
I2C_GetLastEvent        0x009b4d   0x1e  Code  Gb  stm8s_i2c.o [1]
I2C_Init                0x0086a6  0x15b  Code  Gb  stm8s_i2c.o [1]
I2C_ReceiveData         0x009f99    0x4  Code  Gb  stm8s_i2c.o [1]
I2C_Send7bitAddress     0x009934   0x2d  Code  Gb  stm8s_i2c.o [1]
I2C_SendData            0x009f9d    0x4  Code  Gb  stm8s_i2c.o [1]
INT2BCD                 0x009d2e   0x11  Code  Gb  ds1307.o [1]
INTVEC$$Base            0x008000          --   Gb  - Linker created -
INTVEC$$Limit           0x008080          --   Gb  - Linker created -
Region$$Table$$Base     0x009afb          --   Gb  - Linker created -
Region$$Table$$Limit    0x009b0d          --   Gb  - Linker created -
TIM2_ClearITPendingBit  0x009b89   0x1c  Code  Gb  stm8s_tim2.o [1]
TIM2_Cmd                0x009c90   0x16  Code  Gb  stm8s_tim2.o [1]
TIM2_DeInit             0x009258   0x4f  Code  Gb  stm8s_tim2.o [1]
TIM2_ITConfig           0x009638   0x37  Code  Gb  stm8s_tim2.o [1]
TIM2_TimeBaseInit       0x009f3f    0x7  Code  Gb  stm8s_tim2.o [1]
UART1_ClearITPendingBit
                        0x009bbf   0x1a  Code  Gb  stm8s_uart1.o [1]
UART1_Cmd               0x009d8e    0xd  Code  Gb  stm8s_uart1.o [1]
UART1_GetFlagStatus     0x009093   0x63  Code  Gb  stm8s_uart1.o [1]
UART1_ITConfig          0x008c25   0x95  Code  Gb  stm8s_uart1.o [1]
UART1_Init              0x00834a  0x1b6  Code  Gb  stm8s_uart1.o [1]
UART1_ReceiveData8      0x009fa1    0x4  Code  Gb  stm8s_uart1.o [1]
UART1_SendData8         0x009fa5    0x4  Code  Gb  stm8s_uart1.o [1]
__DebugBreak            0x009fbc    0x1  Code  Gb  __dbg_break.o [3]
__exit                  0x009ccf   0x14  Code  Gb  __dbg_xxexit.o [3]
__iar_copy_init2        0x0099dd         Code  Gb  init_small.o [4]
__iar_data_init2        0x009cbb   0x14  Code  Gb  init.o [4]
__iar_program_start     0x009d09         Code  Gb  cstartup.o [4]
__iar_unhandled_exception
                        0x009fb5         Code  Gb  unhandled_exception.o [4]
__iar_zero_init2        0x009b6b         Code  Gb  init_small.o [4]
__intvec                0x008000         Data  Gb  interrupt.o [4]
__low_level_init        0x009faf    0x3  Code  Gb  low_level_init.o [4]
_exit                   0x009f80         Code  Gb  cexit.o [4]
_interrupt_15           0x009385         Code  Gb  rtc.o [1]
_interrupt_20           0x00933b         Code  Gb  uart.o [1]
_rtc_status             0x0000ac    0x1  Data  Gb  rtc.o [1]
_timer_status           0x0000ad    0x1  Data  Gb  rtc.o [1]
assert_failed           0x009fbb    0x1  Code  Gb  main.o [1]
deviceControl           0x0092a7   0x4a  Code  Gb  device.o [1]
deviceInit              0x009c22   0x16  Code  Gb  device.o [1]
deviceRead              0x00949f   0x44  Code  Gb  device.o [1]
ds1307Read              0x0092f1   0x4a  Code  Gb  ds1307.o [1]
ds1307SetTime           0x008ee1   0x77  Code  Gb  ds1307.o [1]
eepromAddrCheck         0x009bd9   0x19  Code  Gb  eeprom.o [1]
eepromInit              0x009f76    0x5  Code  Gb  eeprom.o [1]
eepromRead              0x0098d7   0x2f  Code  Gb  eeprom.o [1]
eepromWrite             0x009846   0x31  Code  Gb  eeprom.o [1]
exit                    0x009fb2    0x3  Code  Gb  exit.o [4]
gBufferUART             0x000013   0x80  Data  Gb  uart.o [1]
gSerialRxFrame          0x000093    0xb  Data  Gb  StateMachine.o [1]
gState                  0x000010    0x2  Data  Gb  StateMachine.o [1]
gTaskNum                0x0000ae    0x1  Data  Gb  rtc.o [1]
gTaskSecond             0x0000a2    0x4  Data  Gb  rtc.o [1]
gTimerSecond            0x00009e    0x4  Data  Gb  rtc.o [1]
gpioPinMode             0x009fa9    0x3  Code  Gb  gpio.o [1]
gpioReadPin             0x009d9b    0xc  Code  Gb  gpio.o [1]
gpioWritePin            0x009d3f   0x11  Code  Gb  gpio.o [1]
i2cBeginTransmission    0x0090f6   0x5e  Code  Gb  i2c.o [1]
i2cEndTransmission      0x009f89    0x4  Code  Gb  i2c.o [1]
i2cInit                 0x00945a   0x45  Code  Gb  i2c.o [1]
i2cRequestFrom          0x008e66   0x7b  Code  Gb  i2c.o [1]
i2cWrite                0x009ab9   0x21  Code  Gb  i2c.o [1]
main                    0x009ded    0xb  Code  Gb  main.o [1]
pBufferUARTRead         0x0000af    0x1  Data  Gb  uart.o [1]
pBufferUARTWrite        0x000012    0x1  Data  Gb  uart.o [1]
rtcDoTask               0x008f58   0x6e  Code  Gb  rtc.o [1]
rtcGetTimerSecond       0x009f4c    0x6  Code  Gb  rtc.o [1]
rtcInit                 0x009ada   0x21  Code  Gb  rtc.o [1]
rtcReadTask             0x008a17   0xc6  Code  Gb  rtc.o [1]
rtcSaveTask             0x008cba   0x94  Code  Gb  rtc.o [1]
rtcSaveTask::_task_num  0x0000aa    0x2  Data  Lc  rtc.o [1]
rtcSecondCounter        0x009385   0x47  Code  Gb  rtc.o [1]
rtcSetRealTime          0x009745   0x34  Code  Gb  rtc.o [1]
rtcSetRunningTask       0x008fc6   0x69  Code  Gb  rtc.o [1]
rtcTimerRun             0x009d80    0xe  Code  Gb  rtc.o [1]
serialCheckFrame        0x009779   0x34  Code  Gb  serialProtocol.o [1]
serialClearFrame        0x0097ad   0x33  Code  Gb  serialProtocol.o [1]
serialGetFrame          0x009154   0x5a  Code  Gb  serialProtocol.o [1]
serialSendDeviceStatus  0x009a4f   0x24  Code  Gb  serialProtocol.o [1]
serialSendErr           0x009ba5   0x1a  Code  Gb  serialProtocol.o [1]
serialSendFrame         0x009cf6   0x13  Code  Gb  serialProtocol.o [1]
shtCheckACK             0x009ca6   0x15  Code  Lc  sht1x.o [1]
shtCmd                  0x009877   0x30  Code  Lc  sht1x.o [1]
shtInit                 0x009bf2   0x18  Code  Gb  sht1x.o [1]
shtReadHumid            0x00902f   0x64  Code  Gb  sht1x.o [1]
shtReadRaw              0x0093cc   0x47  Code  Lc  sht1x.o [1]
shtReadTemp             0x0094e3   0x3b  Code  Gb  sht1x.o [1]
shtStart                0x009906   0x2e  Code  Lc  sht1x.o [1]
shtWaitConvert          0x009a05   0x25  Code  Lc  sht1x.o [1]
stateCmd                0x0089ae   0x4b  Code  Gb  StateMachine.o [1]
stateDevice             0x008959   0x4f  Code  Gb  StateMachine.o [1]
stateInit               0x009559   0x39  Code  Gb  StateMachine.o [1]
stateMachine            0x0089f9   0x1e  Code  Gb  StateMachine.o [1]
stateRTC                0x00891a   0x15  Code  Gb  StateMachine.o [1]
stateSensor             0x00892f   0x2a  Code  Gb  StateMachine.o [1]
stateUpdate             0x0091ae   0x55  Code  Gb  StateMachine.o [1]
stateUpdate::vSensorTime
                        0x0000a6    0x4  Data  Lc  StateMachine.o [1]
timerInit               0x009b2d   0x20  Code  Gb  timer.o [1]
timerIntEnable          0x009ef9    0x9  Code  Gb  timer.o [1]
timerIntFlagClear       0x009f7b    0x5  Code  Gb  timer.o [1]
uartAvailable           0x009d1c   0x12  Code  Gb  uart.o [1]
uartInit                0x009813   0x33  Code  Gb  uart.o [1]
uartRead                0x0099b5   0x28  Code  Gb  uart.o [1]
uartRxIntHandler        0x00933b   0x4a  Code  Gb  uart.o [1]
uartWrite               0x009a96   0x23  Code  Gb  uart.o [1]
uartWriteByte           0x009c0a   0x18  Code  Gb  uart.o [1]


[1] = E:\workspaceNew\STM8S103\1_Project\Debug\Obj
[2] = command line
[3] = dbgstm8smd.a
[4] = dlstm8smn.a

  7 648 bytes of readonly  code memory
    477 bytes of readonly  data memory
    432 bytes of readwrite data memory

Errors: none
Warnings: none
