###############################################################################
#
# IAR ELF Linker V3.10.1.201 for STM8                     14/Aug/2017  19:19:06
# Copyright 2010-2017 IAR Systems AB.
#
#    Output file  =  
#        C:\Users\Huybeo\Desktop\FLEA\03_workspace\Huy\Test_STM\STM8_testProject\Project\Debug\Exe\test.hex
#    Map file     =  
#        C:\Users\Huybeo\Desktop\FLEA\03_workspace\Huy\Test_STM\STM8_testProject\Project\Debug\List\test.map
#    Command line =  
#        -f C:\Users\Huybeo\AppData\Local\Temp\EW2E0D.tmp
#        (C:\Users\Huybeo\Desktop\FLEA\03_workspace\Huy\Test_STM\STM8_testProject\Project\Debug\Obj\DS1037.o
#        C:\Users\Huybeo\Desktop\FLEA\03_workspace\Huy\Test_STM\STM8_testProject\Project\Debug\Obj\gpio.o
#        C:\Users\Huybeo\Desktop\FLEA\03_workspace\Huy\Test_STM\STM8_testProject\Project\Debug\Obj\I2C.o
#        C:\Users\Huybeo\Desktop\FLEA\03_workspace\Huy\Test_STM\STM8_testProject\Project\Debug\Obj\main.o
#        C:\Users\Huybeo\Desktop\FLEA\03_workspace\Huy\Test_STM\STM8_testProject\Project\Debug\Obj\stm8s_clk.o
#        C:\Users\Huybeo\Desktop\FLEA\03_workspace\Huy\Test_STM\STM8_testProject\Project\Debug\Obj\stm8s_gpio.o
#        C:\Users\Huybeo\Desktop\FLEA\03_workspace\Huy\Test_STM\STM8_testProject\Project\Debug\Obj\stm8s_i2c.o
#        --redirect _Printf=_PrintfSmall --redirect _Scanf=_ScanfSmall -o
#        C:\Users\Huybeo\Desktop\FLEA\03_workspace\Huy\Test_STM\STM8_testProject\Project\Debug\Exe\test.hex
#        --map
#        C:\Users\Huybeo\Desktop\FLEA\03_workspace\Huy\Test_STM\STM8_testProject\Project\Debug\List\test.map
#        --config D:\EmbeddedSTM8\stm8\config\lnkstm8s103f3.icf --config_def
#        _CSTACK_SIZE=0x100 --config_def _HEAP_SIZE=0x100 --entry
#        __iar_program_start --debug_lib)
#
###############################################################################

*******************************************************************************
*** RUNTIME MODEL ATTRIBUTES
***

__SystemLibrary            = DLib
__code_model               = small
__core                     = stm8
__data_model               = medium
__dlib_file_descriptor     = 0
__dlib_full_locale_support = 0
__rt_version               = 4


*******************************************************************************
*** PLACEMENT SUMMARY
***

"A0":  place at start of [0x000000-0x0000ff] { rw section .vregs };
"A1":  place at end of [0x000000-0x0003ff] { block CSTACK };
"A2":  place at start of [0x008000-0x009fff] { block INTVEC };
"P3":  place in [from 0x008000 to 0x009fff] {
          ro section __DLIB_PERTHREAD_init, ro section .far.data_init,
          ro section .far_func.textrw_init, ro section .huge.data_init,
          ro section .huge_func.textrw_init, ro section .iar.init_table,
          ro section .init_array, ro section .near.data_init,
          ro section .near.rodata, ro section .near_func.text,
          ro section .near_func.textrw_init, ro section .tiny.data_init,
          ro section .tiny.rodata_init };
"P4":  place in [from 0x008000 to 0x009fff] {
          ro section .far.rodata, ro section .far_func.text };
"P5":  place in [from 0x008000 to 0x009fff] {
          ro section .huge.rodata, ro section .huge_func.text };
do not initialize {
   rw section .eeprom.noinit, rw section .far.noinit, rw section .huge.noinit,
   rw section .near.noinit, rw section .tiny.noinit, rw section .vregs };

  Section          Kind      Address   Size  Object
  -------          ----      -------   ----  ------
"A0":                                  0x10
  .vregs           uninit   0x000000   0x10  vregs.o [4]
                          - 0x000010   0x10

"A1":                                 0x100
  CSTACK                    0x000300  0x100  <Block>
    CSTACK         uninit   0x000300  0x100  <Block tail>
                          - 0x000400  0x100

"A2":                                  0x80
  INTVEC                    0x008000   0x80  <Block>
    .intvec        const    0x008000   0x80  interrupt.o [4]
                          - 0x008080   0x80

"P3-P5":                              0xb71
  .near_func.text  ro code  0x008080  0x1d8  stm8s_i2c.o [1]
  .near_func.text  ro code  0x008258  0x110  stm8s_gpio.o [1]
  .near_func.text  ro code  0x008368  0x110  long.o [4]
  .near_func.text  ro code  0x008478   0xde  stm8s_clk.o [1]
  .near_func.text  ro code  0x008556   0x9e  vreg_util.o [4]
  .near_func.text  ro code  0x0085f4   0x8b  stm8s_clk.o [1]
  .near.rodata     const    0x00867f   0x61  stm8s_gpio.o [1]
  .near.rodata     const    0x0086e0   0x60  stm8s_clk.o [1]
  .near.rodata     const    0x008740   0x60  stm8s_i2c.o [1]
  .near_func.text  ro code  0x0087a0   0x57  stm8s_clk.o [1]
  .near_func.text  ro code  0x0087f7   0x4f  stm8s_clk.o [1]
  .near_func.text  ro code  0x008846   0x47  short.o [4]
  .near_func.text  ro code  0x00888d   0x45  stm8s_i2c.o [1]
  .near_func.text  ro code  0x0088d2   0x3f  I2C.o [1]
  .near_func.text  ro code  0x008911   0x3d  stm8s_clk.o [1]
  .near_func.text  ro code  0x00894e   0x3c  main.o [1]
  .near_func.text  ro code  0x00898a   0x36  stm8s_clk.o [1]
  .near_func.text  ro code  0x0089c0   0x34  gpio.o [1]
  .near_func.text  ro code  0x0089f4   0x34  gpio.o [1]
  .near_func.text  ro code  0x008a28   0x30  gpio.o [1]
  .near_func.text  ro code  0x008a58   0x2f  stm8s_clk.o [1]
  .near_func.text  ro code  0x008a87   0x2f  stm8s_i2c.o [1]
  .near_func.text  ro code  0x008ab6   0x25  stm8s_i2c.o [1]
  .near_func.text  ro code  0x008adb   0x25  dc_util.o [4]
  .near_func.text  ro code  0x008b00   0x18  long_util.o [4]
  .near_func.text  ro code  0x008b18   0x14  init.o [4]
  .near_func.text  ro code  0x008b2c   0x14  __dbg_xxexit.o [3]
  .near_func.text  ro code  0x008b40   0x13  gpio.o [1]
  .near_func.text  ro code  0x008b53   0x13  gpio.o [1]
  .near_func.text  ro code  0x008b66   0x13  gpio.o [1]
  .near_func.text  ro code  0x008b79   0x13  cstartup.o [4]
  .near_func.text  ro code  0x008b8c   0x11  gpio.o [1]
  .near_func.text  ro code  0x008b9d   0x11  gpio.o [1]
  .near_func.text  ro code  0x008bae    0x9  gpio.o [1]
  .near_func.text  ro code  0x008bb7    0x8  gpio.o [1]
  .near_func.text  ro code  0x008bbf    0x8  gpio.o [1]
  .near_func.text  ro code  0x008bc7    0x7  stm8s_gpio.o [1]
  .near_func.text  ro code  0x008bce    0x7  stm8s_gpio.o [1]
  .near_func.text  ro code  0x008bd5    0x5  cexit.o [4]
  .near.rodata     const    0x008bda    0x4  stm8s_clk.o [1]
  .near_func.text  ro code  0x008bde    0x4  stm8s_gpio.o [1]
  .near_func.text  ro code  0x008be2    0x3  interrupt.o [4]
  .near_func.text  ro code  0x008be5    0x3  low_level_init.o [4]
  .near_func.text  ro code  0x008be8    0x3  exit.o [4]
  .near_func.text  ro code  0x008beb    0x3  unhandled_exception.o [4]
  .near_func.text  ro code  0x008bee    0x2  main.o [1]
  .near_func.text  ro code  0x008bf0    0x1  __dbg_break.o [3]
                          - 0x008bf1  0xb71



*******************************************************************************
*** MODULE SUMMARY
***

    Module                 ro code  ro data  rw data
    ------                 -------  -------  -------
C:\Users\Huybeo\Desktop\FLEA\03_workspace\Huy\Test_STM\STM8_testProject\Project\Debug\Obj: [1]
    I2C.o                       63
    gpio.o                     268
    main.o                      62
    stm8s_clk.o                689      100
    stm8s_gpio.o               290       97
    stm8s_i2c.o                625       96
    ------------------------------------------------
    Total:                   1 997      293

command line: [2]
    ------------------------------------------------
    Total:

dbgstm8smd.a: [3]
    __dbg_break.o                1
    __dbg_xxexit.o              20
    ------------------------------------------------
    Total:                      21

dlstm8smn.a: [4]
    cexit.o                      5
    cstartup.o                  19
    dc_util.o                   37
    exit.o                       3
    init.o                      20
    interrupt.o                  3      128
    long.o                     272
    long_util.o                 24
    low_level_init.o             3
    short.o                     71
    unhandled_exception.o        3
    vreg_util.o                158
    vregs.o                                       16
    ------------------------------------------------
    Total:                     618      128       16

    Linker created                               256
----------------------------------------------------
    Grand Total:             2 636      421      272


*******************************************************************************
*** ENTRY LIST
***

Entry                      Address   Size  Type      Object
-----                      -------   ----  ----      ------
?b0                       0x000000         Data  Gb  vregs.o [4]
?b1                       0x000001         Data  Gb  vregs.o [4]
?b10                      0x00000a         Data  Gb  vregs.o [4]
?b11                      0x00000b         Data  Gb  vregs.o [4]
?b12                      0x00000c         Data  Gb  vregs.o [4]
?b13                      0x00000d         Data  Gb  vregs.o [4]
?b14                      0x00000e         Data  Gb  vregs.o [4]
?b15                      0x00000f         Data  Gb  vregs.o [4]
?b2                       0x000002         Data  Gb  vregs.o [4]
?b3                       0x000003         Data  Gb  vregs.o [4]
?b4                       0x000004         Data  Gb  vregs.o [4]
?b5                       0x000005         Data  Gb  vregs.o [4]
?b6                       0x000006         Data  Gb  vregs.o [4]
?b7                       0x000007         Data  Gb  vregs.o [4]
?b8                       0x000008         Data  Gb  vregs.o [4]
?b9                       0x000009         Data  Gb  vregs.o [4]
?dc32_l0                  0x008adb         Code  Gb  dc_util.o [4]
?dc32_l1                  0x008ae8         Code  Gb  dc_util.o [4]
?dc32_px                  0x008af5         Code  Gb  dc_util.o [4]
?e0                       0x000001         Data  Gb  vregs.o [4]
?e1                       0x000005         Data  Gb  vregs.o [4]
?e2                       0x000009         Data  Gb  vregs.o [4]
?e3                       0x00000d         Data  Gb  vregs.o [4]
?epilogue_l2              0x0085c5         Code  Gb  vreg_util.o [4]
?epilogue_l2_l3           0x0085c2         Code  Gb  vreg_util.o [4]
?epilogue_w4              0x0085c9         Code  Gb  vreg_util.o [4]
?l0                       0x000000         Data  Gb  vregs.o [4]
?l1                       0x000004         Data  Gb  vregs.o [4]
?l2                       0x000008         Data  Gb  vregs.o [4]
?l3                       0x00000c         Data  Gb  vregs.o [4]
?load32_l0_0x             0x008b00         Code  Gb  long_util.o [4]
?load32_l1_0x             0x008b0c         Code  Gb  long_util.o [4]
?mov_e0_e2                0x0085d0         Code  Gb  vreg_util.o [4]
?mov_e1_e2                0x0085dd         Code  Gb  vreg_util.o [4]
?mov_e2_e0                0x0085ea         Code  Gb  vreg_util.o [4]
?mov_l0_l2                0x0085cd         Code  Gb  vreg_util.o [4]
?mov_l1_l2                0x0085da         Code  Gb  vreg_util.o [4]
?mov_l2_l0                0x0085e7         Code  Gb  vreg_util.o [4]
?mov_w1_w5                0x0085d3         Code  Gb  vreg_util.o [4]
?mov_w3_w5                0x0085e0         Code  Gb  vreg_util.o [4]
?mov_w5_w1                0x0085ed         Code  Gb  vreg_util.o [4]
?mul16_x_x_w0             0x008846         Code  Gb  short.o [4]
?mul32_l0_l0_0x           0x00836b         Code  Gb  long.o [4]
?mul32_l0_l0_dl           0x008368         Code  Gb  long.o [4]
?mul32_l0_l0_l1           0x008374         Code  Gb  long.o [4]
?pop_l2                   0x0085a4         Code  Gb  vreg_util.o [4]
?pop_l3                   0x0085af         Code  Gb  vreg_util.o [4]
?pop_w4                   0x00856e         Code  Gb  vreg_util.o [4]
?push_l2                  0x00857d         Code  Gb  vreg_util.o [4]
?push_l3                  0x008582         Code  Gb  vreg_util.o [4]
?push_w4                  0x008556         Code  Gb  vreg_util.o [4]
?sdiv16_x_x_y             0x008864         Code  Gb  short.o [4]
?sll16_x_x_a              0x00887d         Code  Gb  short.o [4]
?sll32_0x_0x_a            0x00846a         Code  Gb  long.o [4]
?sll32_l0_l0_a            0x008467         Code  Gb  long.o [4]
?srl16_x_x_4              0x008888         Code  Gb  short.o [4]
?srl16_x_x_5              0x008887         Code  Gb  short.o [4]
?srl16_x_x_6              0x008886         Code  Gb  short.o [4]
?srl16_x_x_7              0x008885         Code  Gb  short.o [4]
?udiv32_l0_dl_l1          0x0083f2         Code  Gb  long.o [4]
?udiv32_l0_l0_dl          0x0083f7         Code  Gb  long.o [4]
?udiv32_l0_l0_l1          0x0083fa         Code  Gb  long.o [4]
?umod32_l1_l0_l1          0x0083fa         Code  Gb  long.o [4]
?w0                       0x000000         Data  Gb  vregs.o [4]
?w1                       0x000002         Data  Gb  vregs.o [4]
?w2                       0x000004         Data  Gb  vregs.o [4]
?w3                       0x000006         Data  Gb  vregs.o [4]
?w4                       0x000008         Data  Gb  vregs.o [4]
?w5                       0x00000a         Data  Gb  vregs.o [4]
?w6                       0x00000c         Data  Gb  vregs.o [4]
?w7                       0x00000e         Data  Gb  vregs.o [4]
CLK_AdjustHSICalibrationValue
                          0x0087f7   0x4f  Code  Gb  stm8s_clk.o [1]
CLK_DeInit                0x00898a   0x36  Code  Gb  stm8s_clk.o [1]
CLK_GetClockFreq          0x0087a0   0x57  Code  Gb  stm8s_clk.o [1]
CLK_HSICmd                0x008a58   0x2f  Code  Gb  stm8s_clk.o [1]
CLK_HSIPrescalerConfig    0x008911   0x3d  Code  Gb  stm8s_clk.o [1]
CLK_PeripheralClockConfig
                          0x008478   0xde  Code  Gb  stm8s_clk.o [1]
CLK_SYSCLKConfig          0x0085f4   0x8b  Code  Gb  stm8s_clk.o [1]
CSTACK$$Base              0x000300          --   Gb  - Linker created -
CSTACK$$Limit             0x000400          --   Gb  - Linker created -
Delay                     0x008bae    0x9  Code  Gb  gpio.o [1]
GPIO_Init                 0x008258  0x110  Code  Gb  stm8s_gpio.o [1]
GPIO_ReadInputPin         0x008bce    0x7  Code  Gb  stm8s_gpio.o [1]
GPIO_WriteHigh            0x008bc7    0x7  Code  Gb  stm8s_gpio.o [1]
GPIO_WriteLow             0x008bde    0x4  Code  Gb  stm8s_gpio.o [1]
HSIDivFactor              0x008bda    0x4  Data  Gb  stm8s_clk.o [1]
I2C_AcknowledgeConfig     0x00888d   0x45  Code  Gb  stm8s_i2c.o [1]
I2C_Cmd                   0x008a87   0x2f  Code  Gb  stm8s_i2c.o [1]
I2C_DeInit                0x008ab6   0x25  Code  Gb  stm8s_i2c.o [1]
I2C_Init                  0x008080  0x1d8  Code  Gb  stm8s_i2c.o [1]
INTVEC$$Base              0x008000          --   Gb  - Linker created -
INTVEC$$Limit             0x008080          --   Gb  - Linker created -
Region$$Table$$Base     0x00000000          --   Gb  - Linker created -
Region$$Table$$Limit    0x00000000          --   Gb  - Linker created -
__DebugBreak              0x008bf0    0x1  Code  Gb  __dbg_break.o [3]
__exit                    0x008b2c   0x14  Code  Gb  __dbg_xxexit.o [3]
__iar_data_init2          0x008b18   0x14  Code  Gb  init.o [4]
__iar_program_start       0x008b79         Code  Gb  cstartup.o [4]
__iar_unhandled_exception
                          0x008beb         Code  Gb  unhandled_exception.o [4]
__intvec                  0x008000         Data  Gb  interrupt.o [4]
__low_level_init          0x008be5    0x3  Code  Gb  low_level_init.o [4]
_exit                     0x008bd5         Code  Gb  cexit.o [4]
assert_failed             0x008bee    0x2  Code  Gb  main.o [1]
button_1Check             0x008b8c   0x11  Code  Gb  gpio.o [1]
button_2Check             0x008b9d   0x11  Code  Gb  gpio.o [1]
buzzer                    0x008b40   0x13  Code  Gb  gpio.o [1]
exit                      0x008be8    0x3  Code  Gb  exit.o [4]
gpioInit                  0x008a28   0x30  Code  Gb  gpio.o [1]
init_i2c                  0x0088d2   0x3f  Code  Gb  I2C.o [1]
ledOff                    0x008bbf    0x8  Code  Gb  gpio.o [1]
ledOn                     0x008bb7    0x8  Code  Gb  gpio.o [1]
main                      0x00894e   0x3c  Code  Gb  main.o [1]
relay_1                   0x008b53   0x13  Code  Gb  gpio.o [1]
relay_2                   0x008b66   0x13  Code  Gb  gpio.o [1]
sw_1Check                 0x0089c0   0x34  Code  Gb  gpio.o [1]
sw_2Check                 0x0089f4   0x34  Code  Gb  gpio.o [1]


[1] = C:\Users\Huybeo\Desktop\FLEA\03_workspace\Huy\Test_STM\STM8_testProject\Project\Debug\Obj
[2] = command line
[3] = dbgstm8smd.a
[4] = dlstm8smn.a

  2 636 bytes of readonly  code memory
    421 bytes of readonly  data memory
    272 bytes of readwrite data memory

Errors: none
Warnings: none
