###############################################################################
#
# IAR ELF Linker V3.10.1.201 for STM8                     18/Jul/2017  17:32:39
# Copyright 2010-2017 IAR Systems AB.
#
#    Output file  =  
#        E:\workspaceNew\FLEA_Firmware\ESP-STM\03_workspace\Nguyen\STM\Project\Release\Exe\bm.out
#    Map file     =  
#        E:\workspaceNew\FLEA_Firmware\ESP-STM\03_workspace\Nguyen\STM\Project\Release\List\bm.map
#    Command line =  
#        -f C:\Users\nhocn\AppData\Local\Temp\EWD95.tmp
#        (E:\workspaceNew\FLEA_Firmware\ESP-STM\03_workspace\Nguyen\STM\Project\Release\Obj\bh1750.o
#        E:\workspaceNew\FLEA_Firmware\ESP-STM\03_workspace\Nguyen\STM\Project\Release\Obj\ds1307.o
#        E:\workspaceNew\FLEA_Firmware\ESP-STM\03_workspace\Nguyen\STM\Project\Release\Obj\gpio.o
#        E:\workspaceNew\FLEA_Firmware\ESP-STM\03_workspace\Nguyen\STM\Project\Release\Obj\i2c.o
#        E:\workspaceNew\FLEA_Firmware\ESP-STM\03_workspace\Nguyen\STM\Project\Release\Obj\layerHardware.o
#        E:\workspaceNew\FLEA_Firmware\ESP-STM\03_workspace\Nguyen\STM\Project\Release\Obj\main.o
#        E:\workspaceNew\FLEA_Firmware\ESP-STM\03_workspace\Nguyen\STM\Project\Release\Obj\pwm.o
#        E:\workspaceNew\FLEA_Firmware\ESP-STM\03_workspace\Nguyen\STM\Project\Release\Obj\sht1x.o
#        E:\workspaceNew\FLEA_Firmware\ESP-STM\03_workspace\Nguyen\STM\Project\Release\Obj\stateMachine.o
#        E:\workspaceNew\FLEA_Firmware\ESP-STM\03_workspace\Nguyen\STM\Project\Release\Obj\stm8s_clk.o
#        E:\workspaceNew\FLEA_Firmware\ESP-STM\03_workspace\Nguyen\STM\Project\Release\Obj\stm8s_exti.o
#        E:\workspaceNew\FLEA_Firmware\ESP-STM\03_workspace\Nguyen\STM\Project\Release\Obj\stm8s_flash.o
#        E:\workspaceNew\FLEA_Firmware\ESP-STM\03_workspace\Nguyen\STM\Project\Release\Obj\stm8s_gpio.o
#        E:\workspaceNew\FLEA_Firmware\ESP-STM\03_workspace\Nguyen\STM\Project\Release\Obj\stm8s_i2c.o
#        E:\workspaceNew\FLEA_Firmware\ESP-STM\03_workspace\Nguyen\STM\Project\Release\Obj\stm8s_iwdg.o
#        E:\workspaceNew\FLEA_Firmware\ESP-STM\03_workspace\Nguyen\STM\Project\Release\Obj\stm8s_tim1.o
#        E:\workspaceNew\FLEA_Firmware\ESP-STM\03_workspace\Nguyen\STM\Project\Release\Obj\stm8s_tim2.o
#        E:\workspaceNew\FLEA_Firmware\ESP-STM\03_workspace\Nguyen\STM\Project\Release\Obj\stm8s_uart1.o
#        E:\workspaceNew\FLEA_Firmware\ESP-STM\03_workspace\Nguyen\STM\Project\Release\Obj\timer.o
#        E:\workspaceNew\FLEA_Firmware\ESP-STM\03_workspace\Nguyen\STM\Project\Release\Obj\uart.o
#        --redirect _Printf=_PrintfFullNoMb --redirect _Scanf=_ScanfFullNoMb -o
#        E:\workspaceNew\FLEA_Firmware\ESP-STM\03_workspace\Nguyen\STM\Project\Release\Exe\bm.out
#        --map
#        E:\workspaceNew\FLEA_Firmware\ESP-STM\03_workspace\Nguyen\STM\Project\Release\List\bm.map
#        --config "C:\Program Files (x86)\IAR Systems\Embedded Workbench
#        8.0\stm8\config\lnkstm8s103f3.icf" --config_def _CSTACK_SIZE=0x100
#        --config_def _HEAP_SIZE=0x100 --entry __iar_program_start)
#
###############################################################################

*******************************************************************************
*** RUNTIME MODEL ATTRIBUTES
***

__SystemLibrary            = DLib
__code_model               = small
__core                     = stm8
__data_model               = medium
__dlib_file_descriptor     = 0
__dlib_full_locale_support = 0
__rt_version               = 4


*******************************************************************************
*** PLACEMENT SUMMARY
***

"A0":  place at start of [0x000000-0x0000ff] { rw section .vregs };
"A1":  place at end of [0x000000-0x0003ff] { block CSTACK };
"P2":  place in [from 0x000000 to 0x0003ff] {
          block HEAP, rw section __DLIB_PERTHREAD, rw section .far.bss,
          rw section .far.data, rw section .far.noinit,
          rw section .far_func.textrw, rw section .huge.bss,
          rw section .huge.data, rw section .huge.noinit,
          rw section .huge_func.textrw, rw section .iar.dynexit,
          rw section .near.bss, rw section .near.data, rw section .near.noinit,
          rw section .near_func.textrw };
"A2":  place at start of [0x008000-0x009fff] { block INTVEC };
"P3":  place in [from 0x008000 to 0x009fff] {
          ro section __DLIB_PERTHREAD_init, ro section .far.data_init,
          ro section .far_func.textrw_init, ro section .huge.data_init,
          ro section .huge_func.textrw_init, ro section .iar.init_table,
          ro section .init_array, ro section .near.data_init,
          ro section .near.rodata, ro section .near_func.text,
          ro section .near_func.textrw_init, ro section .tiny.data_init,
          ro section .tiny.rodata_init };
"P4":  place in [from 0x008000 to 0x009fff] {
          ro section .far.rodata, ro section .far_func.text };
"P5":  place in [from 0x008000 to 0x009fff] {
          ro section .huge.rodata, ro section .huge_func.text };
do not initialize {
   rw section .eeprom.noinit, rw section .far.noinit, rw section .huge.noinit,
   rw section .near.noinit, rw section .tiny.noinit, rw section .vregs };
initialize by copy {
   rw section .far.bss, rw section .far.data, rw section .far_func.textrw,
   rw section .huge.bss, rw section .huge.data, rw section .huge_func.textrw,
   rw section .iar.dynexit, rw section .near.bss, rw section .near.data,
   rw section .near_func.textrw, rw section .tiny.bss, rw section .tiny.data,
   ro section .tiny.rodata };

  Section            Kind      Address    Size  Object
  -------            ----      -------    ----  ------
"A0":                                     0x10
  .vregs             uninit   0x000000    0x10  vregs.o [4]
                            - 0x000010    0x10

"P2", part 1 of 2:                         0xe
  P2-1                        0x000010     0xe  <Init block>
    .near.data       inited   0x000010     0xd  stateMachine.o [1]
    .near.data       inited   0x00001d     0x1  uart.o [1]
                            - 0x00001e     0xe

"P2", part 2 of 2:                       0x116
  .near.bss          zero     0x00001e   0x100  uart.o [1]
  .near.bss          zero     0x00011e     0xc  stateMachine.o [1]
  .near.bss          zero     0x00012a     0x4  layerHardware.o [1]
  .near.bss          zero     0x00012e     0x4  stateMachine.o [1]
  .near.bss          zero     0x000132     0x1  stateMachine.o [1]
  .near.bss          zero     0x000133     0x1  uart.o [1]
                            - 0x000134   0x116

"A1":                                    0x100
  CSTACK                      0x000300   0x100  <Block>
    CSTACK           uninit   0x000300   0x100  <Block tail>
                            - 0x000400   0x100

"A2":                                     0x80
  INTVEC                      0x008000    0x80  <Block>
    .intvec          const    0x008000    0x80  interrupt.o [4]
                            - 0x008080    0x80

"P3-P5":                                0x1a27
  .near_func.text    ro code  0x008080   0x2ca  float.o [4]
  .near_func.text    ro code  0x00834a   0x22e  stm8s_uart1.o [1]
  .near_func.text    ro code  0x008578   0x143  long.o [4]
  .near_func.text    ro code  0x0086bb   0x119  vreg_util.o [4]
  .near_func.text    ro code  0x0087d4   0x112  stm8s_gpio.o [1]
  .near_func.text    ro code  0x0088e6    0xfc  sht1x.o [1]
  .near_func.text    ro code  0x0089e2    0xdb  stm8s_clk.o [1]
  .near_func.text    ro code  0x008abd    0xd6  sht1x.o [1]
  .near_func.text    ro code  0x008b93    0xcc  stm8s_uart1.o [1]
  .near_func.text    ro code  0x008c5f    0xae  stm8s_uart1.o [1]
  .near_func.text    ro code  0x008d0d    0x8b  stm8s_clk.o [1]
  .near_func.text    ro code  0x008d98    0x85  stateMachine.o [1]
  .near_func.text    ro code  0x008e1d    0x7b  stm8s_clk.o [1]
  .near_func.text    ro code  0x008e98    0x6d  stateMachine.o [1]
  .near_func.text    ro code  0x008f05    0x6b  stateMachine.o [1]
  .near_func.text    ro code  0x008f70    0x65  long_util.o [4]
  .near_func.text    ro code  0x008fd5    0x62  layerHardware.o [1]
  .near_func.text    ro code  0x009037    0x61  sht1x.o [1]
  .near.rodata       const    0x009098    0x5a  stm8s_flash.o [1]
  .near.rodata       const    0x0090f2    0x5a  stm8s_uart1.o [1]
  .near.rodata       const    0x00914c    0x59  stm8s_gpio.o [1]
  .near.rodata       const    0x0091a5    0x59  stm8s_tim2.o [1]
  .near_func.text    ro code  0x0091fe    0x59  sht1x.o [1]
  .near_func.text    ro code  0x009257    0x59  stm8s_tim2.o [1]
  .near.rodata       const    0x0092b0    0x58  stm8s_clk.o [1]
  .near_func.text    ro code  0x009308    0x56  sht1x.o [1]
  .near_func.text    ro code  0x00935e    0x52  stm8s_tim2.o [1]
  .near_func.text    ro code  0x0093b0    0x4f  stm8s_clk.o [1]
  .near_func.text    ro code  0x0093ff    0x4b  sht1x.o [1]
  .near_func.text    ro code  0x00944a    0x4b  stateMachine.o [1]
  .near_func.text    ro code  0x009495    0x43  sht1x.o [1]
  .near_func.text    ro code  0x0094d8    0x43  stateMachine.o [1]
  .near_func.text    ro code  0x00951b    0x3f  uart.o [1]
  .near_func.text    ro code  0x00955a    0x3d  stm8s_clk.o [1]
  .near_func.text    ro code  0x009597    0x3b  stm8s_flash.o [1]
  .near_func.text    ro code  0x0095d2    0x39  layerHardware.o [1]
  .near_func.text    ro code  0x00960b    0x36  stm8s_clk.o [1]
  .near_func.text    ro code  0x009641    0x35  stm8s_uart1.o [1]
  .near_func.text    ro code  0x009676    0x35  uart.o [1]
  .near_func.text    ro code  0x0096ab    0x33  stateMachine.o [1]
  .near_func.text    ro code  0x0096de    0x2f  stm8s_clk.o [1]
  .near_func.text    ro code  0x00970d    0x2f  stm8s_tim2.o [1]
  .near_func.text    ro code  0x00973c    0x2e  main.o [1]
  .near_func.text    ro code  0x00976a    0x2d  stm8s_uart1.o [1]
  .near_func.text    ro code  0x009797    0x29  gpio.o [1]
  .near_func.text    ro code  0x0097c0    0x29  uart.o [1]
  .near_func.text    ro code  0x0097e9    0x28  init_small.o [4]
  .near_func.text    ro code  0x009811    0x27  layerHardware.o [1]
  .near_func.text    ro code  0x009838    0x27  stateMachine.o [1]
  .near_func.text    ro code  0x00985f    0x27  stm8s_tim2.o [1]
  .near_func.text    ro code  0x009886    0x25  uart.o [1]
  .near_func.text    ro code  0x0098ab    0x25  dc_util.o [4]
  .near_func.text    ro code  0x0098d0    0x23  gpio.o [1]
  .near_func.text    ro code  0x0098f3    0x21  stateMachine.o [1]
  .iar.init_table    const    0x009914    0x12  - Linker created -
  .near_func.text    ro code  0x009926    0x20  timer.o [1]
  .near_func.text    ro code  0x009946    0x20  uart.o [1]
  .near_func.text    ro code  0x009966    0x1e  init_small.o [4]
  .near_func.text    ro code  0x009984    0x1d  gpio.o [1]
  .near_func.text    ro code  0x0099a1    0x1d  stateMachine.o [1]
  .near_func.text    ro code  0x0099be    0x1a  stateMachine.o [1]
  .near_func.text    ro code  0x0099d8    0x18  uart.o [1]
  .near_func.text    ro code  0x0099f0    0x14  init.o [4]
  .near_func.text    ro code  0x009a04    0x13  cstartup.o [4]
  .near_func.text    ro code  0x009a17    0x10  stm8s_tim2.o [1]
  .near_func.text    ro code  0x009a27     0xe  stm8s_uart1.o [1]
  Initializer bytes  const    0x009a35     0xe  <for P2-1>
  .near_func.text    ro code  0x009a43     0xd  sht1x.o [1]
  .near_func.text    ro code  0x009a50     0xd  short.o [4]
  .near_func.text    ro code  0x009a5d     0xa  timer.o [1]
  .near_func.text    ro code  0x009a67     0x9  stm8s_gpio.o [1]
  .near_func.text    ro code  0x009a70     0x8  stm8s_gpio.o [1]
  .near_func.text    ro code  0x009a78     0x7  layerHardware.o [1]
  .near_func.text    ro code  0x009a7f     0x7  stm8s_gpio.o [1]
  .near_func.text    ro code  0x009a86     0x5  cexit.o [4]
  .near.rodata       const    0x009a8b     0x4  stm8s_clk.o [1]
  .near_func.text    ro code  0x009a8f     0x4  stm8s_uart1.o [1]
  .near_func.text    ro code  0x009a93     0x4  stm8s_uart1.o [1]
  .near_func.text    ro code  0x009a97     0x3  interrupt.o [4]
  .near_func.text    ro code  0x009a9a     0x3  low_level_init.o [4]
  .near_func.text    ro code  0x009a9d     0x3  exit.o [4]
  .near_func.text    ro code  0x009aa0     0x3  unhandled_exception.o [4]
  .near_func.text    ro code  0x009aa3     0x2  xxexit.o [3]
  .near_func.text    ro code  0x009aa5     0x1  main.o [1]
  .near_func.text    ro code  0x009aa6     0x1  stateMachine.o [1]
                            - 0x009aa7  0x1a27


*******************************************************************************
*** INIT TABLE
***

          Address   Size
          -------   ----
Zero (__iar_zero_init2)
    1 destination range, total size 0x116:
          0x00001e  0x116

Copy (__iar_copy_init2)
    1 source range, total size 0xe:
          0x009a35    0xe
    1 destination range, total size 0xe:
          0x000010    0xe



*******************************************************************************
*** MODULE SUMMARY
***

    Module                 ro code  ro data  rw data
    ------                 -------  -------  -------
E:\workspaceNew\FLEA_Firmware\ESP-STM\03_workspace\Nguyen\STM\Project\Release\Obj: [1]
    gpio.o                     105
    layerHardware.o            201                 4
    main.o                      47
    sht1x.o                    893
    stateMachine.o             670       13       30
    stm8s_clk.o                722       92
    stm8s_flash.o               59       90
    stm8s_gpio.o               298       89
    stm8s_tim2.o               273       89
    stm8s_uart1.o            1 056       90
    timer.o                     42
    uart.o                     250        1      258
    ------------------------------------------------
    Total:                   4 616      464      292

command line: [2]
    ------------------------------------------------
    Total:

dbgstm8smn.a: [3]
    xxexit.o                     2
    ------------------------------------------------
    Total:                       2

dlstm8smn.a: [4]
    cexit.o                      5
    cstartup.o                  19
    dc_util.o                   37
    exit.o                       3
    float.o                    714
    init.o                      20
    init_small.o                70
    interrupt.o                  3      128
    long.o                     323
    long_util.o                101
    low_level_init.o             3
    short.o                     13
    unhandled_exception.o        3
    vreg_util.o                281
    vregs.o                                       16
    ------------------------------------------------
    Total:                   1 595      128       16

    Linker created                       18      256
----------------------------------------------------
    Grand Total:             6 213      610      564


*******************************************************************************
*** ENTRY LIST
***

Entry                    Address   Size  Type      Object
-----                    -------   ----  ----      ------
.iar.init_table$$Base   0x009914          --   Gb  - Linker created -
.iar.init_table$$Limit  0x009926          --   Gb  - Linker created -
?b0                     0x000000         Data  Gb  vregs.o [4]
?b1                     0x000001         Data  Gb  vregs.o [4]
?b10                    0x00000a         Data  Gb  vregs.o [4]
?b11                    0x00000b         Data  Gb  vregs.o [4]
?b12                    0x00000c         Data  Gb  vregs.o [4]
?b13                    0x00000d         Data  Gb  vregs.o [4]
?b14                    0x00000e         Data  Gb  vregs.o [4]
?b15                    0x00000f         Data  Gb  vregs.o [4]
?b2                     0x000002         Data  Gb  vregs.o [4]
?b3                     0x000003         Data  Gb  vregs.o [4]
?b4                     0x000004         Data  Gb  vregs.o [4]
?b5                     0x000005         Data  Gb  vregs.o [4]
?b6                     0x000006         Data  Gb  vregs.o [4]
?b7                     0x000007         Data  Gb  vregs.o [4]
?b8                     0x000008         Data  Gb  vregs.o [4]
?b9                     0x000009         Data  Gb  vregs.o [4]
?dc32_l0                0x0098ab         Code  Gb  dc_util.o [4]
?dc32_l1                0x0098b8         Code  Gb  dc_util.o [4]
?dc32_px                0x0098c5         Code  Gb  dc_util.o [4]
?e0                     0x000001         Data  Gb  vregs.o [4]
?e1                     0x000005         Data  Gb  vregs.o [4]
?e2                     0x000009         Data  Gb  vregs.o [4]
?e3                     0x00000d         Data  Gb  vregs.o [4]
?epilogue_l2            0x008756         Code  Gb  vreg_util.o [4]
?epilogue_l2_l3         0x008753         Code  Gb  vreg_util.o [4]
?epilogue_l2_w6         0x00875a         Code  Gb  vreg_util.o [4]
?epilogue_w4            0x008761         Code  Gb  vreg_util.o [4]
?fadd32_l0_l0_dc32      0x00809d         Code  Gb  float.o [4]
?fadd32_l0_l0_l1        0x0080a2         Code  Gb  float.o [4]
?fcastf32u16_l0_x       0x00820a         Code  Gb  float.o [4]
?fcasts16f32_x_l0       0x008228         Code  Gb  float.o [4]
?fmul32_l0_l0_dc32      0x008170         Code  Gb  float.o [4]
?fmul32_l0_l0_l1        0x008175         Code  Gb  float.o [4]
?inc32_0x_0x            0x008582         Code  Gb  long.o [4]
?inc32_l0_l0            0x008578         Code  Gb  long.o [4]
?inc32_l2_l2            0x00857d         Code  Gb  long.o [4]
?l0                     0x000000         Data  Gb  vregs.o [4]
?l1                     0x000004         Data  Gb  vregs.o [4]
?l2                     0x000008         Data  Gb  vregs.o [4]
?l3                     0x00000c         Data  Gb  vregs.o [4]
?load32_0x_l0           0x008fb9         Code  Gb  long_util.o [4]
?load32_0x_l2           0x008fc7         Code  Gb  long_util.o [4]
?load32_asp_l0          0x008fad         Code  Gb  long_util.o [4]
?load32_dbsp_l0         0x008fa8         Code  Gb  long_util.o [4]
?load32_l0_0x           0x008f80         Code  Gb  long_util.o [4]
?load32_l0_asp          0x008f75         Code  Gb  long_util.o [4]
?load32_l0_dbsp         0x008f70         Code  Gb  long_util.o [4]
?load32_l0_xsp          0x008f77         Code  Gb  long_util.o [4]
?load32_l1_0x           0x008f9c         Code  Gb  long_util.o [4]
?load32_l1_asp          0x008f91         Code  Gb  long_util.o [4]
?load32_l1_dbsp         0x008f8c         Code  Gb  long_util.o [4]
?load32_l1_xsp          0x008f93         Code  Gb  long_util.o [4]
?load32_xsp_l0          0x008faf         Code  Gb  long_util.o [4]
?mov_e0_e1              0x00876f         Code  Gb  vreg_util.o [4]
?mov_e0_e2              0x00877c         Code  Gb  vreg_util.o [4]
?mov_e0_e3              0x008789         Code  Gb  vreg_util.o [4]
?mov_e1_e0              0x008796         Code  Gb  vreg_util.o [4]
?mov_e1_e2              0x0087a3         Code  Gb  vreg_util.o [4]
?mov_e1_e3              0x0087b0         Code  Gb  vreg_util.o [4]
?mov_e2_e0              0x0087bd         Code  Gb  vreg_util.o [4]
?mov_e3_e0              0x0087ca         Code  Gb  vreg_util.o [4]
?mov_l0_l1              0x00876c         Code  Gb  vreg_util.o [4]
?mov_l0_l2              0x008779         Code  Gb  vreg_util.o [4]
?mov_l0_l3              0x008786         Code  Gb  vreg_util.o [4]
?mov_l1_l0              0x008793         Code  Gb  vreg_util.o [4]
?mov_l1_l2              0x0087a0         Code  Gb  vreg_util.o [4]
?mov_l1_l3              0x0087ad         Code  Gb  vreg_util.o [4]
?mov_l2_l0              0x0087ba         Code  Gb  vreg_util.o [4]
?mov_l3_l0              0x0087c7         Code  Gb  vreg_util.o [4]
?mov_w1_w3              0x008772         Code  Gb  vreg_util.o [4]
?mov_w1_w5              0x00877f         Code  Gb  vreg_util.o [4]
?mov_w1_w7              0x00878c         Code  Gb  vreg_util.o [4]
?mov_w3_w1              0x008799         Code  Gb  vreg_util.o [4]
?mov_w3_w5              0x0087a6         Code  Gb  vreg_util.o [4]
?mov_w3_w7              0x0087b3         Code  Gb  vreg_util.o [4]
?mov_w5_w1              0x0087c0         Code  Gb  vreg_util.o [4]
?mov_w5_w4              0x008765         Code  Gb  vreg_util.o [4]
?mov_w7_w1              0x0087cd         Code  Gb  vreg_util.o [4]
?mul32_l0_l0_0x         0x0085ae         Code  Gb  long.o [4]
?mul32_l0_l0_dl         0x0085ab         Code  Gb  long.o [4]
?mul32_l0_l0_l1         0x0085b7         Code  Gb  long.o [4]
?pop_l0                 0x00871f         Code  Gb  vreg_util.o [4]
?pop_l1                 0x00872a         Code  Gb  vreg_util.o [4]
?pop_l2                 0x008735         Code  Gb  vreg_util.o [4]
?pop_l3                 0x008740         Code  Gb  vreg_util.o [4]
?pop_w4                 0x0086d8         Code  Gb  vreg_util.o [4]
?pop_w6                 0x0086df         Code  Gb  vreg_util.o [4]
?push_l0                0x0086ee         Code  Gb  vreg_util.o [4]
?push_l1                0x0086f3         Code  Gb  vreg_util.o [4]
?push_l2                0x0086f8         Code  Gb  vreg_util.o [4]
?push_l3                0x0086fd         Code  Gb  vreg_util.o [4]
?push_w4                0x0086bb         Code  Gb  vreg_util.o [4]
?push_w6                0x0086c0         Code  Gb  vreg_util.o [4]
?sll16_x_x_a            0x009a50         Code  Gb  short.o [4]
?sll32_0x_0x_a          0x0086ad         Code  Gb  long.o [4]
?sll32_l0_l0_a          0x0086aa         Code  Gb  long.o [4]
?srl16_x_x_4            0x009a58         Code  Gb  short.o [4]
?sub32_l0_l0_0x         0x008593         Code  Gb  long.o [4]
?sub32_l0_l0_l1         0x008590         Code  Gb  long.o [4]
?udiv32_l0_dl_l1        0x008635         Code  Gb  long.o [4]
?udiv32_l0_l0_dl        0x00863a         Code  Gb  long.o [4]
?udiv32_l0_l0_l1        0x00863d         Code  Gb  long.o [4]
?umod32_l1_l0_l1        0x00863d         Code  Gb  long.o [4]
?w0                     0x000000         Data  Gb  vregs.o [4]
?w1                     0x000002         Data  Gb  vregs.o [4]
?w2                     0x000004         Data  Gb  vregs.o [4]
?w3                     0x000006         Data  Gb  vregs.o [4]
?w4                     0x000008         Data  Gb  vregs.o [4]
?w5                     0x00000a         Data  Gb  vregs.o [4]
?w6                     0x00000c         Data  Gb  vregs.o [4]
?w7                     0x00000e         Data  Gb  vregs.o [4]
CLK_AdjustHSICalibrationValue
                        0x0093b0   0x4f  Code  Gb  stm8s_clk.o [1]
CLK_DeInit              0x00960b   0x36  Code  Gb  stm8s_clk.o [1]
CLK_GetClockFreq        0x008e1d   0x7b  Code  Gb  stm8s_clk.o [1]
CLK_HSICmd              0x0096de   0x2f  Code  Gb  stm8s_clk.o [1]
CLK_HSIPrescalerConfig  0x00955a   0x3d  Code  Gb  stm8s_clk.o [1]
CLK_PeripheralClockConfig
                        0x0089e2   0xdb  Code  Gb  stm8s_clk.o [1]
CLK_SYSCLKConfig        0x008d0d   0x8b  Code  Gb  stm8s_clk.o [1]
CSTACK$$Base            0x000300          --   Gb  - Linker created -
CSTACK$$Limit           0x000400          --   Gb  - Linker created -
FLASH_Unlock            0x009597   0x3b  Code  Gb  stm8s_flash.o [1]
GPIO_Init               0x0087d4  0x112  Code  Gb  stm8s_gpio.o [1]
GPIO_ReadInputPin       0x009a67    0x9  Code  Gb  stm8s_gpio.o [1]
GPIO_WriteHigh          0x009a7f    0x7  Code  Gb  stm8s_gpio.o [1]
GPIO_WriteLow           0x009a70    0x8  Code  Gb  stm8s_gpio.o [1]
HSIDivFactor            0x009a8b    0x4  Data  Gb  stm8s_clk.o [1]
INTVEC$$Base            0x008000          --   Gb  - Linker created -
INTVEC$$Limit           0x008080          --   Gb  - Linker created -
Region$$Table$$Base     0x009914          --   Gb  - Linker created -
Region$$Table$$Limit    0x009926          --   Gb  - Linker created -
TIM2_ClearITPendingBit  0x00985f   0x27  Code  Gb  stm8s_tim2.o [1]
TIM2_Cmd                0x00970d   0x2f  Code  Gb  stm8s_tim2.o [1]
TIM2_DeInit             0x009257   0x59  Code  Gb  stm8s_tim2.o [1]
TIM2_ITConfig           0x00935e   0x52  Code  Gb  stm8s_tim2.o [1]
TIM2_TimeBaseInit       0x009a17   0x10  Code  Gb  stm8s_tim2.o [1]
UART1_ClearITPendingBit
                        0x009641   0x35  Code  Gb  stm8s_uart1.o [1]
UART1_Cmd               0x009a27    0xe  Code  Gb  stm8s_uart1.o [1]
UART1_DeInit            0x00976a   0x2d  Code  Gb  stm8s_uart1.o [1]
UART1_GetFlagStatus     0x008c5f   0xae  Code  Gb  stm8s_uart1.o [1]
UART1_ITConfig          0x008b93   0xcc  Code  Gb  stm8s_uart1.o [1]
UART1_Init              0x00834a  0x22e  Code  Gb  stm8s_uart1.o [1]
UART1_ReceiveData8      0x009a8f    0x4  Code  Gb  stm8s_uart1.o [1]
UART1_SendData8         0x009a93    0x4  Code  Gb  stm8s_uart1.o [1]
__exit                  0x009aa3    0x2  Code  Gb  xxexit.o [3]
__iar_copy_init2        0x0097e9         Code  Gb  init_small.o [4]
__iar_data_init2        0x0099f0   0x14  Code  Gb  init.o [4]
__iar_program_start     0x009a04         Code  Gb  cstartup.o [4]
__iar_unhandled_exception
                        0x009aa0         Code  Gb  unhandled_exception.o [4]
__iar_zero_init2        0x009966         Code  Gb  init_small.o [4]
__intvec                0x008000         Data  Gb  interrupt.o [4]
__low_level_init        0x009a9a    0x3  Code  Gb  low_level_init.o [4]
_exit                   0x009a86         Code  Gb  cexit.o [4]
_interrupt_15           0x009811         Code  Gb  layerHardware.o [1]
_interrupt_20           0x00951b         Code  Gb  uart.o [1]
assert_failed           0x009aa5    0x1  Code  Gb  main.o [1]
cmdDo                   0x0098f3   0x21  Code  Gb  stateMachine.o [1]
cmdDoDim                0x008d98   0x85  Code  Gb  stateMachine.o [1]
cmdDoStatus             0x008e98   0x6d  Code  Gb  stateMachine.o [1]
cmdDoStatusOne          0x009838   0x27  Code  Gb  stateMachine.o [1]
cmdFrameClear           0x0096ab   0x33  Code  Gb  stateMachine.o [1]
cmdGet                  0x008f05   0x6b  Code  Gb  stateMachine.o [1]
deviceGetStatus         0x008fd5   0x62  Code  Gb  layerHardware.o [1]
deviceInit              0x0095d2   0x39  Code  Gb  layerHardware.o [1]
exit                    0x009a9d    0x3  Code  Gb  exit.o [4]
frameReceiveBuffer      0x00011e    0xc  Data  Gb  stateMachine.o [1]
frameTransmitBuffer     0x000010    0xd  Data  Gb  stateMachine.o [1]
gBufferUART             0x00001e  0x100  Data  Gb  uart.o [1]
gState                  0x000132    0x1  Data  Lc  stateMachine.o [1]
gTimerSecond            0x00012a    0x4  Data  Gb  layerHardware.o [1]
gpioPinMode             0x009984   0x1d  Code  Gb  gpio.o [1]
gpioReadPin             0x0098d0   0x23  Code  Gb  gpio.o [1]
gpioWritePin            0x009797   0x29  Code  Gb  gpio.o [1]
main                    0x00973c   0x2e  Code  Gb  main.o [1]
pBufferUARTRead         0x000133    0x1  Data  Gb  uart.o [1]
pBufferUARTWrite        0x00001d    0x1  Data  Gb  uart.o [1]
shtCheckACK             0x009495   0x43  Code  Gb  sht1x.o [1]
shtCmd                  0x009308   0x56  Code  Gb  sht1x.o [1]
shtInit                 0x009a43    0xd  Code  Gb  sht1x.o [1]
shtReadHumid            0x008abd   0xd6  Code  Gb  sht1x.o [1]
shtReadRaw              0x0088e6   0xfc  Code  Gb  sht1x.o [1]
shtReadTemp             0x009037   0x61  Code  Gb  sht1x.o [1]
shtStart                0x0091fe   0x59  Code  Gb  sht1x.o [1]
shtWaitConvert          0x0093ff   0x4b  Code  Gb  sht1x.o [1]
stateIdle               0x009aa6    0x1  Code  Gb  stateMachine.o [1]
stateMachine            0x0099a1   0x1d  Code  Gb  stateMachine.o [1]
stateSensor             0x00944a   0x4b  Code  Gb  stateMachine.o [1]
stateUART               0x0099be   0x1a  Code  Gb  stateMachine.o [1]
stateUpdate             0x0094d8   0x43  Code  Gb  stateMachine.o [1]
timerGetSecond          0x009a78    0x7  Code  Gb  layerHardware.o [1]
timerInit               0x009926   0x20  Code  Gb  timer.o [1]
timerInt                0x009811   0x27  Code  Gb  layerHardware.o [1]
timerIntEnable          0x009a5d    0xa  Code  Gb  timer.o [1]
uartAvailable           0x009886   0x25  Code  Gb  uart.o [1]
uartInit                0x009676   0x35  Code  Gb  uart.o [1]
uartRead                0x009946   0x20  Code  Gb  uart.o [1]
uartRxIntHandler        0x00951b   0x3f  Code  Gb  uart.o [1]
uartWrite               0x0097c0   0x29  Code  Gb  uart.o [1]
uartWriteByte           0x0099d8   0x18  Code  Gb  uart.o [1]


[1] = E:\workspaceNew\FLEA_Firmware\ESP-STM\03_workspace\Nguyen\STM\Project\Release\Obj
[2] = command line
[3] = dbgstm8smn.a
[4] = dlstm8smn.a

  6 213 bytes of readonly  code memory
    610 bytes of readonly  data memory
    564 bytes of readwrite data memory

Errors: none
Warnings: none
