###############################################################################
#
# IAR ELF Linker V2.20.1.176 for STM8                     24/Jul/2017  16:31:47
# Copyright 2010-2015 IAR Systems AB.
#
#    Output file  =  E:\workspaceNew\STM8S103\1_Project\Debug\Exe\STM8S103.out
#    Map file     =  E:\workspaceNew\STM8S103\1_Project\Debug\List\STM8S103.map
#    Command line =  
#        E:\workspaceNew\STM8S103\1_Project\Debug\Obj\button.o
#        E:\workspaceNew\STM8S103\1_Project\Debug\Obj\device.o
#        E:\workspaceNew\STM8S103\1_Project\Debug\Obj\ds1307.o
#        E:\workspaceNew\STM8S103\1_Project\Debug\Obj\eeprom.o
#        E:\workspaceNew\STM8S103\1_Project\Debug\Obj\gpio.o
#        E:\workspaceNew\STM8S103\1_Project\Debug\Obj\i2c.o
#        E:\workspaceNew\STM8S103\1_Project\Debug\Obj\main.o
#        E:\workspaceNew\STM8S103\1_Project\Debug\Obj\rtc.o
#        E:\workspaceNew\STM8S103\1_Project\Debug\Obj\serialProtocol.o
#        E:\workspaceNew\STM8S103\1_Project\Debug\Obj\sht1x.o
#        E:\workspaceNew\STM8S103\1_Project\Debug\Obj\StateMachine.o
#        E:\workspaceNew\STM8S103\1_Project\Debug\Obj\stm8s_clk.o
#        E:\workspaceNew\STM8S103\1_Project\Debug\Obj\stm8s_flash.o
#        E:\workspaceNew\STM8S103\1_Project\Debug\Obj\stm8s_gpio.o
#        E:\workspaceNew\STM8S103\1_Project\Debug\Obj\stm8s_i2c.o
#        E:\workspaceNew\STM8S103\1_Project\Debug\Obj\stm8s_tim2.o
#        E:\workspaceNew\STM8S103\1_Project\Debug\Obj\stm8s_uart1.o
#        E:\workspaceNew\STM8S103\1_Project\Debug\Obj\timer.o
#        E:\workspaceNew\STM8S103\1_Project\Debug\Obj\uart.o --redirect
#        _Printf=_PrintfSmall --redirect _Scanf=_ScanfSmall -o
#        E:\workspaceNew\STM8S103\1_Project\Debug\Exe\STM8S103.out --map
#        E:\workspaceNew\STM8S103\1_Project\Debug\List\STM8S103.map --config
#        "C:\Program Files (x86)\IAR Systems\Embedded Workbench
#        7.3\stm8\config\lnkstm8s103f3.icf" --config_def _CSTACK_SIZE=0x100
#        --config_def _HEAP_SIZE=0x100 --entry __iar_program_start --debug_lib
#
###############################################################################

*******************************************************************************
*** RUNTIME MODEL ATTRIBUTES
***

__SystemLibrary            = DLib
__code_model               = small
__core                     = stm8
__data_model               = medium
__dlib_file_descriptor     = 0
__dlib_full_locale_support = 0
__rt_version               = 4


*******************************************************************************
*** PLACEMENT SUMMARY
***

"A1":  place at start of [0x000000-0x0000ff] { rw section .vregs };
"A2":  place at end of [0x000000-0x0003ff] { block CSTACK };
"P2":  place in [from 0x000000 to 0x0003ff] {
          block HEAP, rw section __DLIB_PERTHREAD, rw section .far.bss,
          rw section .far.data, rw section .far.noinit,
          rw section .far_func.textrw, rw section .huge.bss,
          rw section .huge.data, rw section .huge.noinit,
          rw section .huge_func.textrw, rw section .iar.dynexit,
          rw section .near.bss, rw section .near.data, rw section .near.noinit,
          rw section .near_func.textrw };
"A3":  place at start of [0x008000-0x009fff] { block INTVEC };
"P3":  place in [from 0x008000 to 0x009fff] {
          ro section __DLIB_PERTHREAD_init, ro section .far.data_init,
          ro section .far_func.textrw_init, ro section .huge.data_init,
          ro section .huge_func.textrw_init, ro section .iar.init_table,
          ro section .init_array, ro section .near.data_init,
          ro section .near.rodata, ro section .near_func.text,
          ro section .near_func.textrw_init, ro section .tiny.data_init,
          ro section .tiny.rodata_init };

  Section            Kind      Address    Size  Object
  -------            ----      -------    ----  ------
"A1":                                     0x10
  .vregs             uninit   0x000000    0x10  vregs.o [4]
                            - 0x000010    0x10

"P2", part 1 of 2:                         0x3
  P2-1                        0x000010     0x3  <Init block>
    .near.data       inited   0x000010     0x2  StateMachine.o [1]
    .near.data       inited   0x000012     0x1  uart.o [1]
                            - 0x000013     0x3

"P2", part 2 of 2:                       0x127
  .near.bss          zero     0x000013   0x100  uart.o [1]
  .near.bss          zero     0x000113     0xd  StateMachine.o [1]
  .near.bss          zero     0x000120     0xc  StateMachine.o [1]
  .near.bss          zero     0x00012c     0x4  rtc.o [1]
  .near.bss          zero     0x000130     0x4  rtc.o [1]
  .near.bss          zero     0x000134     0x4  StateMachine.o [1]
  .near.bss          zero     0x000138     0x1  rtc.o [1]
  .near.bss          zero     0x000139     0x1  uart.o [1]
                            - 0x00013a   0x127

"A2":                                    0x100
  CSTACK                      0x000300   0x100  <Block>
    CSTACK           uninit   0x000300   0x100  <Block tail>
                            - 0x000400   0x100

"A3":                                     0x80
  INTVEC                      0x008000    0x80  <Block>
    .intvec          const    0x008000    0x80  interrupt.o [4]
                            - 0x008080    0x80

"P3":                                   0x1ecd
  .near_func.text    ro code  0x008080   0x2ca  float.o [4]
  .near_func.text    ro code  0x00834a   0x1a7  stm8s_uart1.o [1]
  .near_func.text    ro code  0x0084f1   0x18d  long.o [4]
  .near_func.text    ro code  0x00867e   0x15d  stm8s_i2c.o [1]
  .near_func.text    ro code  0x0087db   0x11d  StateMachine.o [1]
  .near_func.text    ro code  0x0088f8   0x119  vreg_util.o [4]
  .near_func.text    ro code  0x008a11    0xae  stm8s_gpio.o [1]
  .near_func.text    ro code  0x008abf    0xaa  ds1307.o [1]
  .near_func.text    ro code  0x008b69    0xa9  rtc.o [1]
  .near_func.text    ro code  0x008c12    0x9c  stm8s_i2c.o [1]
  .near_func.text    ro code  0x008cae    0x93  stm8s_uart1.o [1]
  .near_func.text    ro code  0x008d41    0x92  sht1x.o [1]
  .near_func.text    ro code  0x008dd3    0x8e  stm8s_i2c.o [1]
  .near_func.text    ro code  0x008e61    0x8b  stm8s_clk.o [1]
  .near_func.text    ro code  0x008eec    0x6c  rtc.o [1]
  .near_func.text    ro code  0x008f58    0x67  ds1307.o [1]
  .near_func.text    ro code  0x008fbf    0x63  stm8s_uart1.o [1]
  .near_func.text    ro code  0x009022    0x5a  serialProtocol.o [1]
  .near_func.text    ro code  0x00907c    0x57  stm8s_clk.o [1]
  .near_func.text    ro code  0x0090d3    0x57  long_util.o [4]
  .near_func.text    ro code  0x00912a    0x56  rtc.o [1]
  .near_func.text    ro code  0x009180    0x50  rtc.o [1]
  .near_func.text    ro code  0x0091d0    0x4f  stm8s_tim2.o [1]
  .near_func.text    ro code  0x00921f    0x4e  rtc.o [1]
  .near_func.text    ro code  0x00926d    0x4e  stm8s_i2c.o [1]
  .near_func.text    ro code  0x0092bb    0x4d  StateMachine.o [1]
  .near_func.text    ro code  0x009308    0x4b  sht1x.o [1]
  .near_func.text    ro code  0x009353    0x4a  device.o [1]
  .near_func.text    ro code  0x00939d    0x4a  i2c.o [1]
  .near_func.text    ro code  0x0093e7    0x47  short.o [4]
  .near_func.text    ro code  0x00942e    0x45  main.o [1]
  .near_func.text    ro code  0x009473    0x44  device.o [1]
  .near_func.text    ro code  0x0094b7    0x3f  uart.o [1]
  .near_func.text    ro code  0x0094f6    0x3b  sht1x.o [1]
  .near_func.text    ro code  0x009531    0x3b  stm8s_clk.o [1]
  .near_func.text    ro code  0x00956c    0x38  stm8s_clk.o [1]
  .near.rodata       const    0x0095a4    0x37  stm8s_flash.o [1]
  .near.rodata       const    0x0095db    0x37  stm8s_uart1.o [1]
  .near.rodata       const    0x009612    0x36  stm8s_gpio.o [1]
  .near.rodata       const    0x009648    0x36  stm8s_tim2.o [1]
  .near_func.text    ro code  0x00967e    0x36  stm8s_clk.o [1]
  .near_func.text    ro code  0x0096b4    0x36  uart.o [1]
  .near.rodata       const    0x0096ea    0x35  stm8s_clk.o [1]
  .near.rodata       const    0x00971f    0x35  stm8s_i2c.o [1]
  .near_func.text    ro code  0x009754    0x35  stm8s_tim2.o [1]
  .near_func.text    ro code  0x009789    0x33  sht1x.o [1]
  .near_func.text    ro code  0x0097bc    0x33  stm8s_i2c.o [1]
  .near_func.text    ro code  0x0097ef    0x31  eeprom.o [1]
  .near_func.text    ro code  0x009820    0x30  stm8s_flash.o [1]
  .near_func.text    ro code  0x009850    0x2f  eeprom.o [1]
  .near_func.text    ro code  0x00987f    0x2d  stm8s_i2c.o [1]
  .near_func.text    ro code  0x0098ac    0x2c  dc_util.o [4]
  .near_func.text    ro code  0x0098d8    0x2b  stm8s_uart1.o [1]
  .near_func.text    ro code  0x009903    0x28  init_small.o [4]
  .near_func.text    ro code  0x00992b    0x27  sht1x.o [1]
  .near_func.text    ro code  0x009952    0x26  stm8s_clk.o [1]
  .near_func.text    ro code  0x009978    0x25  eeprom.o [1]
  .near_func.text    ro code  0x00999d    0x25  stm8s_i2c.o [1]
  .near_func.text    ro code  0x0099c2    0x24  stm8s_flash.o [1]
  .near_func.text    ro code  0x0099e6    0x23  stm8s_flash.o [1]
  .near_func.text    ro code  0x009a09    0x22  uart.o [1]
  .near_func.text    ro code  0x009a2b    0x21  serialProtocol.o [1]
  .iar.init_table    const    0x009a4c    0x12  - Linker created -
  .near_func.text    ro code  0x009a5e    0x20  sht1x.o [1]
  .near_func.text    ro code  0x009a7e    0x20  stm8s_flash.o [1]
  .near_func.text    ro code  0x009a9e    0x20  timer.o [1]
  .near_func.text    ro code  0x009abe    0x1e  rtc.o [1]
  .near_func.text    ro code  0x009adc    0x1e  init_small.o [4]
  .near_func.text    ro code  0x009afa    0x1c  stm8s_tim2.o [1]
  .near_func.text    ro code  0x009b16    0x1b  serialProtocol.o [1]
  .near_func.text    ro code  0x009b31    0x1a  stm8s_uart1.o [1]
  .near_func.text    ro code  0x009b4b    0x1a  uart.o [1]
  .near_func.text    ro code  0x009b65    0x19  eeprom.o [1]
  .near_func.text    ro code  0x009b7e    0x18  uart.o [1]
  .near_func.text    ro code  0x009b96    0x17  ds1307.o [1]
  .near_func.text    ro code  0x009bad    0x17  sht1x.o [1]
  .near_func.text    ro code  0x009bc4    0x17  init.o [4]
  .near_func.text    ro code  0x009bdb    0x16  device.o [1]
  .near_func.text    ro code  0x009bf1    0x16  stm8s_clk.o [1]
  .near_func.text    ro code  0x009c07    0x16  stm8s_i2c.o [1]
  .near_func.text    ro code  0x009c1d    0x16  stm8s_i2c.o [1]
  .near_func.text    ro code  0x009c33    0x16  stm8s_i2c.o [1]
  .near_func.text    ro code  0x009c49    0x16  stm8s_tim2.o [1]
  .near_func.text    ro code  0x009c5f    0x14  __dbg_xxexit.o [3]
  .near_func.text    ro code  0x009c73    0x13  rtc.o [1]
  .near_func.text    ro code  0x009c86    0x13  cstartup.o [4]
  .near_func.text    ro code  0x009c99    0x12  serialProtocol.o [1]
  .near_func.text    ro code  0x009cab    0x12  serialProtocol.o [1]
  .near_func.text    ro code  0x009cbd    0x11  ds1307.o [1]
  .near_func.text    ro code  0x009cce    0x11  gpio.o [1]
  .near_func.text    ro code  0x009cdf    0x11  serialProtocol.o [1]
  .near_func.text    ro code  0x009cf0    0x11  sht1x.o [1]
  .near_func.text    ro code  0x009d01    0x10  rtc.o [1]
  .near_func.text    ro code  0x009d11    0x10  stm8s_flash.o [1]
  .near_func.text    ro code  0x009d21    0x10  stm8s_flash.o [1]
  .near_func.text    ro code  0x009d31     0xe  uart.o [1]
  .near_func.text    ro code  0x009d3f     0xd  stm8s_uart1.o [1]
  .near_func.text    ro code  0x009d4c     0xc  gpio.o [1]
  .near_func.text    ro code  0x009d58     0xb  device.o [1]
  .near_func.text    ro code  0x009d63     0xb  eeprom.o [1]
  .near_func.text    ro code  0x009d6e     0xb  stm8s_clk.o [1]
  .near_func.text    ro code  0x009d79     0xb  stm8s_clk.o [1]
  .near_func.text    ro code  0x009d84     0xb  stm8s_flash.o [1]
  .near_func.text    ro code  0x009d8f     0xb  stm8s_gpio.o [1]
  .near_func.text    ro code  0x009d9a     0xb  stm8s_i2c.o [1]
  .near_func.text    ro code  0x009da5     0xb  stm8s_tim2.o [1]
  .near_func.text    ro code  0x009db0     0xb  stm8s_uart1.o [1]
  .near_func.text    ro code  0x009dbb     0xa  eeprom.o [1]
  .near_func.text    ro code  0x009dc5     0xa  serialProtocol.o [1]
  .near_func.text    ro code  0x009dcf     0xa  sht1x.o [1]
  .near_func.text    ro code  0x009dd9     0xa  sht1x.o [1]
  .near_func.text    ro code  0x009de3     0xa  sht1x.o [1]
  .near_func.text    ro code  0x009ded     0x9  ds1307.o [1]
  .near_func.text    ro code  0x009df6     0x9  ds1307.o [1]
  .near_func.text    ro code  0x009dff     0x9  ds1307.o [1]
  .near_func.text    ro code  0x009e08     0x9  ds1307.o [1]
  .near_func.text    ro code  0x009e11     0x9  eeprom.o [1]
  .near_func.text    ro code  0x009e1a     0x9  eeprom.o [1]
  .near_func.text    ro code  0x009e23     0x9  rtc.o [1]
  .near_func.text    ro code  0x009e2c     0x9  sht1x.o [1]
  .near_func.text    ro code  0x009e35     0x9  sht1x.o [1]
  .near_func.text    ro code  0x009e3e     0x9  sht1x.o [1]
  .near_func.text    ro code  0x009e47     0x9  stm8s_i2c.o [1]
  .near_func.text    ro code  0x009e50     0x9  stm8s_i2c.o [1]
  .near_func.text    ro code  0x009e59     0x9  stm8s_tim2.o [1]
  .near_func.text    ro code  0x009e62     0x9  stm8s_tim2.o [1]
  .near_func.text    ro code  0x009e6b     0x9  stm8s_uart1.o [1]
  .near_func.text    ro code  0x009e74     0x9  timer.o [1]
  .near_func.text    ro code  0x009e7d     0x8  rtc.o [1]
  .near_func.text    ro code  0x009e85     0x8  sht1x.o [1]
  .near_func.text    ro code  0x009e8d     0x8  stm8s_uart1.o [1]
  .near_func.text    ro code  0x009e95     0x8  stm8s_uart1.o [1]
  .near_func.text    ro code  0x009e9d     0x7  ds1307.o [1]
  .near_func.text    ro code  0x009ea4     0x7  sht1x.o [1]
  .near_func.text    ro code  0x009eab     0x7  stm8s_gpio.o [1]
  .near_func.text    ro code  0x009eb2     0x7  stm8s_gpio.o [1]
  .near_func.text    ro code  0x009eb9     0x7  stm8s_tim2.o [1]
  .near_func.text    ro code  0x009ec0     0x7  stm8s_uart1.o [1]
  .near_func.text    ro code  0x009ec7     0x7  stm8s_uart1.o [1]
  .near_func.text    ro code  0x009ece     0x7  stm8s_uart1.o [1]
  .near_func.text    ro code  0x009ed5     0x6  rtc.o [1]
  .near_func.text    ro code  0x009edb     0x6  sht1x.o [1]
  .near_func.text    ro code  0x009ee1     0x6  sht1x.o [1]
  .near_func.text    ro code  0x009ee7     0x6  sht1x.o [1]
  .near_func.text    ro code  0x009eed     0x6  sht1x.o [1]
  .near_func.text    ro code  0x009ef3     0x6  stm8s_flash.o [1]
  .near_func.text    ro code  0x009ef9     0x6  stm8s_flash.o [1]
  .near_func.text    ro code  0x009eff     0x6  stm8s_tim2.o [1]
  .near_func.text    ro code  0x009f05     0x5  ds1307.o [1]
  .near_func.text    ro code  0x009f0a     0x5  eeprom.o [1]
  .near_func.text    ro code  0x009f0f     0x5  timer.o [1]
  .near_func.text    ro code  0x009f14     0x5  cexit.o [4]
  .near.rodata       const    0x009f19     0x4  stm8s_clk.o [1]
  .near_func.text    ro code  0x009f1d     0x4  sht1x.o [1]
  .near_func.text    ro code  0x009f21     0x4  sht1x.o [1]
  .near_func.text    ro code  0x009f25     0x4  stm8s_gpio.o [1]
  .near_func.text    ro code  0x009f29     0x4  stm8s_i2c.o [1]
  .near_func.text    ro code  0x009f2d     0x4  stm8s_i2c.o [1]
  .near_func.text    ro code  0x009f31     0x4  stm8s_uart1.o [1]
  .near_func.text    ro code  0x009f35     0x4  stm8s_uart1.o [1]
  .near_func.text    ro code  0x009f39     0x3  gpio.o [1]
  .near_func.text    ro code  0x009f3c     0x3  interrupt.o [4]
  .near_func.text    ro code  0x009f3f     0x3  low_level_init.o [4]
  .near_func.text    ro code  0x009f42     0x3  exit.o [4]
  .near_func.text    ro code  0x009f45     0x3  unhandled_exception.o [4]
  Initializer bytes  const    0x009f48     0x3  <for P2-1>
  .near_func.text    ro code  0x009f4b     0x1  main.o [1]
  .near_func.text    ro code  0x009f4c     0x1  __dbg_break.o [3]
                            - 0x009f4d  0x1ecd


*******************************************************************************
*** INIT TABLE
***

          Address   Size
          -------   ----
Zero (__iar_zero_init2)
    1 destination range, total size 0x127:
          0x000013  0x127

Copy (__iar_copy_init2)
    1 source range, total size 0x3:
          0x009f48    0x3
    1 destination range, total size 0x3:
          0x000010    0x3



*******************************************************************************
*** MODULE SUMMARY
***

    Module                 ro code  ro data  rw data
    ------                 -------  -------  -------
E:\workspaceNew\STM8S103\1_Project\Debug\Obj: [1]
    StateMachine.o             362        2       31
    device.o                   175
    ds1307.o                   361
    eeprom.o                   202
    gpio.o                      32
    i2c.o                       74
    main.o                      70
    rtc.o                      609                 9
    serialProtocol.o           213
    sht1x.o                    546
    stm8s_clk.o                477       57
    stm8s_flash.o              206       55
    stm8s_gpio.o               203       54
    stm8s_i2c.o                961       53
    stm8s_tim2.o               224       54
    stm8s_uart1.o              816       55
    timer.o                     46
    uart.o                     215        1      258
    ------------------------------------------------
    Total:                   5 792      331      298

command line: [2]
    ------------------------------------------------
    Total:

dbgstm8smd.a: [3]
    __dbg_break.o                1
    __dbg_xxexit.o              20
    ------------------------------------------------
    Total:                      21

dlstm8smn.a: [4]
    cexit.o                      5
    cstartup.o                  19
    dc_util.o                   44
    exit.o                       3
    float.o                    714
    init.o                      23
    init_small.o                70
    interrupt.o                  3      128
    long.o                     397
    long_util.o                 87
    low_level_init.o             3
    short.o                     71
    unhandled_exception.o        3
    vreg_util.o                281
    vregs.o                                       16
    ------------------------------------------------
    Total:                   1 723      128       16

    Linker created                       18      256
----------------------------------------------------
    Grand Total:             7 536      477      570


*******************************************************************************
*** ENTRY LIST
***

Entry                    Address   Size  Type      Object
-----                    -------   ----  ----      ------
.iar.init_table$$Base   0x009a4c          --   Gb  - Linker created -
.iar.init_table$$Limit  0x009a5e          --   Gb  - Linker created -
?add32_l0_l0_0x         0x008511         Code  Gb  long.o [4]
?add32_l0_l0_dl         0x008509         Code  Gb  long.o [4]
?add32_l0_l0_l1         0x00850e         Code  Gb  long.o [4]
?b0                     0x000000         Data  Gb  vregs.o [4]
?b1                     0x000001         Data  Gb  vregs.o [4]
?b10                    0x00000a         Data  Gb  vregs.o [4]
?b11                    0x00000b         Data  Gb  vregs.o [4]
?b12                    0x00000c         Data  Gb  vregs.o [4]
?b13                    0x00000d         Data  Gb  vregs.o [4]
?b14                    0x00000e         Data  Gb  vregs.o [4]
?b15                    0x00000f         Data  Gb  vregs.o [4]
?b2                     0x000002         Data  Gb  vregs.o [4]
?b3                     0x000003         Data  Gb  vregs.o [4]
?b4                     0x000004         Data  Gb  vregs.o [4]
?b5                     0x000005         Data  Gb  vregs.o [4]
?b6                     0x000006         Data  Gb  vregs.o [4]
?b7                     0x000007         Data  Gb  vregs.o [4]
?b8                     0x000008         Data  Gb  vregs.o [4]
?b9                     0x000009         Data  Gb  vregs.o [4]
?dc32_l0                0x0098b3         Code  Gb  dc_util.o [4]
?dc32_l1                0x0098c0         Code  Gb  dc_util.o [4]
?dc32_px                0x0098cd         Code  Gb  dc_util.o [4]
?dc8_px                 0x0098ac         Code  Gb  dc_util.o [4]
?e0                     0x000001         Data  Gb  vregs.o [4]
?e1                     0x000005         Data  Gb  vregs.o [4]
?e2                     0x000009         Data  Gb  vregs.o [4]
?e3                     0x00000d         Data  Gb  vregs.o [4]
?epilogue_l2            0x008993         Code  Gb  vreg_util.o [4]
?epilogue_l2_l3         0x008990         Code  Gb  vreg_util.o [4]
?epilogue_l2_w6         0x008997         Code  Gb  vreg_util.o [4]
?epilogue_w4            0x00899e         Code  Gb  vreg_util.o [4]
?fadd32_l0_l0_dc32      0x00809d         Code  Gb  float.o [4]
?fadd32_l0_l0_l1        0x0080a2         Code  Gb  float.o [4]
?fcastf32u16_l0_x       0x00820a         Code  Gb  float.o [4]
?fcasts16f32_x_l0       0x008228         Code  Gb  float.o [4]
?fmul32_l0_l0_dc32      0x008170         Code  Gb  float.o [4]
?fmul32_l0_l0_l1        0x008175         Code  Gb  float.o [4]
?inc32_0x_0x            0x0084fb         Code  Gb  long.o [4]
?inc32_l0_l0            0x0084f1         Code  Gb  long.o [4]
?inc32_l2_l2            0x0084f6         Code  Gb  long.o [4]
?l0                     0x000000         Data  Gb  vregs.o [4]
?l1                     0x000004         Data  Gb  vregs.o [4]
?l2                     0x000008         Data  Gb  vregs.o [4]
?l3                     0x00000c         Data  Gb  vregs.o [4]
?load32_0x_l0           0x00911c         Code  Gb  long_util.o [4]
?load32_asp_l0          0x009110         Code  Gb  long_util.o [4]
?load32_dbsp_l0         0x00910b         Code  Gb  long_util.o [4]
?load32_l0_0x           0x0090e3         Code  Gb  long_util.o [4]
?load32_l0_asp          0x0090d8         Code  Gb  long_util.o [4]
?load32_l0_dbsp         0x0090d3         Code  Gb  long_util.o [4]
?load32_l0_xsp          0x0090da         Code  Gb  long_util.o [4]
?load32_l1_0x           0x0090ff         Code  Gb  long_util.o [4]
?load32_l1_asp          0x0090f4         Code  Gb  long_util.o [4]
?load32_l1_dbsp         0x0090ef         Code  Gb  long_util.o [4]
?load32_l1_xsp          0x0090f6         Code  Gb  long_util.o [4]
?load32_xsp_l0          0x009112         Code  Gb  long_util.o [4]
?mov_e0_e1              0x0089ac         Code  Gb  vreg_util.o [4]
?mov_e0_e2              0x0089b9         Code  Gb  vreg_util.o [4]
?mov_e0_e3              0x0089c6         Code  Gb  vreg_util.o [4]
?mov_e1_e0              0x0089d3         Code  Gb  vreg_util.o [4]
?mov_e1_e2              0x0089e0         Code  Gb  vreg_util.o [4]
?mov_e1_e3              0x0089ed         Code  Gb  vreg_util.o [4]
?mov_e2_e0              0x0089fa         Code  Gb  vreg_util.o [4]
?mov_e3_e0              0x008a07         Code  Gb  vreg_util.o [4]
?mov_l0_l1              0x0089a9         Code  Gb  vreg_util.o [4]
?mov_l0_l2              0x0089b6         Code  Gb  vreg_util.o [4]
?mov_l0_l3              0x0089c3         Code  Gb  vreg_util.o [4]
?mov_l1_l0              0x0089d0         Code  Gb  vreg_util.o [4]
?mov_l1_l2              0x0089dd         Code  Gb  vreg_util.o [4]
?mov_l1_l3              0x0089ea         Code  Gb  vreg_util.o [4]
?mov_l2_l0              0x0089f7         Code  Gb  vreg_util.o [4]
?mov_l3_l0              0x008a04         Code  Gb  vreg_util.o [4]
?mov_w1_w3              0x0089af         Code  Gb  vreg_util.o [4]
?mov_w1_w5              0x0089bc         Code  Gb  vreg_util.o [4]
?mov_w1_w7              0x0089c9         Code  Gb  vreg_util.o [4]
?mov_w3_w1              0x0089d6         Code  Gb  vreg_util.o [4]
?mov_w3_w5              0x0089e3         Code  Gb  vreg_util.o [4]
?mov_w3_w7              0x0089f0         Code  Gb  vreg_util.o [4]
?mov_w4_w6              0x0089a2         Code  Gb  vreg_util.o [4]
?mov_w5_w1              0x0089fd         Code  Gb  vreg_util.o [4]
?mov_w7_w1              0x008a0a         Code  Gb  vreg_util.o [4]
?mul16_x_x_w0           0x0093e7         Code  Gb  short.o [4]
?mul32_l0_l0_0x         0x008547         Code  Gb  long.o [4]
?mul32_l0_l0_dl         0x008544         Code  Gb  long.o [4]
?mul32_l0_l0_l1         0x008550         Code  Gb  long.o [4]
?pop_l0                 0x00895c         Code  Gb  vreg_util.o [4]
?pop_l1                 0x008967         Code  Gb  vreg_util.o [4]
?pop_l2                 0x008972         Code  Gb  vreg_util.o [4]
?pop_l3                 0x00897d         Code  Gb  vreg_util.o [4]
?pop_w4                 0x008915         Code  Gb  vreg_util.o [4]
?pop_w6                 0x00891c         Code  Gb  vreg_util.o [4]
?push_l0                0x00892b         Code  Gb  vreg_util.o [4]
?push_l1                0x008930         Code  Gb  vreg_util.o [4]
?push_l2                0x008935         Code  Gb  vreg_util.o [4]
?push_l3                0x00893a         Code  Gb  vreg_util.o [4]
?push_w4                0x0088f8         Code  Gb  vreg_util.o [4]
?push_w6                0x0088fd         Code  Gb  vreg_util.o [4]
?sdiv16_x_x_y           0x009405         Code  Gb  short.o [4]
?sext32_l0_x            0x008673         Code  Gb  long.o [4]
?sll16_x_x_a            0x00941e         Code  Gb  short.o [4]
?sll32_0x_0x_a          0x008665         Code  Gb  long.o [4]
?sll32_l0_l0_a          0x008662         Code  Gb  long.o [4]
?sll32_l0_l0_db         0x00865e         Code  Gb  long.o [4]
?srl16_x_x_4            0x009429         Code  Gb  short.o [4]
?srl16_x_x_5            0x009428         Code  Gb  short.o [4]
?srl16_x_x_6            0x009427         Code  Gb  short.o [4]
?srl16_x_x_7            0x009426         Code  Gb  short.o [4]
?sub32_l0_l0_0x         0x00852c         Code  Gb  long.o [4]
?sub32_l0_l0_l1         0x008529         Code  Gb  long.o [4]
?ucmp32_c_l0_0x         0x008643         Code  Gb  long.o [4]
?ucmp32_c_l0_l1         0x008653         Code  Gb  long.o [4]
?udiv32_l0_dl_l1        0x0085ce         Code  Gb  long.o [4]
?udiv32_l0_l0_dl        0x0085d3         Code  Gb  long.o [4]
?udiv32_l0_l0_l1        0x0085d6         Code  Gb  long.o [4]
?umod32_l1_l0_l1        0x0085d6         Code  Gb  long.o [4]
?w0                     0x000000         Data  Gb  vregs.o [4]
?w1                     0x000002         Data  Gb  vregs.o [4]
?w2                     0x000004         Data  Gb  vregs.o [4]
?w3                     0x000006         Data  Gb  vregs.o [4]
?w4                     0x000008         Data  Gb  vregs.o [4]
?w5                     0x00000a         Data  Gb  vregs.o [4]
?w6                     0x00000c         Data  Gb  vregs.o [4]
?w7                     0x00000e         Data  Gb  vregs.o [4]
BCD2INT                 0x009b96   0x17  Code  Gb  ds1307.o [1]
CLK_AdjustHSICalibrationValue
                        0x00956c   0x38  Code  Gb  stm8s_clk.o [1]
CLK_DeInit              0x00967e   0x36  Code  Gb  stm8s_clk.o [1]
CLK_GetClockFreq        0x009531   0x3b  Code  Gb  stm8s_clk.o [1]
CLK_HSICmd              0x009bf1   0x16  Code  Gb  stm8s_clk.o [1]
CLK_HSIPrescalerConfig  0x009952   0x26  Code  Gb  stm8s_clk.o [1]
CLK_PeripheralClockConfig
                        0x008e61   0x8b  Code  Gb  stm8s_clk.o [1]
CLK_SYSCLKConfig        0x00907c   0x57  Code  Gb  stm8s_clk.o [1]
CSTACK$$Base            0x000300          --   Gb  - Linker created -
CSTACK$$Limit           0x000400          --   Gb  - Linker created -
FLASH_EraseByte         0x0099c2   0x24  Code  Gb  stm8s_flash.o [1]
FLASH_ProgramByte       0x009820   0x30  Code  Gb  stm8s_flash.o [1]
FLASH_ReadByte          0x0099e6   0x23  Code  Gb  stm8s_flash.o [1]
FLASH_Unlock            0x009a7e   0x20  Code  Gb  stm8s_flash.o [1]
GPIO_Init               0x008a11   0xae  Code  Gb  stm8s_gpio.o [1]
GPIO_ReadInputPin       0x009eb2    0x7  Code  Gb  stm8s_gpio.o [1]
GPIO_WriteHigh          0x009eab    0x7  Code  Gb  stm8s_gpio.o [1]
GPIO_WriteLow           0x009f25    0x4  Code  Gb  stm8s_gpio.o [1]
HSIDivFactor            0x009f19    0x4  Data  Gb  stm8s_clk.o [1]
I2C_AcknowledgeConfig   0x0097bc   0x33  Code  Gb  stm8s_i2c.o [1]
I2C_CheckEvent          0x008c12   0x9c  Code  Gb  stm8s_i2c.o [1]
I2C_Cmd                 0x009c07   0x16  Code  Gb  stm8s_i2c.o [1]
I2C_DeInit              0x00999d   0x25  Code  Gb  stm8s_i2c.o [1]
I2C_GenerateSTART       0x009c1d   0x16  Code  Gb  stm8s_i2c.o [1]
I2C_GenerateSTOP        0x009c33   0x16  Code  Gb  stm8s_i2c.o [1]
I2C_GetFlagStatus       0x008dd3   0x8e  Code  Gb  stm8s_i2c.o [1]
I2C_ITConfig            0x00926d   0x4e  Code  Gb  stm8s_i2c.o [1]
I2C_Init                0x00867e  0x15d  Code  Gb  stm8s_i2c.o [1]
I2C_ReceiveData         0x009f29    0x4  Code  Gb  stm8s_i2c.o [1]
I2C_Send7bitAddress     0x00987f   0x2d  Code  Gb  stm8s_i2c.o [1]
I2C_SendData            0x009f2d    0x4  Code  Gb  stm8s_i2c.o [1]
INT2BCD                 0x009cbd   0x11  Code  Gb  ds1307.o [1]
INTVEC$$Base            0x008000          --   Gb  - Linker created -
INTVEC$$Limit           0x008080          --   Gb  - Linker created -
Region$$Table$$Base     0x009a4c          --   Gb  - Linker created -
Region$$Table$$Limit    0x009a5e          --   Gb  - Linker created -
TIM2_ClearITPendingBit  0x009afa   0x1c  Code  Gb  stm8s_tim2.o [1]
TIM2_Cmd                0x009c49   0x16  Code  Gb  stm8s_tim2.o [1]
TIM2_DeInit             0x0091d0   0x4f  Code  Gb  stm8s_tim2.o [1]
TIM2_ITConfig           0x009754   0x35  Code  Gb  stm8s_tim2.o [1]
TIM2_TimeBaseInit       0x009eb9    0x7  Code  Gb  stm8s_tim2.o [1]
UART1_ClearITPendingBit
                        0x009b31   0x1a  Code  Gb  stm8s_uart1.o [1]
UART1_Cmd               0x009d3f    0xd  Code  Gb  stm8s_uart1.o [1]
UART1_DeInit            0x0098d8   0x2b  Code  Gb  stm8s_uart1.o [1]
UART1_GetFlagStatus     0x008fbf   0x63  Code  Gb  stm8s_uart1.o [1]
UART1_ITConfig          0x008cae   0x93  Code  Gb  stm8s_uart1.o [1]
UART1_Init              0x00834a  0x1a7  Code  Gb  stm8s_uart1.o [1]
UART1_ReceiveData8      0x009f31    0x4  Code  Gb  stm8s_uart1.o [1]
UART1_SendData8         0x009f35    0x4  Code  Gb  stm8s_uart1.o [1]
__DebugBreak            0x009f4c    0x1  Code  Gb  __dbg_break.o [3]
__exit                  0x009c5f   0x14  Code  Gb  __dbg_xxexit.o [3]
__iar_copy_init2        0x009903         Code  Gb  init_small.o [4]
__iar_data_init2        0x009bc4   0x17  Code  Gb  init.o [4]
__iar_program_start     0x009c86         Code  Gb  cstartup.o [4]
__iar_unhandled_exception
                        0x009f45         Code  Gb  unhandled_exception.o [4]
__iar_zero_init2        0x009adc         Code  Gb  init_small.o [4]
__intvec                0x008000         Data  Gb  interrupt.o [4]
__low_level_init        0x009f3f    0x3  Code  Gb  low_level_init.o [4]
_exit                   0x009f14         Code  Gb  cexit.o [4]
_interrupt_15           0x00921f         Code  Gb  rtc.o [1]
_interrupt_20           0x0094b7         Code  Gb  uart.o [1]
_rtc_status             0x000138    0x1  Data  Gb  rtc.o [1]
assert_failed           0x009f4b    0x1  Code  Gb  main.o [1]
deviceControl           0x009353   0x4a  Code  Gb  device.o [1]
deviceInit              0x009bdb   0x16  Code  Gb  device.o [1]
deviceRead              0x009473   0x44  Code  Gb  device.o [1]
ds1307Read              0x008f58   0x67  Code  Gb  ds1307.o [1]
ds1307SetTime           0x008abf   0xaa  Code  Gb  ds1307.o [1]
eepromAddrCheck         0x009b65   0x19  Code  Gb  eeprom.o [1]
eepromClear             0x009978   0x25  Code  Gb  eeprom.o [1]
eepromInit              0x009f0a    0x5  Code  Gb  eeprom.o [1]
eepromRead              0x009850   0x2f  Code  Gb  eeprom.o [1]
eepromWrite             0x0097ef   0x31  Code  Gb  eeprom.o [1]
exit                    0x009f42    0x3  Code  Gb  exit.o [4]
gBufferUART             0x000013  0x100  Data  Gb  uart.o [1]
gSerialRxFrame          0x000120    0xc  Data  Gb  StateMachine.o [1]
gSerialTxFrame          0x000113    0xd  Data  Gb  StateMachine.o [1]
gState                  0x000010    0x2  Data  Gb  StateMachine.o [1]
gTaskSecond             0x000130    0x4  Data  Gb  rtc.o [1]
gTimerSecond            0x00012c    0x4  Data  Gb  rtc.o [1]
gpioPinMode             0x009f39    0x3  Code  Gb  gpio.o [1]
gpioReadPin             0x009d4c    0xc  Code  Gb  gpio.o [1]
gpioWritePin            0x009cce   0x11  Code  Gb  gpio.o [1]
i2cInit                 0x00939d   0x4a  Code  Gb  i2c.o [1]
main                    0x00942e   0x45  Code  Gb  main.o [1]
pBufferUARTRead         0x000139    0x1  Data  Gb  uart.o [1]
pBufferUARTWrite        0x000012    0x1  Data  Gb  uart.o [1]
rtcDoTask               0x009180   0x50  Code  Gb  rtc.o [1]
rtcGetRealTime          0x00912a   0x56  Code  Gb  rtc.o [1]
rtcGetTimerSecond       0x009ed5    0x6  Code  Gb  rtc.o [1]
rtcInit                 0x009abe   0x1e  Code  Gb  rtc.o [1]
rtcReadTask             0x008b69   0xa9  Code  Gb  rtc.o [1]
rtcSaveTask             0x008eec   0x6c  Code  Gb  rtc.o [1]
rtcSecondCounter        0x00921f   0x4e  Code  Gb  rtc.o [1]
serialCheckRxFrame      0x009cab   0x12  Code  Gb  serialProtocol.o [1]
serialCheckTxFrame      0x009c99   0x12  Code  Gb  serialProtocol.o [1]
serialClearRxFrame      0x009cdf   0x11  Code  Gb  serialProtocol.o [1]
serialClearTxFrame      0x009a2b   0x21  Code  Gb  serialProtocol.o [1]
serialGetFrame          0x009022   0x5a  Code  Gb  serialProtocol.o [1]
serialSendFrame         0x009b16   0x1b  Code  Gb  serialProtocol.o [1]
shtCheckACK             0x009bad   0x17  Code  Lc  sht1x.o [1]
shtCmd                  0x009789   0x33  Code  Lc  sht1x.o [1]
shtInit                 0x009dcf    0xa  Code  Gb  sht1x.o [1]
shtReadHumid            0x008d41   0x92  Code  Gb  sht1x.o [1]
shtReadRaw              0x009308   0x4b  Code  Lc  sht1x.o [1]
shtReadTemp             0x0094f6   0x3b  Code  Gb  sht1x.o [1]
shtStart                0x00992b   0x27  Code  Lc  sht1x.o [1]
shtWaitConvert          0x009a5e   0x20  Code  Lc  sht1x.o [1]
stateCmd                0x00889d   0x39  Code  Gb  StateMachine.o [1]
stateDevice             0x008820   0x52  Code  Gb  StateMachine.o [1]
stateIdle               0x00888d    0x6  Code  Gb  StateMachine.o [1]
stateMachine            0x0088d6   0x22  Code  Gb  StateMachine.o [1]
stateRTC                0x0087db    0xf  Code  Gb  StateMachine.o [1]
stateSensor             0x0087ea   0x36  Code  Gb  StateMachine.o [1]
stateUpdate             0x0092bb   0x4d  Code  Gb  StateMachine.o [1]
timerInit               0x009a9e   0x20  Code  Gb  timer.o [1]
timerIntEnable          0x009e74    0x9  Code  Gb  timer.o [1]
timerIntFlagClear       0x009f0f    0x5  Code  Gb  timer.o [1]
uartAvailable           0x009d31    0xe  Code  Gb  uart.o [1]
uartInit                0x0096b4   0x36  Code  Gb  uart.o [1]
uartRead                0x009b4b   0x1a  Code  Gb  uart.o [1]
uartRxIntHandler        0x0094b7   0x3f  Code  Gb  uart.o [1]
uartWrite               0x009a09   0x22  Code  Gb  uart.o [1]
uartWriteByte           0x009b7e   0x18  Code  Gb  uart.o [1]


[1] = E:\workspaceNew\STM8S103\1_Project\Debug\Obj
[2] = command line
[3] = dbgstm8smd.a
[4] = dlstm8smn.a

  7 536 bytes of readonly  code memory
    477 bytes of readonly  data memory
    570 bytes of readwrite data memory

Errors: none
Warnings: none
