###############################################################################
#
# IAR ELF Linker V3.10.1.201 for STM8                     10/Aug/2017  14:51:26
# Copyright 2010-2017 IAR Systems AB.
#
#    Output file  =  
#        E:\workspaceNew\FLEA\SP0 -
#        WiFarm\02_Output\Mini-ver\STM8S103_UpdateFrame\1_Project\Debug\Exe\STM8S103.out
#    Map file     =  
#        E:\workspaceNew\FLEA\SP0 -
#        WiFarm\02_Output\Mini-ver\STM8S103_UpdateFrame\1_Project\Debug\List\STM8S103.map
#    Command line =  
#        -f C:\Users\nhocn\AppData\Local\Temp\EW82AF.tmp
#        ("E:\workspaceNew\FLEA\SP0 -
#        WiFarm\02_Output\Mini-ver\STM8S103_UpdateFrame\1_Project\Debug\Obj\button.o"
#        "E:\workspaceNew\FLEA\SP0 -
#        WiFarm\02_Output\Mini-ver\STM8S103_UpdateFrame\1_Project\Debug\Obj\device.o"
#        "E:\workspaceNew\FLEA\SP0 -
#        WiFarm\02_Output\Mini-ver\STM8S103_UpdateFrame\1_Project\Debug\Obj\ds1307.o"
#        "E:\workspaceNew\FLEA\SP0 -
#        WiFarm\02_Output\Mini-ver\STM8S103_UpdateFrame\1_Project\Debug\Obj\eeprom.o"
#        "E:\workspaceNew\FLEA\SP0 -
#        WiFarm\02_Output\Mini-ver\STM8S103_UpdateFrame\1_Project\Debug\Obj\gpio.o"
#        "E:\workspaceNew\FLEA\SP0 -
#        WiFarm\02_Output\Mini-ver\STM8S103_UpdateFrame\1_Project\Debug\Obj\i2c.o"
#        "E:\workspaceNew\FLEA\SP0 -
#        WiFarm\02_Output\Mini-ver\STM8S103_UpdateFrame\1_Project\Debug\Obj\main.o"
#        "E:\workspaceNew\FLEA\SP0 -
#        WiFarm\02_Output\Mini-ver\STM8S103_UpdateFrame\1_Project\Debug\Obj\rtc.o"
#        "E:\workspaceNew\FLEA\SP0 -
#        WiFarm\02_Output\Mini-ver\STM8S103_UpdateFrame\1_Project\Debug\Obj\serialProtocol.o"
#        "E:\workspaceNew\FLEA\SP0 -
#        WiFarm\02_Output\Mini-ver\STM8S103_UpdateFrame\1_Project\Debug\Obj\sht1x.o"
#        "E:\workspaceNew\FLEA\SP0 -
#        WiFarm\02_Output\Mini-ver\STM8S103_UpdateFrame\1_Project\Debug\Obj\StateMachine.o"
#        "E:\workspaceNew\FLEA\SP0 -
#        WiFarm\02_Output\Mini-ver\STM8S103_UpdateFrame\1_Project\Debug\Obj\stm8s_clk.o"
#        "E:\workspaceNew\FLEA\SP0 -
#        WiFarm\02_Output\Mini-ver\STM8S103_UpdateFrame\1_Project\Debug\Obj\stm8s_flash.o"
#        "E:\workspaceNew\FLEA\SP0 -
#        WiFarm\02_Output\Mini-ver\STM8S103_UpdateFrame\1_Project\Debug\Obj\stm8s_gpio.o"
#        "E:\workspaceNew\FLEA\SP0 -
#        WiFarm\02_Output\Mini-ver\STM8S103_UpdateFrame\1_Project\Debug\Obj\stm8s_i2c.o"
#        "E:\workspaceNew\FLEA\SP0 -
#        WiFarm\02_Output\Mini-ver\STM8S103_UpdateFrame\1_Project\Debug\Obj\stm8s_iwdg.o"
#        "E:\workspaceNew\FLEA\SP0 -
#        WiFarm\02_Output\Mini-ver\STM8S103_UpdateFrame\1_Project\Debug\Obj\stm8s_tim2.o"
#        "E:\workspaceNew\FLEA\SP0 -
#        WiFarm\02_Output\Mini-ver\STM8S103_UpdateFrame\1_Project\Debug\Obj\stm8s_uart1.o"
#        "E:\workspaceNew\FLEA\SP0 -
#        WiFarm\02_Output\Mini-ver\STM8S103_UpdateFrame\1_Project\Debug\Obj\timer.o"
#        "E:\workspaceNew\FLEA\SP0 -
#        WiFarm\02_Output\Mini-ver\STM8S103_UpdateFrame\1_Project\Debug\Obj\uart.o"
#        --redirect _Printf=_PrintfSmall --redirect _Scanf=_ScanfSmall -o
#        "E:\workspaceNew\FLEA\SP0 -
#        WiFarm\02_Output\Mini-ver\STM8S103_UpdateFrame\1_Project\Debug\Exe\STM8S103.out"
#        --map "E:\workspaceNew\FLEA\SP0 -
#        WiFarm\02_Output\Mini-ver\STM8S103_UpdateFrame\1_Project\Debug\List\STM8S103.map"
#        --config E:\App\IAR\stm8\config\lnkstm8s103f3.icf --config_def
#        _CSTACK_SIZE=0x100 --config_def _HEAP_SIZE=0x100 --entry
#        __iar_program_start --debug_lib)
#
###############################################################################

*******************************************************************************
*** RUNTIME MODEL ATTRIBUTES
***

__SystemLibrary            = DLib
__code_model               = small
__core                     = stm8
__data_model               = medium
__dlib_file_descriptor     = 0
__dlib_full_locale_support = 0
__rt_version               = 4


*******************************************************************************
*** PLACEMENT SUMMARY
***

"A0":  place at start of [0x000000-0x0000ff] { rw section .vregs };
"A1":  place at end of [0x000000-0x0003ff] { block CSTACK };
"P2":  place in [from 0x000000 to 0x0003ff] {
          block HEAP, rw section __DLIB_PERTHREAD, rw section .far.bss,
          rw section .far.data, rw section .far.noinit,
          rw section .far_func.textrw, rw section .huge.bss,
          rw section .huge.data, rw section .huge.noinit,
          rw section .huge_func.textrw, rw section .iar.dynexit,
          rw section .near.bss, rw section .near.data, rw section .near.noinit,
          rw section .near_func.textrw };
"A2":  place at start of [0x008000-0x009fff] { block INTVEC };
"P3":  place in [from 0x008000 to 0x009fff] {
          ro section __DLIB_PERTHREAD_init, ro section .far.data_init,
          ro section .far_func.textrw_init, ro section .huge.data_init,
          ro section .huge_func.textrw_init, ro section .iar.init_table,
          ro section .init_array, ro section .near.data_init,
          ro section .near.rodata, ro section .near_func.text,
          ro section .near_func.textrw_init, ro section .tiny.data_init,
          ro section .tiny.rodata_init };
"P4":  place in [from 0x008000 to 0x009fff] {
          ro section .far.rodata, ro section .far_func.text };
"P5":  place in [from 0x008000 to 0x009fff] {
          ro section .huge.rodata, ro section .huge_func.text };
do not initialize {
   rw section .eeprom.noinit, rw section .far.noinit, rw section .huge.noinit,
   rw section .near.noinit, rw section .tiny.noinit, rw section .vregs };
initialize by copy {
   rw section .far.bss, rw section .far.data, rw section .far_func.textrw,
   rw section .huge.bss, rw section .huge.data, rw section .huge_func.textrw,
   rw section .iar.dynexit, rw section .near.bss, rw section .near.data,
   rw section .near_func.textrw, rw section .tiny.bss, rw section .tiny.data,
   ro section .tiny.rodata };

  Section            Kind      Address    Size  Object
  -------            ----      -------    ----  ------
"A0":                                     0x10
  .vregs             uninit   0x000000    0x10  vregs.o [4]
                            - 0x000010    0x10

"P2", part 1 of 2:                         0x3
  P2-1                        0x000010     0x3  <Init block>
    .near.data       inited   0x000010     0x2  StateMachine.o [1]
    .near.data       inited   0x000012     0x1  uart.o [1]
                            - 0x000013     0x3

"P2", part 2 of 2:                        0x9b
  .near.bss          zero     0x000013    0x80  uart.o [1]
  .near.bss          zero     0x000093     0xb  StateMachine.o [1]
  .near.bss          zero     0x00009e     0x4  rtc.o [1]
  .near.bss          zero     0x0000a2     0x4  rtc.o [1]
  .near.bss          zero     0x0000a6     0x4  StateMachine.o [1]
  .near.bss          zero     0x0000aa     0x1  rtc.o [1]
  .near.bss          zero     0x0000ab     0x1  rtc.o [1]
  .near.bss          zero     0x0000ac     0x1  rtc.o [1]
  .near.bss          zero     0x0000ad     0x1  uart.o [1]
                            - 0x0000ae    0x9b

"A1":                                    0x100
  CSTACK                      0x000300   0x100  <Block>
    CSTACK           uninit   0x000300   0x100  <Block tail>
                            - 0x000400   0x100

"A2":                                     0x80
  INTVEC                      0x008000    0x80  <Block>
    .intvec          const    0x008000    0x80  interrupt.o [4]
                            - 0x008080    0x80

"P3-P5":                                0x1f4b
  .near_func.text    ro code  0x008080   0x2ca  float.o [4]
  .near_func.text    ro code  0x00834a   0x1b6  stm8s_uart1.o [1]
  .near_func.text    ro code  0x008500   0x1a6  long.o [4]
  .near_func.text    ro code  0x0086a6   0x15b  stm8s_i2c.o [1]
  .near_func.text    ro code  0x008801   0x119  vreg_util.o [4]
  .near_func.text    ro code  0x00891a    0xe2  StateMachine.o [1]
  .near_func.text    ro code  0x0089fc    0xc6  rtc.o [1]
  .near_func.text    ro code  0x008ac2    0xad  stm8s_gpio.o [1]
  .near_func.text    ro code  0x008b6f    0x9b  stm8s_i2c.o [1]
  .near_func.text    ro code  0x008c0a    0x95  stm8s_uart1.o [1]
  .near_func.text    ro code  0x008c9f    0x8e  stm8s_i2c.o [1]
  .near_func.text    ro code  0x008d2d    0x8a  stm8s_clk.o [1]
  .near_func.text    ro code  0x008db7    0x7b  i2c.o [1]
  .near_func.text    ro code  0x008e32    0x77  ds1307.o [1]
  .near_func.text    ro code  0x008ea9    0x6e  rtc.o [1]
  .near_func.text    ro code  0x008f17    0x69  rtc.o [1]
  .near.rodata       const    0x008f80    0x68  stm8s_flash.o [1]
  .near.rodata       const    0x008fe8    0x68  stm8s_uart1.o [1]
  .near.rodata       const    0x009050    0x67  stm8s_gpio.o [1]
  .near.rodata       const    0x0090b7    0x67  stm8s_tim2.o [1]
  .near.rodata       const    0x00911e    0x66  stm8s_clk.o [1]
  .near.rodata       const    0x009184    0x66  stm8s_i2c.o [1]
  .near_func.text    ro code  0x0091ea    0x64  sht1x.o [1]
  .near_func.text    ro code  0x00924e    0x63  stm8s_uart1.o [1]
  .near_func.text    ro code  0x0092b1    0x5e  i2c.o [1]
  .near_func.text    ro code  0x00930f    0x5a  serialProtocol.o [1]
  .near_func.text    ro code  0x009369    0x55  StateMachine.o [1]
  .near_func.text    ro code  0x0093be    0x55  long_util.o [4]
  .near_func.text    ro code  0x009413    0x4f  stm8s_tim2.o [1]
  .near_func.text    ro code  0x009462    0x4a  device.o [1]
  .near_func.text    ro code  0x0094ac    0x4a  ds1307.o [1]
  .near_func.text    ro code  0x0094f6    0x4a  uart.o [1]
  .near_func.text    ro code  0x009540    0x47  rtc.o [1]
  .near_func.text    ro code  0x009587    0x47  sht1x.o [1]
  .near_func.text    ro code  0x0095ce    0x47  short.o [4]
  .near_func.text    ro code  0x009615    0x45  i2c.o [1]
  .near_func.text    ro code  0x00965a    0x44  device.o [1]
  .near_func.text    ro code  0x00969e    0x3b  sht1x.o [1]
  .near_func.text    ro code  0x0096d9    0x3b  stm8s_clk.o [1]
  .near_func.text    ro code  0x009714    0x39  StateMachine.o [1]
  .near_func.text    ro code  0x00974d    0x38  stm8s_clk.o [1]
  .near_func.text    ro code  0x009785    0x37  stm8s_tim2.o [1]
  .near_func.text    ro code  0x0097bc    0x34  rtc.o [1]
  .near_func.text    ro code  0x0097f0    0x34  serialProtocol.o [1]
  .near_func.text    ro code  0x009824    0x33  serialProtocol.o [1]
  .near_func.text    ro code  0x009857    0x33  stm8s_i2c.o [1]
  .near_func.text    ro code  0x00988a    0x33  uart.o [1]
  .near_func.text    ro code  0x0098bd    0x30  sht1x.o [1]
  .near_func.text    ro code  0x0098ed    0x2f  eeprom.o [1]
  .near_func.text    ro code  0x00991c    0x2e  sht1x.o [1]
  .near_func.text    ro code  0x00994a    0x2d  stm8s_i2c.o [1]
  .near_func.text    ro code  0x009977    0x2c  dc_util.o [4]
  .near_func.text    ro code  0x0099a3    0x28  stm8s_clk.o [1]
  .near_func.text    ro code  0x0099cb    0x28  uart.o [1]
  .near_func.text    ro code  0x0099f3    0x28  init_small.o [4]
  .near_func.text    ro code  0x009a1b    0x25  sht1x.o [1]
  .near_func.text    ro code  0x009a40    0x25  stm8s_i2c.o [1]
  .near_func.text    ro code  0x009a65    0x24  serialProtocol.o [1]
  .near_func.text    ro code  0x009a89    0x23  stm8s_flash.o [1]
  .near_func.text    ro code  0x009aac    0x23  uart.o [1]
  .near_func.text    ro code  0x009acf    0x21  i2c.o [1]
  .near_func.text    ro code  0x009af0    0x21  rtc.o [1]
  .iar.init_table    const    0x009b11    0x12  - Linker created -
  .near_func.text    ro code  0x009b23    0x20  stm8s_flash.o [1]
  .near_func.text    ro code  0x009b43    0x20  timer.o [1]
  .near_func.text    ro code  0x009b63    0x1e  stm8s_i2c.o [1]
  .near_func.text    ro code  0x009b81    0x1e  init_small.o [4]
  .near_func.text    ro code  0x009b9f    0x1c  stm8s_tim2.o [1]
  .near_func.text    ro code  0x009bbb    0x1a  serialProtocol.o [1]
  .near_func.text    ro code  0x009bd5    0x1a  stm8s_uart1.o [1]
  .near_func.text    ro code  0x009bef    0x19  eeprom.o [1]
  .near_func.text    ro code  0x009c08    0x18  sht1x.o [1]
  .near_func.text    ro code  0x009c20    0x18  uart.o [1]
  .near_func.text    ro code  0x009c38    0x16  device.o [1]
  .near_func.text    ro code  0x009c4e    0x16  stm8s_clk.o [1]
  .near_func.text    ro code  0x009c64    0x16  stm8s_i2c.o [1]
  .near_func.text    ro code  0x009c7a    0x16  stm8s_i2c.o [1]
  .near_func.text    ro code  0x009c90    0x16  stm8s_i2c.o [1]
  .near_func.text    ro code  0x009ca6    0x16  stm8s_tim2.o [1]
  .near_func.text    ro code  0x009cbc    0x15  sht1x.o [1]
  .near_func.text    ro code  0x009cd1    0x14  init.o [4]
  .near_func.text    ro code  0x009ce5    0x14  __dbg_xxexit.o [3]
  .near_func.text    ro code  0x009cf9    0x13  ds1307.o [1]
  .near_func.text    ro code  0x009d0c    0x13  serialProtocol.o [1]
  .near_func.text    ro code  0x009d1f    0x13  cstartup.o [4]
  .near_func.text    ro code  0x009d32    0x12  uart.o [1]
  .near_func.text    ro code  0x009d44    0x11  ds1307.o [1]
  .near_func.text    ro code  0x009d55    0x11  gpio.o [1]
  .near_func.text    ro code  0x009d66    0x10  sht1x.o [1]
  .near_func.text    ro code  0x009d76    0x10  stm8s_flash.o [1]
  .near_func.text    ro code  0x009d86    0x10  stm8s_flash.o [1]
  .near_func.text    ro code  0x009d96     0xe  rtc.o [1]
  .near_func.text    ro code  0x009da4     0xd  stm8s_uart1.o [1]
  .near_func.text    ro code  0x009db1     0xc  gpio.o [1]
  .near_func.text    ro code  0x009dbd     0xc  i2c.o [1]
  .near_func.text    ro code  0x009dc9     0xc  sht1x.o [1]
  .near_func.text    ro code  0x009dd5     0xc  sht1x.o [1]
  .near_func.text    ro code  0x009de1     0xc  sht1x.o [1]
  .near_func.text    ro code  0x009ded     0xb  device.o [1]
  .near_func.text    ro code  0x009df8     0xb  eeprom.o [1]
  .near_func.text    ro code  0x009e03     0xb  main.o [1]
  .near_func.text    ro code  0x009e0e     0xb  rtc.o [1]
  .near_func.text    ro code  0x009e19     0xb  rtc.o [1]
  .near_func.text    ro code  0x009e24     0xb  rtc.o [1]
  .near_func.text    ro code  0x009e2f     0xb  sht1x.o [1]
  .near_func.text    ro code  0x009e3a     0xb  stm8s_clk.o [1]
  .near_func.text    ro code  0x009e45     0xb  stm8s_flash.o [1]
  .near_func.text    ro code  0x009e50     0xb  stm8s_gpio.o [1]
  .near_func.text    ro code  0x009e5b     0xb  stm8s_i2c.o [1]
  .near_func.text    ro code  0x009e66     0xb  stm8s_tim2.o [1]
  .near_func.text    ro code  0x009e71     0xb  stm8s_uart1.o [1]
  .near_func.text    ro code  0x009e7c     0xa  eeprom.o [1]
  .near_func.text    ro code  0x009e86     0xa  rtc.o [1]
  .near_func.text    ro code  0x009e90     0xa  sht1x.o [1]
  .near_func.text    ro code  0x009e9a     0x9  ds1307.o [1]
  .near_func.text    ro code  0x009ea3     0x9  eeprom.o [1]
  .near_func.text    ro code  0x009eac     0x9  eeprom.o [1]
  .near_func.text    ro code  0x009eb5     0x9  i2c.o [1]
  .near_func.text    ro code  0x009ebe     0x9  rtc.o [1]
  .near_func.text    ro code  0x009ec7     0x9  sht1x.o [1]
  .near_func.text    ro code  0x009ed0     0x9  sht1x.o [1]
  .near_func.text    ro code  0x009ed9     0x9  stm8s_clk.o [1]
  .near_func.text    ro code  0x009ee2     0x9  stm8s_i2c.o [1]
  .near_func.text    ro code  0x009eeb     0x9  stm8s_i2c.o [1]
  .near_func.text    ro code  0x009ef4     0x9  stm8s_tim2.o [1]
  .near_func.text    ro code  0x009efd     0x9  stm8s_tim2.o [1]
  .near_func.text    ro code  0x009f06     0x9  stm8s_uart1.o [1]
  .near_func.text    ro code  0x009f0f     0x9  timer.o [1]
  .near_func.text    ro code  0x009f18     0x8  rtc.o [1]
  .near_func.text    ro code  0x009f20     0x8  sht1x.o [1]
  .near_func.text    ro code  0x009f28     0x8  stm8s_uart1.o [1]
  .near_func.text    ro code  0x009f30     0x8  stm8s_uart1.o [1]
  .near_func.text    ro code  0x009f38     0x7  ds1307.o [1]
  .near_func.text    ro code  0x009f3f     0x7  stm8s_gpio.o [1]
  .near_func.text    ro code  0x009f46     0x7  stm8s_gpio.o [1]
  .near_func.text    ro code  0x009f4d     0x7  stm8s_tim2.o [1]
  .near_func.text    ro code  0x009f54     0x6  i2c.o [1]
  .near_func.text    ro code  0x009f5a     0x6  rtc.o [1]
  .near_func.text    ro code  0x009f60     0x6  sht1x.o [1]
  .near_func.text    ro code  0x009f66     0x6  sht1x.o [1]
  .near_func.text    ro code  0x009f6c     0x6  sht1x.o [1]
  .near_func.text    ro code  0x009f72     0x6  stm8s_flash.o [1]
  .near_func.text    ro code  0x009f78     0x6  stm8s_flash.o [1]
  .near_func.text    ro code  0x009f7e     0x6  stm8s_uart1.o [1]
  .near_func.text    ro code  0x009f84     0x5  eeprom.o [1]
  .near_func.text    ro code  0x009f89     0x5  timer.o [1]
  .near_func.text    ro code  0x009f8e     0x5  cexit.o [4]
  .near.rodata       const    0x009f93     0x4  stm8s_clk.o [1]
  .near_func.text    ro code  0x009f97     0x4  i2c.o [1]
  .near_func.text    ro code  0x009f9b     0x4  sht1x.o [1]
  .near_func.text    ro code  0x009f9f     0x4  sht1x.o [1]
  .near_func.text    ro code  0x009fa3     0x4  stm8s_gpio.o [1]
  .near_func.text    ro code  0x009fa7     0x4  stm8s_i2c.o [1]
  .near_func.text    ro code  0x009fab     0x4  stm8s_i2c.o [1]
  .near_func.text    ro code  0x009faf     0x4  stm8s_uart1.o [1]
  .near_func.text    ro code  0x009fb3     0x4  stm8s_uart1.o [1]
  .near_func.text    ro code  0x009fb7     0x3  gpio.o [1]
  .near_func.text    ro code  0x009fba     0x3  interrupt.o [4]
  .near_func.text    ro code  0x009fbd     0x3  low_level_init.o [4]
  .near_func.text    ro code  0x009fc0     0x3  exit.o [4]
  .near_func.text    ro code  0x009fc3     0x3  unhandled_exception.o [4]
  Initializer bytes  const    0x009fc6     0x3  <for P2-1>
  .near_func.text    ro code  0x009fc9     0x1  main.o [1]
  .near_func.text    ro code  0x009fca     0x1  __dbg_break.o [3]
                            - 0x009fcb  0x1f4b


*******************************************************************************
*** INIT TABLE
***

          Address   Size
          -------   ----
Zero (__iar_zero_init2)
    1 destination range, total size 0x9b:
          0x000013  0x9b

Copy (__iar_copy_init2)
    1 source range, total size 0x3:
          0x009fc6   0x3
    1 destination range, total size 0x3:
          0x000010   0x3



*******************************************************************************
*** MODULE SUMMARY
***

    Module                 ro code  ro data  rw data
    ------                 -------  -------  -------
E:\workspaceNew\FLEA\SP0 - WiFarm\02_Output\Mini-ver\STM8S103_UpdateFrame\1_Project\Debug\Obj: [1]
    StateMachine.o             368        2       17
    device.o                   175
    ds1307.o                   245
    eeprom.o                   116
    gpio.o                      32
    i2c.o                      350
    main.o                      12
    rtc.o                      649                11
    serialProtocol.o           274
    sht1x.o                    531
    stm8s_clk.o                335      106
    stm8s_flash.o              122      104
    stm8s_gpio.o               202      103
    stm8s_i2c.o                910      102
    stm8s_tim2.o               220      103
    stm8s_uart1.o              775      104
    timer.o                     46
    uart.o                     242        1      130
    ------------------------------------------------
    Total:                   5 604      625      158

command line: [2]
    ------------------------------------------------
    Total:

dbgstm8smd.a: [3]
    __dbg_break.o                1
    __dbg_xxexit.o              20
    ------------------------------------------------
    Total:                      21

dlstm8smn.a: [4]
    cexit.o                      5
    cstartup.o                  19
    dc_util.o                   44
    exit.o                       3
    float.o                    714
    init.o                      20
    init_small.o                70
    interrupt.o                  3      128
    long.o                     422
    long_util.o                 85
    low_level_init.o             3
    short.o                     71
    unhandled_exception.o        3
    vreg_util.o                281
    vregs.o                                       16
    ------------------------------------------------
    Total:                   1 743      128       16

    Linker created                       18      256
----------------------------------------------------
    Grand Total:             7 368      771      430


*******************************************************************************
*** ENTRY LIST
***

Entry                    Address   Size  Type      Object
-----                    -------   ----  ----      ------
.iar.init_table$$Base   0x009b11          --   Gb  - Linker created -
.iar.init_table$$Limit  0x009b23          --   Gb  - Linker created -
?add32_l0_l0_0x         0x008539         Code  Gb  long.o [4]
?add32_l0_l0_dl         0x008531         Code  Gb  long.o [4]
?add32_l0_l0_l1         0x008536         Code  Gb  long.o [4]
?b0                     0x000000         Data  Gb  vregs.o [4]
?b1                     0x000001         Data  Gb  vregs.o [4]
?b10                    0x00000a         Data  Gb  vregs.o [4]
?b11                    0x00000b         Data  Gb  vregs.o [4]
?b12                    0x00000c         Data  Gb  vregs.o [4]
?b13                    0x00000d         Data  Gb  vregs.o [4]
?b14                    0x00000e         Data  Gb  vregs.o [4]
?b15                    0x00000f         Data  Gb  vregs.o [4]
?b2                     0x000002         Data  Gb  vregs.o [4]
?b3                     0x000003         Data  Gb  vregs.o [4]
?b4                     0x000004         Data  Gb  vregs.o [4]
?b5                     0x000005         Data  Gb  vregs.o [4]
?b6                     0x000006         Data  Gb  vregs.o [4]
?b7                     0x000007         Data  Gb  vregs.o [4]
?b8                     0x000008         Data  Gb  vregs.o [4]
?b9                     0x000009         Data  Gb  vregs.o [4]
?dc32_l0                0x00997e         Code  Gb  dc_util.o [4]
?dc32_l1                0x00998b         Code  Gb  dc_util.o [4]
?dc32_px                0x009998         Code  Gb  dc_util.o [4]
?dc8_px                 0x009977         Code  Gb  dc_util.o [4]
?dec32_0x_0x            0x00851d         Code  Gb  long.o [4]
?dec32_l0_l0            0x008513         Code  Gb  long.o [4]
?dec32_l2_l2            0x008518         Code  Gb  long.o [4]
?e0                     0x000001         Data  Gb  vregs.o [4]
?e1                     0x000005         Data  Gb  vregs.o [4]
?e2                     0x000009         Data  Gb  vregs.o [4]
?e3                     0x00000d         Data  Gb  vregs.o [4]
?epilogue_l2            0x00889c         Code  Gb  vreg_util.o [4]
?epilogue_l2_l3         0x008899         Code  Gb  vreg_util.o [4]
?epilogue_l2_w6         0x0088a0         Code  Gb  vreg_util.o [4]
?epilogue_w4            0x0088a7         Code  Gb  vreg_util.o [4]
?fadd32_l0_l0_dc32      0x00809d         Code  Gb  float.o [4]
?fadd32_l0_l0_l1        0x0080a2         Code  Gb  float.o [4]
?fcastf32u16_l0_x       0x00820a         Code  Gb  float.o [4]
?fcasts16f32_x_l0       0x008228         Code  Gb  float.o [4]
?fmul32_l0_l0_dc32      0x008170         Code  Gb  float.o [4]
?fmul32_l0_l0_l1        0x008175         Code  Gb  float.o [4]
?inc32_0x_0x            0x008505         Code  Gb  long.o [4]
?inc32_l0_l0            0x008500         Code  Gb  long.o [4]
?l0                     0x000000         Data  Gb  vregs.o [4]
?l1                     0x000004         Data  Gb  vregs.o [4]
?l2                     0x000008         Data  Gb  vregs.o [4]
?l3                     0x00000c         Data  Gb  vregs.o [4]
?load32_0x_l0           0x0093f7         Code  Gb  long_util.o [4]
?load32_0x_l2           0x009405         Code  Gb  long_util.o [4]
?load32_asp_l0          0x0093eb         Code  Gb  long_util.o [4]
?load32_dbsp_l0         0x0093e6         Code  Gb  long_util.o [4]
?load32_l0_0x           0x0093ce         Code  Gb  long_util.o [4]
?load32_l0_asp          0x0093c3         Code  Gb  long_util.o [4]
?load32_l0_dbsp         0x0093be         Code  Gb  long_util.o [4]
?load32_l0_xsp          0x0093c5         Code  Gb  long_util.o [4]
?load32_l1_0x           0x0093da         Code  Gb  long_util.o [4]
?load32_xsp_l0          0x0093ed         Code  Gb  long_util.o [4]
?mov_e0_e1              0x0088b5         Code  Gb  vreg_util.o [4]
?mov_e0_e2              0x0088c2         Code  Gb  vreg_util.o [4]
?mov_e0_e3              0x0088cf         Code  Gb  vreg_util.o [4]
?mov_e1_e0              0x0088dc         Code  Gb  vreg_util.o [4]
?mov_e1_e2              0x0088e9         Code  Gb  vreg_util.o [4]
?mov_e1_e3              0x0088f6         Code  Gb  vreg_util.o [4]
?mov_e2_e0              0x008903         Code  Gb  vreg_util.o [4]
?mov_e3_e0              0x008910         Code  Gb  vreg_util.o [4]
?mov_l0_l1              0x0088b2         Code  Gb  vreg_util.o [4]
?mov_l0_l2              0x0088bf         Code  Gb  vreg_util.o [4]
?mov_l0_l3              0x0088cc         Code  Gb  vreg_util.o [4]
?mov_l1_l0              0x0088d9         Code  Gb  vreg_util.o [4]
?mov_l1_l2              0x0088e6         Code  Gb  vreg_util.o [4]
?mov_l1_l3              0x0088f3         Code  Gb  vreg_util.o [4]
?mov_l2_l0              0x008900         Code  Gb  vreg_util.o [4]
?mov_l3_l0              0x00890d         Code  Gb  vreg_util.o [4]
?mov_w1_w3              0x0088b8         Code  Gb  vreg_util.o [4]
?mov_w1_w5              0x0088c5         Code  Gb  vreg_util.o [4]
?mov_w1_w7              0x0088d2         Code  Gb  vreg_util.o [4]
?mov_w3_w1              0x0088df         Code  Gb  vreg_util.o [4]
?mov_w3_w5              0x0088ec         Code  Gb  vreg_util.o [4]
?mov_w3_w7              0x0088f9         Code  Gb  vreg_util.o [4]
?mov_w4_w6              0x0088ab         Code  Gb  vreg_util.o [4]
?mov_w5_w1              0x008906         Code  Gb  vreg_util.o [4]
?mov_w7_w1              0x008913         Code  Gb  vreg_util.o [4]
?mul16_x_x_w0           0x0095ce         Code  Gb  short.o [4]
?mul32_l0_l0_0x         0x00856f         Code  Gb  long.o [4]
?mul32_l0_l0_dl         0x00856c         Code  Gb  long.o [4]
?mul32_l0_l0_l1         0x008578         Code  Gb  long.o [4]
?pop_l0                 0x008865         Code  Gb  vreg_util.o [4]
?pop_l1                 0x008870         Code  Gb  vreg_util.o [4]
?pop_l2                 0x00887b         Code  Gb  vreg_util.o [4]
?pop_l3                 0x008886         Code  Gb  vreg_util.o [4]
?pop_w4                 0x00881e         Code  Gb  vreg_util.o [4]
?pop_w6                 0x008825         Code  Gb  vreg_util.o [4]
?push_l0                0x008834         Code  Gb  vreg_util.o [4]
?push_l1                0x008839         Code  Gb  vreg_util.o [4]
?push_l2                0x00883e         Code  Gb  vreg_util.o [4]
?push_l3                0x008843         Code  Gb  vreg_util.o [4]
?push_w4                0x008801         Code  Gb  vreg_util.o [4]
?push_w6                0x008806         Code  Gb  vreg_util.o [4]
?sdiv16_x_x_y           0x0095ec         Code  Gb  short.o [4]
?sext32_l0_x            0x00869b         Code  Gb  long.o [4]
?sll16_x_x_a            0x009605         Code  Gb  short.o [4]
?sll32_0x_0x_a          0x00868d         Code  Gb  long.o [4]
?sll32_l0_l0_a          0x00868a         Code  Gb  long.o [4]
?sll32_l0_l0_db         0x008686         Code  Gb  long.o [4]
?srl16_x_x_4            0x009610         Code  Gb  short.o [4]
?srl16_x_x_5            0x00960f         Code  Gb  short.o [4]
?srl16_x_x_6            0x00960e         Code  Gb  short.o [4]
?srl16_x_x_7            0x00960d         Code  Gb  short.o [4]
?sub32_l0_l0_0x         0x008554         Code  Gb  long.o [4]
?sub32_l0_l0_l1         0x008551         Code  Gb  long.o [4]
?ucmp32_c_l0_0x         0x00866b         Code  Gb  long.o [4]
?ucmp32_c_l0_l1         0x00867b         Code  Gb  long.o [4]
?udiv32_l0_dl_l1        0x0085f6         Code  Gb  long.o [4]
?udiv32_l0_l0_dl        0x0085fb         Code  Gb  long.o [4]
?udiv32_l0_l0_l1        0x0085fe         Code  Gb  long.o [4]
?umod32_l1_l0_l1        0x0085fe         Code  Gb  long.o [4]
?w0                     0x000000         Data  Gb  vregs.o [4]
?w1                     0x000002         Data  Gb  vregs.o [4]
?w2                     0x000004         Data  Gb  vregs.o [4]
?w3                     0x000006         Data  Gb  vregs.o [4]
?w4                     0x000008         Data  Gb  vregs.o [4]
?w5                     0x00000a         Data  Gb  vregs.o [4]
?w6                     0x00000c         Data  Gb  vregs.o [4]
?w7                     0x00000e         Data  Gb  vregs.o [4]
BCD2INT                 0x009cf9   0x13  Code  Gb  ds1307.o [1]
CLK_AdjustHSICalibrationValue
                        0x00974d   0x38  Code  Gb  stm8s_clk.o [1]
CLK_GetClockFreq        0x0096d9   0x3b  Code  Gb  stm8s_clk.o [1]
CLK_HSICmd              0x009c4e   0x16  Code  Gb  stm8s_clk.o [1]
CLK_HSIPrescalerConfig  0x0099a3   0x28  Code  Gb  stm8s_clk.o [1]
CLK_PeripheralClockConfig
                        0x008d2d   0x8a  Code  Gb  stm8s_clk.o [1]
CSTACK$$Base            0x000300          --   Gb  - Linker created -
CSTACK$$Limit           0x000400          --   Gb  - Linker created -
FLASH_ReadByte          0x009a89   0x23  Code  Gb  stm8s_flash.o [1]
FLASH_Unlock            0x009b23   0x20  Code  Gb  stm8s_flash.o [1]
GPIO_Init               0x008ac2   0xad  Code  Gb  stm8s_gpio.o [1]
GPIO_ReadInputPin       0x009f46    0x7  Code  Gb  stm8s_gpio.o [1]
GPIO_WriteHigh          0x009f3f    0x7  Code  Gb  stm8s_gpio.o [1]
GPIO_WriteLow           0x009fa3    0x4  Code  Gb  stm8s_gpio.o [1]
HSIDivFactor            0x009f93    0x4  Data  Gb  stm8s_clk.o [1]
I2C_AcknowledgeConfig   0x009857   0x33  Code  Gb  stm8s_i2c.o [1]
I2C_CheckEvent          0x008b6f   0x9b  Code  Gb  stm8s_i2c.o [1]
I2C_Cmd                 0x009c64   0x16  Code  Gb  stm8s_i2c.o [1]
I2C_DeInit              0x009a40   0x25  Code  Gb  stm8s_i2c.o [1]
I2C_GenerateSTART       0x009c7a   0x16  Code  Gb  stm8s_i2c.o [1]
I2C_GenerateSTOP        0x009c90   0x16  Code  Gb  stm8s_i2c.o [1]
I2C_GetFlagStatus       0x008c9f   0x8e  Code  Gb  stm8s_i2c.o [1]
I2C_GetLastEvent        0x009b63   0x1e  Code  Gb  stm8s_i2c.o [1]
I2C_Init                0x0086a6  0x15b  Code  Gb  stm8s_i2c.o [1]
I2C_ReceiveData         0x009fa7    0x4  Code  Gb  stm8s_i2c.o [1]
I2C_Send7bitAddress     0x00994a   0x2d  Code  Gb  stm8s_i2c.o [1]
I2C_SendData            0x009fab    0x4  Code  Gb  stm8s_i2c.o [1]
INT2BCD                 0x009d44   0x11  Code  Gb  ds1307.o [1]
INTVEC$$Base            0x008000          --   Gb  - Linker created -
INTVEC$$Limit           0x008080          --   Gb  - Linker created -
Region$$Table$$Base     0x009b11          --   Gb  - Linker created -
Region$$Table$$Limit    0x009b23          --   Gb  - Linker created -
TIM2_ClearITPendingBit  0x009b9f   0x1c  Code  Gb  stm8s_tim2.o [1]
TIM2_Cmd                0x009ca6   0x16  Code  Gb  stm8s_tim2.o [1]
TIM2_DeInit             0x009413   0x4f  Code  Gb  stm8s_tim2.o [1]
TIM2_ITConfig           0x009785   0x37  Code  Gb  stm8s_tim2.o [1]
TIM2_TimeBaseInit       0x009f4d    0x7  Code  Gb  stm8s_tim2.o [1]
UART1_ClearITPendingBit
                        0x009bd5   0x1a  Code  Gb  stm8s_uart1.o [1]
UART1_Cmd               0x009da4    0xd  Code  Gb  stm8s_uart1.o [1]
UART1_GetFlagStatus     0x00924e   0x63  Code  Gb  stm8s_uart1.o [1]
UART1_ITConfig          0x008c0a   0x95  Code  Gb  stm8s_uart1.o [1]
UART1_Init              0x00834a  0x1b6  Code  Gb  stm8s_uart1.o [1]
UART1_ReceiveData8      0x009faf    0x4  Code  Gb  stm8s_uart1.o [1]
UART1_SendData8         0x009fb3    0x4  Code  Gb  stm8s_uart1.o [1]
__DebugBreak            0x009fca    0x1  Code  Gb  __dbg_break.o [3]
__exit                  0x009ce5   0x14  Code  Gb  __dbg_xxexit.o [3]
__iar_copy_init2        0x0099f3         Code  Gb  init_small.o [4]
__iar_data_init2        0x009cd1   0x14  Code  Gb  init.o [4]
__iar_program_start     0x009d1f         Code  Gb  cstartup.o [4]
__iar_unhandled_exception
                        0x009fc3         Code  Gb  unhandled_exception.o [4]
__iar_zero_init2        0x009b81         Code  Gb  init_small.o [4]
__intvec                0x008000         Data  Gb  interrupt.o [4]
__low_level_init        0x009fbd    0x3  Code  Gb  low_level_init.o [4]
_exit                   0x009f8e         Code  Gb  cexit.o [4]
_interrupt_15           0x009540         Code  Gb  rtc.o [1]
_interrupt_20           0x0094f6         Code  Gb  uart.o [1]
_rtc_status             0x0000aa    0x1  Data  Gb  rtc.o [1]
_timer_status           0x0000ab    0x1  Data  Gb  rtc.o [1]
assert_failed           0x009fc9    0x1  Code  Gb  main.o [1]
deviceControl           0x009462   0x4a  Code  Gb  device.o [1]
deviceInit              0x009c38   0x16  Code  Gb  device.o [1]
deviceRead              0x00965a   0x44  Code  Gb  device.o [1]
ds1307Read              0x0094ac   0x4a  Code  Gb  ds1307.o [1]
ds1307SetTime           0x008e32   0x77  Code  Gb  ds1307.o [1]
eepromAddrCheck         0x009bef   0x19  Code  Gb  eeprom.o [1]
eepromInit              0x009f84    0x5  Code  Gb  eeprom.o [1]
eepromRead              0x0098ed   0x2f  Code  Gb  eeprom.o [1]
exit                    0x009fc0    0x3  Code  Gb  exit.o [4]
gBufferUART             0x000013   0x80  Data  Gb  uart.o [1]
gSerialRxFrame          0x000093    0xb  Data  Gb  StateMachine.o [1]
gState                  0x000010    0x2  Data  Gb  StateMachine.o [1]
gTaskNum                0x0000ac    0x1  Data  Gb  rtc.o [1]
gTaskSecond             0x0000a2    0x4  Data  Gb  rtc.o [1]
gTimerSecond            0x00009e    0x4  Data  Gb  rtc.o [1]
gpioPinMode             0x009fb7    0x3  Code  Gb  gpio.o [1]
gpioReadPin             0x009db1    0xc  Code  Gb  gpio.o [1]
gpioWritePin            0x009d55   0x11  Code  Gb  gpio.o [1]
i2cBeginTransmission    0x0092b1   0x5e  Code  Gb  i2c.o [1]
i2cEndTransmission      0x009f97    0x4  Code  Gb  i2c.o [1]
i2cInit                 0x009615   0x45  Code  Gb  i2c.o [1]
i2cRequestFrom          0x008db7   0x7b  Code  Gb  i2c.o [1]
i2cWrite                0x009acf   0x21  Code  Gb  i2c.o [1]
main                    0x009e03    0xb  Code  Gb  main.o [1]
pBufferUARTRead         0x0000ad    0x1  Data  Gb  uart.o [1]
pBufferUARTWrite        0x000012    0x1  Data  Gb  uart.o [1]
rtcDoTask               0x008ea9   0x6e  Code  Gb  rtc.o [1]
rtcGetTimerSecond       0x009f5a    0x6  Code  Gb  rtc.o [1]
rtcInit                 0x009af0   0x21  Code  Gb  rtc.o [1]
rtcReadTask             0x0089fc   0xc6  Code  Gb  rtc.o [1]
rtcSecondCounter        0x009540   0x47  Code  Gb  rtc.o [1]
rtcSetRealTime          0x0097bc   0x34  Code  Gb  rtc.o [1]
rtcSetRunningTask       0x008f17   0x69  Code  Gb  rtc.o [1]
rtcTimerRun             0x009d96    0xe  Code  Gb  rtc.o [1]
serialCheckFrame        0x0097f0   0x34  Code  Gb  serialProtocol.o [1]
serialClearFrame        0x009824   0x33  Code  Gb  serialProtocol.o [1]
serialGetFrame          0x00930f   0x5a  Code  Gb  serialProtocol.o [1]
serialSendDeviceStatus  0x009a65   0x24  Code  Gb  serialProtocol.o [1]
serialSendErr           0x009bbb   0x1a  Code  Gb  serialProtocol.o [1]
serialSendFrame         0x009d0c   0x13  Code  Gb  serialProtocol.o [1]
shtCheckACK             0x009cbc   0x15  Code  Lc  sht1x.o [1]
shtCmd                  0x0098bd   0x30  Code  Lc  sht1x.o [1]
shtInit                 0x009c08   0x18  Code  Gb  sht1x.o [1]
shtReadHumid            0x0091ea   0x64  Code  Gb  sht1x.o [1]
shtReadRaw              0x009587   0x47  Code  Lc  sht1x.o [1]
shtReadTemp             0x00969e   0x3b  Code  Gb  sht1x.o [1]
shtStart                0x00991c   0x2e  Code  Lc  sht1x.o [1]
shtWaitConvert          0x009a1b   0x25  Code  Lc  sht1x.o [1]
stateCmd                0x008999   0x4b  Code  Gb  StateMachine.o [1]
stateDevice             0x008944   0x4f  Code  Gb  StateMachine.o [1]
stateInit               0x009714   0x39  Code  Gb  StateMachine.o [1]
stateMachine            0x0089e4   0x18  Code  Gb  StateMachine.o [1]
stateSensor             0x00891a   0x2a  Code  Gb  StateMachine.o [1]
stateUpdate             0x009369   0x55  Code  Gb  StateMachine.o [1]
stateUpdate::vSensorTime
                        0x0000a6    0x4  Data  Lc  StateMachine.o [1]
timerInit               0x009b43   0x20  Code  Gb  timer.o [1]
timerIntEnable          0x009f0f    0x9  Code  Gb  timer.o [1]
timerIntFlagClear       0x009f89    0x5  Code  Gb  timer.o [1]
uartAvailable           0x009d32   0x12  Code  Gb  uart.o [1]
uartInit                0x00988a   0x33  Code  Gb  uart.o [1]
uartRead                0x0099cb   0x28  Code  Gb  uart.o [1]
uartRxIntHandler        0x0094f6   0x4a  Code  Gb  uart.o [1]
uartWrite               0x009aac   0x23  Code  Gb  uart.o [1]
uartWriteByte           0x009c20   0x18  Code  Gb  uart.o [1]


[1] = E:\workspaceNew\FLEA\SP0 - WiFarm\02_Output\Mini-ver\STM8S103_UpdateFrame\1_Project\Debug\Obj
[2] = command line
[3] = dbgstm8smd.a
[4] = dlstm8smn.a

  7 368 bytes of readonly  code memory
    771 bytes of readonly  data memory
    430 bytes of readwrite data memory

Errors: none
Warnings: none
